
=== MODULAR ANCHOR re-validation  (lambda=1, known odd r1=9.533695) ===
    r=9.2837  sigma_min=3.2748e-01
    r=9.3087  sigma_min=3.0033e-01
    r=9.3337  sigma_min=2.7167e-01
    r=9.3587  sigma_min=2.4153e-01
    r=9.3837  sigma_min=2.0999e-01
    r=9.4087  sigma_min=1.7715e-01
    r=9.4337  sigma_min=1.4315e-01
    r=9.4587  sigma_min=1.0820e-01
    r=9.4837  sigma_min=7.2517e-02
    r=9.5087  sigma_min=3.6358e-02
    r=9.5337  sigma_min=3.8014e-07
    r=9.5587  sigma_min=3.6274e-02
    r=9.5837  sigma_min=7.2189e-02
    r=9.6087  sigma_min=1.0749e-01
    r=9.6337  sigma_min=1.4195e-01
    r=9.6587  sigma_min=1.7537e-01
    r=9.6837  sigma_min=2.0761e-01
    r=9.7087  sigma_min=2.3855e-01
    r=9.7337  sigma_min=2.6811e-01
    r=9.7587  sigma_min=2.9626e-01
    r=9.7837  sigma_min=3.2296e-01
   --> modular r* = 9.53372   sigma_min = 4.276e-05   (known 9.533695, diff=+0.00003)

=== G_8  lambda=1.8477590650  kappa=3.400435  FD corner y=0.382683 ===

--- G_8 scan around TO r~5.798144  (M=19,Q=46,Y0=0.3) ---
    r=5.4981  sigma_min=4.2093e-01
    r=5.5231  sigma_min=4.0356e-01
    r=5.5481  sigma_min=3.8363e-01
    r=5.5731  sigma_min=3.6082e-01
    r=5.5981  sigma_min=3.3474e-01
    r=5.6231  sigma_min=3.0495e-01
    r=5.6481  sigma_min=2.7092e-01
    r=5.6731  sigma_min=2.3204e-01
    r=5.6981  sigma_min=1.8764e-01
    r=5.7231  sigma_min=1.3700e-01
    r=5.7481  sigma_min=8.0021e-02
    r=5.7731  sigma_min=2.2033e-02
    r=5.7981  sigma_min=9.7272e-08
    r=5.8231  sigma_min=4.6061e-02
    r=5.8481  sigma_min=1.1112e-01
    r=5.8731  sigma_min=1.7503e-01
    r=5.8981  sigma_min=2.3287e-01
    r=5.9231  sigma_min=2.8231e-01
    r=5.9481  sigma_min=3.2204e-01
    r=5.9731  sigma_min=3.5163e-01
    r=5.9981  sigma_min=3.7132e-01
    r=6.0231  sigma_min=3.8171e-01
    r=6.0481  sigma_min=3.8355e-01
    r=6.0731  sigma_min=3.7751e-01
    r=6.0981  sigma_min=3.6414e-01
   --> G_8 r* = 5.79817   sigma_min = 2.140e-05   (TO=5.798144, diff=+0.00003)

--- G_8 scan around TO r~7.767443  (M=21,Q=50,Y0=0.3) ---
    r=7.4674  sigma_min=1.2908e-01
    r=7.4924  sigma_min=9.7652e-02
    r=7.5174  sigma_min=6.9949e-02
    r=7.5424  sigma_min=4.6034e-02
    r=7.5674  sigma_min=2.5911e-02
    r=7.5924  sigma_min=9.5568e-03
    r=7.6174  sigma_min=3.0583e-03
    r=7.6424  sigma_min=1.1955e-02
    r=7.6674  sigma_min=1.7135e-02
    r=7.6924  sigma_min=1.8581e-02
    r=7.7174  sigma_min=1.6250e-02
    r=7.7424  sigma_min=1.0080e-02
    r=7.7674  sigma_min=2.4387e-07
    r=7.7924  sigma_min=1.4054e-02
    r=7.8174  sigma_min=3.2100e-02
    r=7.8424  sigma_min=5.4041e-02
    r=7.8674  sigma_min=7.9518e-02
    r=7.8924  sigma_min=1.0760e-01
    r=7.9174  sigma_min=1.3602e-01
    r=7.9424  sigma_min=1.5951e-01
    r=7.9674  sigma_min=1.6811e-01
    r=7.9924  sigma_min=1.5375e-01
    r=8.0174  sigma_min=1.2149e-01
    r=8.0424  sigma_min=8.1243e-02
    r=8.0674  sigma_min=3.9465e-02
   --> G_8 r* = 7.76741   sigma_min = 1.406e-05   (TO=7.767443, diff=-0.00003)

--- G_8 HEIGHT-INDEPENDENCE check: r1 at Y0=0.24 (M=21,Q=50) ---
    r=5.5981  sigma_min=2.8727e-01
    r=5.6231  sigma_min=2.4344e-01
    r=5.6481  sigma_min=1.9546e-01
    r=5.6731  sigma_min=1.4394e-01
    r=5.6981  sigma_min=9.1556e-02
    r=5.7231  sigma_min=4.3568e-02
    r=5.7481  sigma_min=8.5754e-03
    r=5.7731  sigma_min=4.9503e-03
    r=5.7981  sigma_min=5.7357e-08
    r=5.8231  sigma_min=1.3430e-02
    r=5.8481  sigma_min=2.9113e-02
    r=5.8731  sigma_min=4.4377e-02
    r=5.8981  sigma_min=5.8094e-02
    r=5.9231  sigma_min=6.9742e-02
    r=5.9481  sigma_min=7.9048e-02
    r=5.9731  sigma_min=8.5820e-02
    r=5.9981  sigma_min=8.9841e-02
   --> G_8 r1 at Y0=0.24: r*=5.79817  sigma_min=1.259e-05

=== G_5 r_3  lambda=1.6180339887  kappa=3.883222 ===
--- G_5 scan around TO r_3~10.13645  (M=19,Q=46,Y0=0.5) ---
    r=9.8364  sigma_min=1.1856e-01
    r=9.8614  sigma_min=1.0239e-01
    r=9.8864  sigma_min=8.7036e-02
    r=9.9114  sigma_min=7.2669e-02
    r=9.9364  sigma_min=5.9413e-02
    r=9.9614  sigma_min=4.7353e-02
    r=9.9864  sigma_min=3.6549e-02
    r=10.0114  sigma_min=2.7045e-02
    r=10.0365  sigma_min=1.8870e-02
    r=10.0615  sigma_min=1.2053e-02
    r=10.0864  sigma_min=6.6171e-03
    r=10.1114  sigma_min=2.5892e-03
    r=10.1364  sigma_min=3.5205e-08
    r=10.1615  sigma_min=1.1132e-03
    r=10.1865  sigma_min=7.0421e-04
    r=10.2114  sigma_min=1.2835e-03
    r=10.2364  sigma_min=4.9192e-03
    r=10.2614  sigma_min=1.0286e-02
    r=10.2865  sigma_min=1.7484e-02
    r=10.3115  sigma_min=2.6629e-02
    r=10.3365  sigma_min=3.7858e-02
    r=10.3615  sigma_min=5.1323e-02
    r=10.3864  sigma_min=6.7195e-02
    r=10.4115  sigma_min=8.5655e-02
    r=10.4365  sigma_min=1.0688e-01
   --> G_5 r_3* = 10.13642   sigma_min = 2.170e-06   (TO=10.13645, diff=-0.00003)

Wrote /Users/za/Documents/farey-hecke/code/out/hejhal_g8_maass.json

================ SUMMARY ================
  MODULAR  known r=9.533695  Hejhal r*=9.53372  diff=+0.00003  sigma_min=4.28e-05
  G_8  TO r= 5.79814  Hejhal r*=5.79817  diff=+0.00003  sigma_min=2.14e-05
  G_8  TO r= 7.76744  Hejhal r*=7.76741  diff=-0.00003  sigma_min=1.41e-05
  G_8  height-indep r1: Y0=0.3 -> 5.79817 | Y0=0.24 -> 5.79817  shift=+0.00e+00
  G_5  TO r3=10.13645  Hejhal r*=10.13642  diff=-0.00003  sigma_min=2.17e-06
