=== modular anchor revalidation (SL(2,Z), high-r sizing) ===
  SL(2,Z) odd r1: known 9.533695, Hejhal r*=9.53372 (diff +0.00003, sigma_min 2.50e-05, M=15,Q=38)
[scan-cache] reusing /Users/za/Documents/farey-hecke/code/out/que_g5_highr_scancache.json (4 segments)

=== scan segment r in [16.0,18.0] Y0=0.42 M=21 Q=50 (CACHED 34 pts) ===
    -> DIP candidate r~16.727 sigma_min=2.360e-01 (window [16.667,16.788])
    -> DIP candidate r~16.909 sigma_min=1.155e-02 (window [16.848,16.970])
    -> DIP candidate r~17.030 sigma_min=9.838e-02 (window [16.970,17.091])
    -> DIP candidate r~17.273 sigma_min=1.530e-01 (window [17.212,17.333])
    -> DIP candidate r~17.515 sigma_min=5.894e-03 (window [17.455,17.576])
    -> DIP candidate r~17.576 sigma_min=5.043e-02 (window [17.515,17.636])
    -> DIP candidate r~17.758 sigma_min=4.843e-04 (window [17.697,17.818])

=== scan segment r in [18.0,24.0] Y0=0.36 M=27 Q=62 (CACHED 101 pts) ===
    -> DIP candidate r~18.120 sigma_min=6.323e-02 (window [18.060,18.180])
    -> DIP candidate r~18.840 sigma_min=2.519e-01 (window [18.780,18.900])
    -> DIP candidate r~19.020 sigma_min=1.550e-02 (window [18.960,19.080])
    -> DIP candidate r~19.140 sigma_min=1.737e-01 (window [19.080,19.200])
    -> DIP candidate r~19.380 sigma_min=1.298e-03 (window [19.320,19.440])
    -> DIP candidate r~19.560 sigma_min=2.761e-02 (window [19.500,19.620])
    -> DIP candidate r~19.740 sigma_min=3.773e-02 (window [19.680,19.800])
    -> DIP candidate r~19.980 sigma_min=2.793e-02 (window [19.920,20.040])
    -> DIP candidate r~20.160 sigma_min=2.058e-01 (window [20.100,20.220])
    -> DIP candidate r~20.580 sigma_min=1.278e-02 (window [20.520,20.640])
    -> DIP candidate r~20.760 sigma_min=2.702e-03 (window [20.700,20.820])
    -> DIP candidate r~21.060 sigma_min=7.626e-03 (window [21.000,21.120])
    -> DIP candidate r~21.300 sigma_min=8.892e-03 (window [21.240,21.360])
    -> DIP candidate r~21.480 sigma_min=1.541e-01 (window [21.420,21.540])
    -> DIP candidate r~22.200 sigma_min=6.375e-04 (window [22.140,22.260])
    -> DIP candidate r~22.500 sigma_min=2.536e-02 (window [22.440,22.560])
    -> DIP candidate r~23.040 sigma_min=1.590e-02 (window [22.980,23.100])
    -> DIP candidate r~23.700 sigma_min=2.208e-02 (window [23.640,23.760])
    -> DIP candidate r~23.820 sigma_min=4.723e-02 (window [23.760,23.880])

=== scan segment r in [24.0,30.0] Y0=0.32 M=34 Q=76 (CACHED 101 pts) ===
    -> DIP candidate r~24.240 sigma_min=7.980e-05 (window [24.180,24.300])
    -> DIP candidate r~24.420 sigma_min=4.793e-03 (window [24.360,24.480])
    -> DIP candidate r~24.780 sigma_min=1.785e-01 (window [24.720,24.840])
    -> DIP candidate r~25.080 sigma_min=2.219e-03 (window [25.020,25.140])
    -> DIP candidate r~25.260 sigma_min=3.296e-02 (window [25.200,25.320])
    -> DIP candidate r~25.500 sigma_min=2.288e-02 (window [25.440,25.560])
    -> DIP candidate r~25.740 sigma_min=1.135e-03 (window [25.680,25.800])
    -> DIP candidate r~25.860 sigma_min=7.021e-03 (window [25.800,25.920])
    -> DIP candidate r~25.980 sigma_min=7.869e-02 (window [25.920,26.040])
    -> DIP candidate r~26.100 sigma_min=7.869e-03 (window [26.040,26.160])
    -> DIP candidate r~26.460 sigma_min=2.679e-03 (window [26.400,26.520])
    -> DIP candidate r~26.700 sigma_min=1.761e-03 (window [26.640,26.760])
    -> DIP candidate r~26.760 sigma_min=5.625e-04 (window [26.700,26.820])
    -> DIP candidate r~26.940 sigma_min=5.697e-02 (window [26.880,27.000])
    -> DIP candidate r~27.600 sigma_min=7.179e-04 (window [27.540,27.660])
    -> DIP candidate r~27.840 sigma_min=1.527e-02 (window [27.780,27.900])
    -> DIP candidate r~27.960 sigma_min=1.882e-02 (window [27.900,28.020])
    -> DIP candidate r~28.500 sigma_min=5.556e-05 (window [28.440,28.560])
    -> DIP candidate r~28.800 sigma_min=4.886e-03 (window [28.740,28.860])
    -> DIP candidate r~29.280 sigma_min=5.969e-02 (window [29.220,29.340])
    -> DIP candidate r~29.460 sigma_min=2.259e-02 (window [29.400,29.520])
    -> DIP candidate r~29.700 sigma_min=1.079e-02 (window [29.640,29.760])
    -> DIP candidate r~29.880 sigma_min=1.016e-02 (window [29.820,29.940])

=== scan segment r in [30.0,35.0] Y0=0.28 M=42 Q=92 (CACHED 84 pts) ===
    -> DIP candidate r~30.241 sigma_min=2.953e-03 (window [30.181,30.301])
    -> DIP candidate r~30.361 sigma_min=2.948e-03 (window [30.301,30.422])
    -> DIP candidate r~30.482 sigma_min=6.376e-03 (window [30.422,30.542])
    -> DIP candidate r~30.783 sigma_min=1.476e-02 (window [30.723,30.843])
    -> DIP candidate r~31.084 sigma_min=8.305e-02 (window [31.024,31.145])
    -> DIP candidate r~31.325 sigma_min=2.245e-03 (window [31.265,31.386])
    -> DIP candidate r~31.446 sigma_min=2.625e-02 (window [31.386,31.506])
    -> DIP candidate r~31.566 sigma_min=1.375e-01 (window [31.506,31.627])
    -> DIP candidate r~31.687 sigma_min=2.040e-02 (window [31.627,31.747])
    -> DIP candidate r~31.867 sigma_min=1.024e-03 (window [31.807,31.928])
    -> DIP candidate r~32.169 sigma_min=8.202e-03 (window [32.108,32.229])
    -> DIP candidate r~32.410 sigma_min=3.220e-03 (window [32.349,32.470])
    -> DIP candidate r~32.651 sigma_min=1.071e-02 (window [32.590,32.711])
    -> DIP candidate r~32.771 sigma_min=8.765e-02 (window [32.711,32.831])
    -> DIP candidate r~32.952 sigma_min=4.958e-03 (window [32.892,33.012])
    -> DIP candidate r~33.253 sigma_min=1.602e-02 (window [33.193,33.313])
    -> DIP candidate r~33.554 sigma_min=5.386e-03 (window [33.494,33.614])
    -> DIP candidate r~33.735 sigma_min=8.592e-02 (window [33.675,33.795])
    -> DIP candidate r~33.795 sigma_min=1.625e-02 (window [33.735,33.855])
    -> DIP candidate r~33.855 sigma_min=3.644e-02 (window [33.795,33.916])
    -> DIP candidate r~33.976 sigma_min=2.213e-05 (window [33.916,34.036])
    -> DIP candidate r~34.217 sigma_min=1.208e-04 (window [34.157,34.277])
    -> DIP candidate r~34.277 sigma_min=1.535e-02 (window [34.217,34.337])
    -> DIP candidate r~34.699 sigma_min=3.888e-02 (window [34.639,34.759])
    -> DIP candidate r~34.759 sigma_min=1.350e-02 (window [34.699,34.819])
    -> DIP candidate r~34.880 sigma_min=4.493e-02 (window [34.819,34.940])

=== cheap-refining 75 dip candidates ===
  r*=16.78800 sigma_min=1.429e-01  shallow (reject)
  r*=16.89375 sigma_min=3.044e-03  NULL
  r*=16.97000 sigma_min=6.522e-02  shallow (reject)
  r*=17.21200 sigma_min=1.351e-01  shallow (reject)
  r*=17.52024 sigma_min=1.046e-03  NULL
  r*=17.75711 sigma_min=3.444e-04  NULL
  r*=18.06000 sigma_min=1.226e-02  NULL
  r*=18.90000 sigma_min=1.936e-01  shallow (reject)
  r*=19.01107 sigma_min=1.163e-03  NULL
  r*=19.08000 sigma_min=1.194e-01  shallow (reject)
  r*=19.38580 sigma_min=8.126e-05  NULL
  r*=19.50000 sigma_min=4.776e-03  NULL
  r*=19.72452 sigma_min=3.283e-04  NULL
  r*=19.96348 sigma_min=1.995e-03  NULL
  r*=20.10000 sigma_min=1.705e-01  shallow (reject)
  r*=20.59663 sigma_min=9.529e-04  NULL
  r*=20.74500 sigma_min=1.269e-04  NULL
  r*=21.07500 sigma_min=1.763e-03  NULL
  r*=21.28563 sigma_min=9.187e-04  NULL
  r*=21.54000 sigma_min=1.153e-01  shallow (reject)
  r*=22.19703 sigma_min=1.582e-04  NULL
  r*=22.52773 sigma_min=8.318e-04  NULL
  r*=23.05346 sigma_min=1.190e-03  NULL
  r*=23.68083 sigma_min=1.411e-03  NULL
  r*=23.88000 sigma_min=3.021e-02  NULL
  r*=24.24000 sigma_min=7.980e-05  NULL
  r*=24.41091 sigma_min=5.106e-04  NULL
  r*=24.72000 sigma_min=1.003e-01  shallow (reject)
  r*=25.08081 sigma_min=8.461e-04  NULL
  r*=25.27641 sigma_min=1.282e-03  NULL
  r*=25.48459 sigma_min=3.727e-05  NULL
  r*=25.73914 sigma_min=8.475e-04  NULL
  r*=25.84356 sigma_min=1.622e-04  NULL
  r*=25.93767 sigma_min=2.936e-03  NULL
  r*=26.10805 sigma_min=1.907e-04  NULL
  r*=26.45799 sigma_min=1.198e-03  NULL
  r*=26.76000 sigma_min=5.625e-04  NULL
  r*=27.00000 sigma_min=2.105e-02  NULL
  r*=27.60047 sigma_min=4.411e-04  NULL
  r*=27.81534 sigma_min=5.867e-04  NULL
  r*=27.94540 sigma_min=1.249e-03  NULL
  r*=28.50000 sigma_min=5.556e-05  NULL
  r*=28.79659 sigma_min=1.006e-03  NULL
  r*=29.25038 sigma_min=9.971e-04  NULL
  r*=29.44248 sigma_min=1.873e-03  NULL
  r*=29.74500 sigma_min=5.662e-04  NULL
  r*=29.85000 sigma_min=1.030e-04  NULL
  r*=30.19600 sigma_min=5.824e-05  NULL
  r*=30.35768 sigma_min=4.101e-04  NULL
  r*=30.47813 sigma_min=2.458e-03  NULL
  r*=30.80028 sigma_min=7.884e-04  NULL
  r*=31.02400 sigma_min=6.838e-02  shallow (reject)
  r*=31.32567 sigma_min=1.636e-03  NULL
  r*=31.43021 sigma_min=4.798e-04  NULL
  r*=31.62700 sigma_min=5.096e-02  shallow (reject)
  r*=31.73615 sigma_min=8.411e-04  NULL
  r*=31.89775 sigma_min=1.361e-04  NULL
  r*=32.16212 sigma_min=4.375e-04  NULL
  r*=32.40768 sigma_min=9.603e-04  NULL
  r*=32.61980 sigma_min=2.704e-03  NULL
  r*=32.71100 sigma_min=3.341e-02  NULL
  r*=32.92755 sigma_min=3.373e-04  NULL
  r*=33.26910 sigma_min=1.095e-03  NULL
  r*=33.55163 sigma_min=1.854e-03  NULL
  r*=33.79500 sigma_min=1.644e-02  NULL
  r*=33.97600 sigma_min=2.356e-05  NULL
  r*=34.20991 sigma_min=9.529e-05  NULL
  r*=34.74380 sigma_min=4.969e-04  NULL
  r*=34.94000 sigma_min=7.940e-03  NULL

=== 59 deep nulls (high-r odd spectrum) in [16,35]: [16.894, 17.52, 17.757, 18.06, 19.011, 19.386, 19.5, 19.725, 19.963, 20.597, 20.745, 21.075, 21.286, 22.197, 22.528, 23.053, 23.681, 23.88, 24.24, 24.411, 25.081, 25.276, 25.485, 25.739, 25.844, 25.938, 26.108, 26.458, 26.76, 27.0, 27.6, 27.815, 27.945, 28.5, 28.797, 29.25, 29.442, 29.745, 29.85, 30.196, 30.358, 30.478, 30.8, 31.326, 31.43, 31.736, 31.898, 32.162, 32.408, 32.62, 32.711, 32.928, 33.269, 33.552, 33.795, 33.976, 34.21, 34.744, 34.94] ===

=== height-checking + analysing 12 subsampled eigenvalues ===
  r*=16.89375 sigma_min=3.044e-03  height-drift=0.00e+00 (Y0 0.42->0.37)  GENUINE
  r*=19.38580 sigma_min=8.126e-05  height-drift=0.00e+00 (Y0 0.36->0.31)  GENUINE
  r*=21.07500 sigma_min=1.763e-03  height-drift=2.14e-02 (Y0 0.36->0.31)  reject
  r*=23.68083 sigma_min=1.411e-03  height-drift=3.14e-02 (Y0 0.36->0.31)  reject
  r*=25.27641 sigma_min=1.282e-03  height-drift=0.00e+00 (Y0 0.32->0.27)  GENUINE
  r*=26.10805 sigma_min=1.907e-04  height-drift=0.00e+00 (Y0 0.32->0.27)  GENUINE
  r*=27.94540 sigma_min=1.249e-03  height-drift=6.14e-02 (Y0 0.32->0.27)  reject
  r*=29.74500 sigma_min=5.662e-04  height-drift=5.57e-02 (Y0 0.32->0.27)  reject
  r*=30.80028 sigma_min=7.884e-04  height-drift=0.00e+00 (Y0 0.28->0.23000000000000004)  GENUINE
  r*=32.16212 sigma_min=4.375e-04  height-drift=0.00e+00 (Y0 0.28->0.23000000000000004)  GENUINE
  r*=33.55163 sigma_min=1.854e-03  height-drift=0.00e+00 (Y0 0.28->0.23000000000000004)  GENUINE
  r*=34.94000 sigma_min=7.940e-03  height-drift=8.57e-03 (Y0 0.28->0.23000000000000004)  GENUINE

=== 8 genuine high-r odd eigenvalues: [16.8937, 19.3858, 25.2764, 26.108, 30.8003, 32.1621, 33.5516, 34.94] ===

[grid] 10290 cells (matches low-r run)

=== mass distribution r=16.89375 (M=21,Q=50,Y0=0.42) ===
  [coeffs] sigma_min=3.044e-03 ratio=3.091e-04 null-resid=3.04e-03
  [sanity] automorphy mean-rel=3.10e-01 | eigen-eq mean-rel=1.80e-05 (n=8)
  [metric] TV=0.4834 L1=0.9668 rho_std=1.3774 cusp_exc=+0.0766
  [scar] wall/mu=0.097 arc/mu=0.275 axis/mu=0.052
  [grid-conv] r=16.8937 coarse->fine TV drift=0.2% L1 drift=0.2% rho_std drift=1.3%
  [incremental] wrote 1 forms -> /Users/za/Documents/farey-hecke/code/out/que_g5_highr.json

=== mass distribution r=19.38580 (M=27,Q=62,Y0=0.36) ===
  [coeffs] sigma_min=8.126e-05 ratio=2.396e-05 null-resid=8.13e-05
  [sanity] automorphy mean-rel=4.70e-03 | eigen-eq mean-rel=1.36e-05 (n=8)
  [metric] TV=0.4011 L1=0.8022 rho_std=1.0182 cusp_exc=-0.1132
  [scar] wall/mu=0.354 arc/mu=0.585 axis/mu=0.232
  [grid-conv] r=19.3858 coarse->fine TV drift=0.9% L1 drift=0.9% rho_std drift=0.5%
  [incremental] wrote 2 forms -> /Users/za/Documents/farey-hecke/code/out/que_g5_highr.json

=== mass distribution r=25.27641 (M=34,Q=76,Y0=0.32) ===
  [coeffs] sigma_min=1.282e-03 ratio=5.812e-05 null-resid=1.28e-03
  [sanity] automorphy mean-rel=4.49e-02 | eigen-eq mean-rel=1.76e-05 (n=8)
  [metric] TV=0.3893 L1=0.7786 rho_std=1.1655 cusp_exc=+0.1195
  [scar] wall/mu=0.276 arc/mu=0.561 axis/mu=0.144
  [incremental] wrote 3 forms -> /Users/za/Documents/farey-hecke/code/out/que_g5_highr.json

=== mass distribution r=26.10805 (M=34,Q=76,Y0=0.32) ===
  [coeffs] sigma_min=1.907e-04 ratio=3.318e-06 null-resid=1.91e-04
  [sanity] automorphy mean-rel=1.55e-02 | eigen-eq mean-rel=2.48e-05 (n=8)
  [metric] TV=0.4476 L1=0.8952 rho_std=1.2513 cusp_exc=-0.0208
  [scar] wall/mu=0.203 arc/mu=0.536 axis/mu=0.198
  [incremental] wrote 4 forms -> /Users/za/Documents/farey-hecke/code/out/que_g5_highr.json

=== mass distribution r=30.80028 (M=42,Q=92,Y0=0.28) ===
  [coeffs] sigma_min=7.884e-04 ratio=3.814e-05 null-resid=7.88e-04
  [sanity] automorphy mean-rel=2.02e-02 | eigen-eq mean-rel=1.04e-04 (n=8)
  [metric] TV=0.3578 L1=0.7156 rho_std=0.9354 cusp_exc=-0.0263
  [scar] wall/mu=0.678 arc/mu=0.921 axis/mu=0.322
  [incremental] wrote 5 forms -> /Users/za/Documents/farey-hecke/code/out/que_g5_highr.json

=== mass distribution r=32.16212 (M=42,Q=92,Y0=0.28) ===
  [coeffs] sigma_min=4.375e-04 ratio=6.465e-06 null-resid=4.38e-04
  [sanity] automorphy mean-rel=7.33e-02 | eigen-eq mean-rel=5.98e-05 (n=8)
  [metric] TV=0.4433 L1=0.8866 rho_std=1.2754 cusp_exc=+0.1577
  [scar] wall/mu=0.169 arc/mu=0.476 axis/mu=0.158
  [incremental] wrote 6 forms -> /Users/za/Documents/farey-hecke/code/out/que_g5_highr.json

=== mass distribution r=33.55163 (M=42,Q=92,Y0=0.28) ===
  [coeffs] sigma_min=1.854e-03 ratio=1.914e-04 null-resid=1.85e-03
  [sanity] automorphy mean-rel=2.95e-02 | eigen-eq mean-rel=4.28e-05 (n=8)
  [metric] TV=0.3793 L1=0.7586 rho_std=1.1299 cusp_exc=+0.0540
  [scar] wall/mu=0.313 arc/mu=0.732 axis/mu=0.227
  [incremental] wrote 7 forms -> /Users/za/Documents/farey-hecke/code/out/que_g5_highr.json

=== mass distribution r=34.94000 (M=42,Q=92,Y0=0.28) ===
  [coeffs] sigma_min=7.940e-03 ratio=7.669e-04 null-resid=7.94e-03
  [sanity] automorphy mean-rel=3.39e-01 | eigen-eq mean-rel=3.51e-05 (n=8)
  [metric] TV=0.3820 L1=0.7640 rho_std=1.2953 cusp_exc=+0.1192
  [scar] wall/mu=0.386 arc/mu=0.905 axis/mu=0.161
  [incremental] wrote 8 forms -> /Users/za/Documents/farey-hecke/code/out/que_g5_highr.json

Wrote /Users/za/Documents/farey-hecke/code/out/que_g5_highr.json  (3866.5s)

================ HIGH-r QUE SUMMARY (G_5 odd) ================
Modular anchor revalidation: r*=9.53372 (diff +0.00003) => PASS

New high-r genuine eigenvalues (8):
Traceback (most recent call last):
  File "/Users/za/Documents/farey-hecke/code/que_g5_highr.py", line 693, in <module>
    main()
  File "/Users/za/Documents/farey-hecke/code/que_g5_highr.py", line 661, in main
    if rec["genuine"]:
KeyError: 'genuine'
