band counts: [([4.0, 9.0], 3), ([9.0, 14.0], 5), ([14.0, 19.0], None)]
  rebox Im[14.2,18.8] count=None
  rebox Im[14.35,18.95] count=None
  subbox Im[4.0,6.5] count=1
  subbox Im[6.5,9.0] count=1
  pin (0.45,5.75) -> 0.45390+5.76354i |det|=7.5e-16
  pin (0.43,7.75) -> 0.41054+7.81977i |det|=1.0e-15
  pin (0.02,4.25) -> 0.00000+4.34748i |det|=1.3e-15
  subbox Im[9.0,11.5] count=1
  subbox Im[11.5,14.0] count=4
  pin (0.47,12.75) -> 0.46906+12.78585i |det|=4.3e-15
  pin (0.47,12.00) -> 0.44708+12.07972i |det|=1.9e-15
  pin (0.27,10.50) -> 0.24303+10.56030i |det|=3.6e-15

VERDICT: {
  "q3_counting_validation_count": 3,
  "g5_even_band_counts": [
    [
      [
        0.0,
        0.49,
        4.0,
        9.0
      ],
      3
    ],
    [
      [
        0.0,
        0.49,
        9.0,
        14.0
      ],
      5
    ],
    [
      [
        0.0,
        0.49,
        14.0,
        19.0
      ],
      null
    ]
  ],
  "g5_even_band_rebox": [
    [
      [
        0.0,
        0.49,
        14.2,
        18.8
      ],
      null
    ],
    [
      [
        0.0,
        0.49,
        14.35,
        18.95
      ],
      null
    ]
  ],
  "g5_even_total_resonances_in_scan": 8,
  "g5_even_surface_min_absdet": 0.05670495738630718,
  "g5_even_pinned_near_line": [
    {
      "re": 0.4538951800749447,
      "im": 5.7635372417301305,
      "absdet_mid": 7.52642959668855e-16,
      "near_line": true
    },
    {
      "re": 0.41054373549576567,
      "im": 7.819768247017059,
      "absdet_mid": 9.96197617104616e-16,
      "near_line": true
    },
    {
      "re": 0.46905525671927556,
      "im": 12.785854147380606,
      "absdet_mid": 4.313553426795327e-15,
      "near_line": true
    },
    {
      "re": 0.4470829807186944,
      "im": 12.07971636884368,
      "absdet_mid": 1.881505175616554e-15,
      "near_line": true
    },
    {
      "re": 0.24302842340131198,
      "im": 10.560296779143401,
      "absdet_mid": 3.557596939738776e-15,
      "near_line": true
    }
  ],
  "g5_even_pinned_near_zero": [
    {
      "re": 4.395179938409284e-15,
      "im": 4.347475521897638,
      "absdet_mid": 1.3176974553353854e-15,
      "near_line": false
    }
  ],
  "g5_even_n_near_line_resonances": 5
}
done (1703.0s) -> /Users/za/Documents/farey-hecke/code/out/resonance_v2.json
