==============================================================================
CERTIFIED Selberg-zeta zero enclosures, q=3 (PSL(2,Z))
backend=python-flint (Arb balls)  prec=280 bits  N=44  n_head=8
==============================================================================
dimension-tail radius (s=1/2+12i, det-1L): 9.455e-18  q=0.08031243385859768
  det-increment magnitudes over window [36, 38, 40, 42, 44]: ['2.21e-13', '1.77e-14', '1.40e-15', '1.08e-16']

r~9.533695 (det(1+L_s)): [9.5336891575, 9.5337013645]  width=1.22e-05  CONTAINS published  [PROVEN Re sign-change (dim-certified)]
        published at STRICT interior  (rp - r_lo = +6.10e-06, r_hi - rp = +6.10e-06)
        Im(det) at midpoint = -5.48e-10 +/- 7.4e-22  (zero is genuine: Im ~ 0)
r~12.173008 (det(1+L_s)): [12.1730018965, 12.1730141035]  width=1.22e-05  CONTAINS published  [PROVEN Re sign-change (dim-certified)]
        published at STRICT interior  (rp - r_lo = +6.10e-06, r_hi - rp = +6.10e-06)
        Im(det) at midpoint = -9.73e-07 +/- 2.0e-17  (zero is genuine: Im ~ 0)
r~13.779751 (det(1-L_s)): [13.7797448965, 13.7797571035]  width=1.22e-05  CONTAINS published  [PROVEN Re sign-change (dim-certified)]
        published at STRICT interior  (rp - r_lo = +6.10e-06, r_hi - rp = +6.10e-06)
        Im(det) at midpoint = -8.68e-07 +/- 1.9e-15  (zero is genuine: Im ~ 0)
r~14.358509 (det(1+L_s)): [14.3585028965, 14.3585151035]  width=1.22e-05  CONTAINS published  [PROVEN Re sign-change (dim-certified)]
        published at STRICT interior  (rp - r_lo = +6.10e-06, r_hi - rp = +6.10e-06)
        Im(det) at midpoint = -2.18e-06 +/- 3.3e-14  (zero is genuine: Im ~ 0)
r~16.138073 (det(1+L_s)): [16.1380668965, 16.1380791035]  width=1.22e-05  CONTAINS published  [PROVEN Re sign-change (dim-certified)]
        published at STRICT interior  (rp - r_lo = +6.10e-06, r_hi - rp = +6.10e-06)
        Im(det) at midpoint = -2.32e-07 +/- 1.8e-12  (zero is genuine: Im ~ 0)
r~16.644258 (det(1+L_s)): [16.6442518965, 16.6442641035]  width=1.22e-05  CONTAINS published  [PROVEN Re sign-change (dim-certified)]
        published at STRICT interior  (rp - r_lo = +6.10e-06, r_hi - rp = +6.10e-06)
        Im(det) at midpoint = -1.30e-06 +/- 6.7e-12  (zero is genuine: Im ~ 0)

==============================================================================
VERDICT: 6/6 enclosures contain published; 6/6 proven Re sign-change; 6/6 dimension-certified; 6/6 strict-interior; max width 1.22e-05
==============================================================================

wrote code/out/zeta_cert_q3.json   (735.5s)
