[{"stream_name":"stdout","time":3.941357445,"data":"q*_BCZ = 0.861809, t* = 2/9 = 0.222222\n"}
,{"stream_name":"stdout","time":4.04425159,"data":"\n"}
,{"stream_name":"stdout","time":4.044296641,"data":"Warmup numba...\n"}
,{"stream_name":"stdout","time":8.804266282,"data":"  done warmup\n"}
,{"stream_name":"stdout","time":8.805019872999999,"data":"\n"}
,{"stream_name":"stdout","time":8.80510785,"data":"=== eps = 1e-04, t = 0.222322 ===\n"}
,{"stream_name":"stdout","time":17.671406308999998,"data":"  max_size=2, mean_size=1.772, n_clust=39,027,420, n_3p=0\n"}
,{"stream_name":"stdout","time":17.672182552,"data":"\n"}
,{"stream_name":"stdout","time":17.672191483,"data":"=== eps = 3e-04, t = 0.222522 ===\n"}
,{"stream_name":"stdout","time":26.433300775,"data":"  max_size=9, mean_size=1.772, n_clust=39,127,477, n_3p=35\n"}
,{"stream_name":"stdout","time":26.434131012,"data":"\n"}
,{"stream_name":"stdout","time":26.434152038,"data":"=== eps = 1e-03, t = 0.223222 ===\n"}
,{"stream_name":"stdout","time":35.218364219,"data":"  max_size=38, mean_size=1.771, n_clust=39,482,307, n_3p=385\n"}
,{"stream_name":"stdout","time":35.219355774,"data":"\n"}
,{"stream_name":"stdout","time":35.219383666,"data":"=== eps = 3e-03, t = 0.225222 ===\n"}
,{"stream_name":"stdout","time":44.242724294,"data":"  max_size=360, mean_size=1.767, n_clust=40,496,866, n_3p=3,408\n"}
,{"stream_name":"stdout","time":44.243394467,"data":"\n"}
,{"stream_name":"stdout","time":44.243425641,"data":"=== eps = 1e-02, t = 0.232222 ===\n"}
,{"stream_name":"stdout","time":53.204379512,"data":"  max_size=604, mean_size=1.757, n_clust=44,215,066, n_3p=37,236\n"}
,{"stream_name":"stdout","time":53.205113827,"data":"\n"}
,{"stream_name":"stdout","time":53.205138241,"data":"=== eps = 3e-02, t = 0.252222 ===\n"}
,{"stream_name":"stdout","time":62.224582829,"data":"  max_size=1322, mean_size=1.721, n_clust=57,899,968, n_3p=322,667\n"}
,{"stream_name":"stdout","time":62.225381964,"data":"\n"}
,{"stream_name":"stdout","time":62.225412093,"data":"=== eps = 1e-01, t = 0.322222 ===\n"}
,{"stream_name":"stdout","time":71.841900355,"data":"  max_size=4146, mean_size=1.891, n_clust=98,973,474, n_3p=8,036,540\n"}
,{"stream_name":"stdout","time":71.862141192,"data":"\n"}
,{"stream_name":"stdout","time":71.86217726,"data":"=== Log-log fit ===\n"}
,{"stream_name":"stdout","time":71.862184192,"data":"  α (predicted = 1) ≈ -1.1051\n"}
,{"stream_name":"stdout","time":71.862190529,"data":"  intercept = 11.2916\n"}
,{"stream_name":"stdout","time":71.862945393,"data":"\n"}
,{"stream_name":"stdout","time":71.863008271,"data":"Done. Total: 63s\n"}
,{"stream_name":"stderr","time":75.183128266,"data":"/usr/local/lib/python3.12/dist-packages/mistune.py:435: SyntaxWarning: invalid escape sequence '\\|'\n"}
,{"stream_name":"stderr","time":75.183191624,"data":"  cells[i][c] = re.sub('\\\\\\\\\\|', '|', cell)\n"}
,{"stream_name":"stderr","time":75.646285581,"data":"/usr/local/lib/python3.12/dist-packages/nbconvert/filters/filter_links.py:36: SyntaxWarning: invalid escape sequence '\\_'\n"}
,{"stream_name":"stderr","time":75.646322744,"data":"  text = re.sub(r'_', '\\_', text) # Escape underscores in display text\n"}
,{"stream_name":"stderr","time":76.515873794,"data":"[NbConvertApp] Converting notebook __script__.ipynb to html\n"}
,{"stream_name":"stderr","time":78.470767313,"data":"[NbConvertApp] Writing 298422 bytes to __results__.html\n"}
]