[{"stream_name":"stdout","time":6.314646789,"data":"     ━━━━━━━━━━━━━━━━━━━━━━━━━━━━━━━━━━━━━━━━ 49.8/49.8 kB 1.8 MB/s eta 0:00:00\n"}
,{"stream_name":"stdout","time":6.441859847,"data":"   ━━━━━━━━━━━━━━━━━━━━━━━━━━━━━━━━━━━━━━━━ 9.6/9.6 MB 91.1 MB/s eta 0:00:00\n"}
,{"stream_name":"stdout","time":9.44369218,"data":"=== q=5  lambda=1.6180339887 ===\n"}
,{"stream_name":"stdout","time":10.947968692,"data":"  N=10 l1=[0.9999999989724,0.9999999989724] l2=[0.202512699870,0.202512699870] gap\u003e=0.797487299922 (1.5s)\n"}
,{"stream_name":"stdout","time":13.734494713,"data":"  N=12 l1=[0.9999999999730,0.9999999999730] l2=[0.202512716471,0.202512716471] gap\u003e=0.797487283524 (2.8s)\n"}
,{"stream_name":"stdout","time":18.301104033,"data":"  N=14 l1=[0.9999999999993,0.9999999999993] l2=[0.202512717064,0.202512717064] gap\u003e=0.797487282936 (4.6s)\n"}
,{"stream_name":"stdout","time":25.600582199,"data":"  N=16 l1=[1.0000000000000,1.0000000000000] l2=[0.202512717085,0.202512717085] gap\u003e=0.797487282915 (7.3s)\n"}
,{"stream_name":"stdout","time":37.88910769,"data":"  N=18 l1=[1.0000000000000,1.0000000000000] l2=[0.202512717085,0.202512717085] gap\u003e=0.797487282915 (12.3s)\n"}
,{"stream_name":"stdout","time":55.696104292,"data":"  N=20 l1=[1.0000000000000,1.0000000000000] l2=[0.202512717085,0.202512717085] gap\u003e=0.797487282915 (17.8s)\n"}
,{"stream_name":"stdout","time":55.696156988,"data":"  =\u003e CERTIFIED gap_5 \u003e= 0.797487282915 (N=20)\n"}
,{"stream_name":"stdout","time":55.696165639,"data":"=== q=7  lambda=1.8019377358 ===\n"}
,{"stream_name":"stdout","time":62.504920172,"data":"  N=10 l1=[0.9999999984184,0.9999999984184] l2=[0.340677371944,0.340677371944] gap\u003e=0.659322627517 (6.8s)\n"}
,{"stream_name":"stdout","time":76.917936376,"data":"  N=12 l1=[0.9999999999522,0.9999999999522] l2=[0.340677383132,0.340677383132] gap\u003e=0.659322616852 (14.4s)\n"}
,{"stream_name":"stdout","time":102.768550494,"data":"  N=14 l1=[0.9999999999985,0.9999999999985] l2=[0.340677383623,0.340677383623] gap\u003e=0.659322616376 (25.9s)\n"}
,{"stream_name":"stdout","time":143.184719853,"data":"  N=16 l1=[1.0000000000000,1.0000000000000] l2=[0.340677383645,0.340677383645] gap\u003e=0.659322616355 (40.4s)\n"}
,{"stream_name":"stdout","time":205.036936769,"data":"  N=18 l1=[1.0000000000000,1.0000000000000] l2=[0.340677383646,0.340677383646] gap\u003e=0.659322616354 (61.9s)\n"}
,{"stream_name":"stdout","time":294.203397254,"data":"  N=20: top-2 isolation failed (89.2s)\n"}
,{"stream_name":"stdout","time":294.203470338,"data":"  =\u003e CERTIFIED gap_7 \u003e= 0.659322616354 (N=18)\n"}
,{"stream_name":"stdout","time":294.203476633,"data":"=== q=9  lambda=1.8793852416 ===\n"}
,{"stream_name":"stdout","time":319.086301055,"data":"  N=10 l1=[0.9999999982991,0.9999999982991] l2=[0.446519066006,0.446519066006] gap\u003e=0.553480933235 (24.9s)\n"}
,{"stream_name":"stdout","time":364.692160573,"data":"  N=12 l1=[0.9999999999463,0.9999999999463] l2=[0.446519079587,0.446519079587] gap\u003e=0.553480920389 (45.6s)\n"}
,{"stream_name":"stdout","time":439.449035263,"data":"  N=14 l1=[0.9999999999983,0.9999999999983] l2=[0.446519080088,0.446519080088] gap\u003e=0.553480919912 (74.8s)\n"}
,{"stream_name":"stdout","time":562.560302306,"data":"  N=16 l1=[0.9999999999999,0.9999999999999] l2=[0.446519080106,0.446519080106] gap\u003e=0.553480919894 (123.1s)\n"}
,{"stream_name":"stdout","time":775.153294938,"data":"  N=18: top-2 isolation failed (212.6s)\n"}
,{"stream_name":"stdout","time":1065.521320305,"data":"  N=20: top-2 isolation failed (290.4s)\n"}
,{"stream_name":"stdout","time":1065.521379452,"data":"  =\u003e CERTIFIED gap_9 \u003e= 0.553480919894 (N=16)\n"}
,{"stream_name":"stdout","time":1065.52140942,"data":"=== q=11  lambda=1.9189859472 ===\n"}
,{"stream_name":"stdout","time":1123.052626792,"data":"  N=10 l1=[0.9999999983039,0.9999999983039] l2=[0.517226573847,0.517226573847] gap\u003e=0.482773425275 (57.5s)\n"}
,{"stream_name":"stdout","time":1230.00951916,"data":"  N=12 l1=[0.9999999999455,0.9999999999455] l2=[0.517226590180,0.517226590180] gap\u003e=0.482773409792 (107.0s)\n"}
,{"stream_name":"stdout","time":1451.641671772,"data":"  N=14 l1=[0.9999999999982,0.9999999999982] l2=[0.517226590809,0.517226590809] gap\u003e=0.482773409190 (221.6s)\n"}
,{"stream_name":"stdout","time":1790.002292471,"data":"  N=16 l1=[0.9999999999999,0.9999999999999] l2=[0.517226590833,0.517226590833] gap\u003e=0.482773409167 (338.4s)\n"}
,{"stream_name":"stdout","time":2265.096377096,"data":"  N=18: top-2 isolation failed (475.1s)\n"}
,{"stream_name":"stdout","time":2915.404479748,"data":"  N=20: top-2 isolation failed (650.3s)\n"}
,{"stream_name":"stdout","time":2915.4045285,"data":"  =\u003e CERTIFIED gap_11 \u003e= 0.482773409167 (N=16)\n"}
,{"stream_name":"stdout","time":2915.404534567,"data":"=== q=13  lambda=1.9418836349 ===\n"}
,{"stream_name":"stdout","time":3029.06656426,"data":"  N=10 l1=[0.9999999983434,0.9999999983434] l2=[0.570230079389,0.570230079389] gap\u003e=0.429769919666 (113.7s)\n"}
,{"stream_name":"stdout","time":3276.247187012,"data":"  N=12 l1=[0.9999999999462,0.9999999999462] l2=[0.570230096310,0.570230096310] gap\u003e=0.429769903659 (247.2s)\n"}
,{"stream_name":"stdout","time":3687.203608754,"data":"  N=14 l1=[0.9999999999982,0.9999999999982] l2=[0.570230096996,0.570230096996] gap\u003e=0.429769903003 (411.0s)\n"}
,{"stream_name":"stdout","time":4316.03157908,"data":"  N=16: top-2 isolation failed (628.8s)\n"}
,{"stream_name":"stdout","time":5211.735554461,"data":"  N=18: top-2 isolation failed (895.7s)\n"}
,{"stream_name":"stdout","time":6465.41667031,"data":"  N=20: top-2 isolation failed (1253.7s)\n"}
,{"stream_name":"stdout","time":6465.416722751,"data":"  =\u003e CERTIFIED gap_13 \u003e= 0.429769903003 (N=14)\n"}
,{"stream_name":"stdout","time":6465.416730587,"data":"=== q=15  lambda=1.9562952015 ===\n"}
,{"stream_name":"stdout","time":6699.763000854,"data":"  N=10 l1=[0.9999999983913,0.9999999983913] l2=[0.612035563568,0.612035563568] gap\u003e=0.387964435448 (234.3s)\n"}
,{"stream_name":"stdout","time":7122.549016469,"data":"  N=12 l1=[0.9999999999475,0.9999999999475] l2=[0.612035579716,0.612035579716] gap\u003e=0.387964420252 (422.8s)\n"}
,{"stream_name":"stdout","time":7843.534715237,"data":"  N=14 l1=[0.9999999999982,0.9999999999982] l2=[0.612035580398,0.612035580398] gap\u003e=0.387964419601 (721.0s)\n"}
,{"stream_name":"stdout","time":8910.30144919,"data":"  N=16: top-2 isolation failed (1066.8s)\n"}
,{"stream_name":"stdout","time":10438.258741816,"data":"  N=18: top-2 isolation failed (1528.0s)\n"}
,{"stream_name":"stdout","time":12687.404615392,"data":"  N=20: top-2 isolation failed (2249.1s)\n"}
,{"stream_name":"stdout","time":12687.404688693,"data":"  =\u003e CERTIFIED gap_15 \u003e= 0.387964419601 (N=14)\n"}
,{"stream_name":"stdout","time":12687.404695848,"data":"=== q=17  lambda=1.9659461994 ===\n"}
,{"stream_name":"stdout","time":13061.200555952,"data":"  N=10 l1=[0.9999999984388,0.9999999984388] l2=[0.646057427221,0.646057427221] gap\u003e=0.353942571770 (373.8s)\n"}
,{"stream_name":"stdout","time":13753.72469387,"data":"  N=12 l1=[0.9999999999489,0.9999999999489] l2=[0.646057441965,0.646057441965] gap\u003e=0.353942558002 (692.5s)\n"}
,{"stream_name":"stdout","time":14903.353848719,"data":"  N=14 l1=[0.9999999999983,0.9999999999983] l2=[0.646057442607,0.646057442607] gap\u003e=0.353942557392 (1149.6s)\n"}
,{"stream_name":"stdout","time":16609.748473835,"data":"  N=16: top-2 isolation failed (1706.4s)\n"}
,{"stream_name":"stdout","time":19285.202583109,"data":"  N=18: top-2 isolation failed (2675.5s)\n"}
,{"stream_name":"stdout","time":22851.332294298,"data":"  N=20: top-2 isolation failed (3566.1s)\n"}
,{"stream_name":"stdout","time":22851.332359598,"data":"  =\u003e CERTIFIED gap_17 \u003e= 0.353942557392 (N=14)\n"}
,{"stream_name":"stdout","time":22851.33524993,"data":"Saved result.json\n"}
,{"stream_name":"stderr","time":22854.364321474,"data":"/usr/local/lib/python3.12/dist-packages/mistune.py:435: SyntaxWarning: invalid escape sequence '\\|'\n"}
,{"stream_name":"stderr","time":22854.364389561,"data":"  cells[i][c] = re.sub('\\\\\\\\\\|', '|', cell)\n"}
,{"stream_name":"stderr","time":22854.882932645,"data":"/usr/local/lib/python3.12/dist-packages/nbconvert/filters/filter_links.py:36: SyntaxWarning: invalid escape sequence '\\_'\n"}
,{"stream_name":"stderr","time":22854.882994566,"data":"  text = re.sub(r'_', '\\_', text) # Escape underscores in display text\n"}
,{"stream_name":"stderr","time":22856.181955164,"data":"[NbConvertApp] Converting notebook __script__.ipynb to html\n"}
,{"stream_name":"stderr","time":22858.036466253,"data":"[NbConvertApp] Writing 428334 bytes to __results__.html\n"}
]