[{"stream_name":"stdout","time":4.874492652,"data":"     ━━━━━━━━━━━━━━━━━━━━━━━━━━━━━━━━━━━━━━━ 49.8/49.8 kB 604.9 kB/s eta 0:00:00\n"}
,{"stream_name":"stdout","time":5.849492047,"data":"   ━━━━━━━━━━━━━━━━━━━━━━━━━━━━━━━━━━━━━━━━ 9.6/9.6 MB 10.6 MB/s eta 0:00:00\n"}
,{"stream_name":"stdout","time":8.305732449,"data":"\u003e\u003e\u003e G_7 odd k=1 (CERTIFIED locally; in-kernel regression)  (q=7, anchor r=5.9220)\n"}
,{"stream_name":"stdout","time":375.256152875,"data":"    certified=True  r*=5.921981251387827  |det|=2.20e-12  wall=367.0s\n"}
,{"stream_name":"stdout","time":375.256190675,"data":"\u003e\u003e\u003e G_7 odd k=2 (CERTIFIED locally; in-kernel regression)  (q=7, anchor r=7.9339)\n"}
,{"stream_name":"stdout","time":763.71539034,"data":"    certified=True  r*=7.9338887700695535  |det|=1.07e-11  wall=388.5s\n"}
,{"stream_name":"stdout","time":763.71542756,"data":"\u003e\u003e\u003e G_7 odd k=3 (NEW target)  (q=7, anchor r=9.1857)\n"}
,{"stream_name":"stdout","time":1149.884906867,"data":"    certified=True  r*=9.185710066244068  |det|=2.93e-10  wall=386.2s\n"}
,{"stream_name":"stdout","time":1149.884944857,"data":"\u003e\u003e\u003e G_7 odd k=4 (NEW target)  (q=7, anchor r=10.2292)\n"}
,{"stream_name":"stdout","time":1537.90028513,"data":"    certified=True  r*=10.229167474924783  |det|=2.33e-10  wall=388.0s\n"}
,{"stream_name":"stdout","time":1537.900318639,"data":"\u003e\u003e\u003e G_5 odd k=1 (regression anchor)  (q=5, anchor r=6.4737)\n"}
,{"stream_name":"stdout","time":1732.555052339,"data":"    certified=True  r*=6.473699749441975  |det|=2.46e-12  wall=194.7s\n"}
,{"stream_name":"stdout","time":1732.555526749,"data":"\n"}
,{"stream_name":"stdout","time":1732.555542499,"data":"Saved /kaggle/working/hecke_spectrum_extend.json  (total 1724.6 s)\n"}
,{"stream_name":"stdout","time":1732.555570199,"data":"DONE.\n"}
,{"stream_name":"stderr","time":1735.015489704,"data":"/usr/local/lib/python3.12/dist-packages/mistune.py:435: SyntaxWarning: invalid escape sequence '\\|'\n"}
,{"stream_name":"stderr","time":1735.015533093,"data":"  cells[i][c] = re.sub('\\\\\\\\\\|', '|', cell)\n"}
,{"stream_name":"stderr","time":1735.421867161,"data":"/usr/local/lib/python3.12/dist-packages/nbconvert/filters/filter_links.py:36: SyntaxWarning: invalid escape sequence '\\_'\n"}
,{"stream_name":"stderr","time":1735.42189539,"data":"  text = re.sub(r'_', '\\_', text) # Escape underscores in display text\n"}
,{"stream_name":"stderr","time":1736.494800429,"data":"[NbConvertApp] Converting notebook __script__.ipynb to html\n"}
,{"stream_name":"stderr","time":1738.10118486,"data":"[NbConvertApp] Writing 433412 bytes to __results__.html\n"}
]