[{"stream_name":"stdout","time":4.8724192120000005,"data":"   ━━━━━━━━━━━━━━━━━━━━━━━━━━━━━━━━━━━━━━━━ 10.1/10.1 MB 23.6 MB/s eta 0:00:00\n"}
,{"stream_name":"stdout","time":6.885833305,"data":"RUNNING: /usr/bin/python3 /Users/za/Documents/farey-hecke/research_notes/rh_goals_2026-08-14/lane_f/f7_certify_r3b_flagship.py --arcs 0:12 --workers 4 --receipt /kaggle/working/F7_R3B_CHUNK_00_RECEIPT.json --checkpoint /kaggle/working/F7_R3B_CHUNK_00_CHECKPOINT.json --report /kaggle/working/F7_R3B_CHUNK_00_CERT.md\n"}
,{"stream_name":"stdout","time":5310.598085948,"data":"N=256 event=ACCEPTED_ARC eval=1 accepted=1 pending=11\n"}
,{"stream_name":"stdout","time":5315.528834763,"data":"N=256 event=ACCEPTED_ARC eval=2 accepted=2 pending=10\n"}
,{"stream_name":"stdout","time":5320.154728044,"data":"N=256 event=ACCEPTED_ARC eval=3 accepted=3 pending=9\n"}
,{"stream_name":"stdout","time":5323.801672089,"data":"N=256 event=ACCEPTED_ARC eval=4 accepted=4 pending=8\n"}
,{"stream_name":"stdout","time":10404.004049982,"data":"N=256 event=ACCEPTED_ARC eval=5 accepted=5 pending=7\n"}
,{"stream_name":"stdout","time":10404.918826275,"data":"N=256 event=ACCEPTED_ARC eval=6 accepted=6 pending=6\n"}
,{"stream_name":"stdout","time":10414.662490841,"data":"N=256 event=ACCEPTED_ARC eval=7 accepted=7 pending=5\n"}
,{"stream_name":"stdout","time":10416.590695336,"data":"N=256 event=ACCEPTED_ARC eval=8 accepted=8 pending=4\n"}
,{"stream_name":"stdout","time":15493.73911745,"data":"N=256 event=ACCEPTED_ARC eval=9 accepted=9 pending=3\n"}
,{"stream_name":"stdout","time":15501.37421026,"data":"N=256 event=ACCEPTED_ARC eval=10 accepted=10 pending=2\n"}
,{"stream_name":"stdout","time":15505.265516294,"data":"N=256 event=ACCEPTED_ARC eval=11 accepted=11 pending=1\n"}
,{"stream_name":"stdout","time":15511.05628969,"data":"N=256 event=ACCEPTED_ARC eval=12 accepted=12 pending=0\n"}
,{"stream_name":"stdout","time":17483.978221847,"data":"N=224 event=FAILURE eval=1 accepted=0 pending=191\n"}
,{"stream_name":"stdout","time":17484.153243117,"data":"{\n"}
,{"stream_name":"stdout","time":17484.153282626,"data":"  \"verdict\": \"THEOREM-GRADE closed-contour NO at N=256\",\n"}
,{"stream_name":"stdout","time":17484.153288856,"data":"  \"receipt\": \"/kaggle/working/F7_R3B_CHUNK_00_RECEIPT.json\",\n"}
,{"stream_name":"stdout","time":17484.153293896,"data":"  \"checkpoint\": \"/kaggle/working/F7_R3B_CHUNK_00_CHECKPOINT.json\",\n"}
,{"stream_name":"stdout","time":17484.153298906,"data":"  \"report\": \"/kaggle/working/F7_R3B_CHUNK_00_CERT.md\"\n"}
,{"stream_name":"stdout","time":17484.153302006,"data":"}\n"}
,{"stream_name":"stdout","time":17484.264713886,"data":"EXIT CODE: 0   wall_seconds: 17477.37891101837\n"}
,{"stream_name":"stderr","time":17486.638001089,"data":"/usr/local/lib/python3.12/dist-packages/mistune.py:435: SyntaxWarning: invalid escape sequence '\\|'\n"}
,{"stream_name":"stderr","time":17486.638054699,"data":"  cells[i][c] = re.sub('\\\\\\\\\\|', '|', cell)\n"}
,{"stream_name":"stderr","time":17487.043439777,"data":"/usr/local/lib/python3.12/dist-packages/nbconvert/filters/filter_links.py:36: SyntaxWarning: invalid escape sequence '\\_'\n"}
,{"stream_name":"stderr","time":17487.043463277,"data":"  text = re.sub(r'_', '\\_', text) # Escape underscores in display text\n"}
,{"stream_name":"stderr","time":17488.097487,"data":"[NbConvertApp] Converting notebook __script__.ipynb to html\n"}
,{"stream_name":"stderr","time":17489.44944407,"data":"[NbConvertApp] Writing 565684 bytes to __results__.html\n"}
]