Preparing phi/mobius tables to 243799...
Tables ready in 0s
=== Lean native_decide anchor checks (double) ===
p=5 B=-0.222222222222 expected=-0.222222222222 diff=1.110e-16 OK
p=11 B=-1.527777777778 expected=-1.527777777778 diff=-2.220e-15 OK
p=13 B=0.703896103896 expected=0.703896103896 diff=4.441e-16 OK
p=19 B=4.268700417230 expected=4.268700417230 diff=2.665e-15 OK
p=23 B=2.301004049843 expected=2.301004049843 diff=-1.288e-14 OK

=== p=243799 N=243798 ===
M(p)=-3  T(p-1)=-0.834778256610  |F_N|=18066862385
   10.0% rank=1806686238/18066862385 elapsed=8s B=2.466159e+09 C=5.177508e+08
   20.0% rank=3613372476/18066862385 elapsed=16s B=-5.586315e+09 C=8.911200e+08
   30.0% rank=5420058714/18066862385 elapsed=24s B=-2.677726e+10 C=1.156082e+09
   40.0% rank=7226744952/18066862385 elapsed=32s B=-3.560724e+09 C=1.348805e+09
   50.0% rank=9033431190/18066862385 elapsed=40s B=-6.853260e+09 C=1.505387e+09
   60.0% rank=10840117428/18066862385 elapsed=48s B=-9.965172e+09 C=1.661969e+09
   70.0% rank=12646803666/18066862385 elapsed=56s B=1.379342e+10 C=1.854692e+09
   80.0% rank=14453489904/18066862385 elapsed=64s B=-6.494160e+09 C=2.119654e+09
   90.0% rank=16260176142/18066862385 elapsed=72s B=-1.328199e+10 C=2.493023e+09
  100.0% rank=18066862380/18066862385 elapsed=79s B=-9.190201e+09 C=3.010774e+09
B(p)=-9.190201299936827e+09
C(p)=3.010774068758968e+09
B/C=-3.052438040867344
sum_delta=1.000000000000027e+00  sum_D=9.033431191483507e+09  processed=18066862384  elapsed=79s
VERDICT: B+ FAILS at this p
