Preparing phi/mobius tables to 237733...
Tables ready in 0s
=== Lean native_decide anchor checks (double) ===
p=5 B=-0.222222222222 expected=-0.222222222222 diff=1.110e-16 OK
p=11 B=-1.527777777778 expected=-1.527777777778 diff=-2.220e-15 OK
p=13 B=0.703896103896 expected=0.703896103896 diff=4.441e-16 OK
p=19 B=4.268700417230 expected=4.268700417230 diff=2.665e-15 OK
p=23 B=2.301004049843 expected=2.301004049843 diff=-1.288e-14 OK

=== p=237733 N=237732 ===
M(p)=-20  T(p-1)=6.657511751192  |F_N|=17178971883
   10.0% rank=1717897188/17178971883 elapsed=8s B=-5.881131e+09 C=4.923667e+08
   20.0% rank=3435794376/17178971883 elapsed=15s B=-3.459438e+10 C=8.473877e+08
   30.0% rank=5153691564/17178971883 elapsed=23s B=-4.358467e+10 C=1.099362e+09
   40.0% rank=6871588752/17178971883 elapsed=30s B=-1.627759e+10 C=1.282605e+09
   50.0% rank=8589485940/17178971883 elapsed=38s B=-1.723980e+10 C=1.431493e+09
   60.0% rank=10307383128/17178971883 elapsed=45s B=-1.803012e+10 C=1.580380e+09
   70.0% rank=12025280316/17178971883 elapsed=53s B=9.792332e+09 C=1.763623e+09
   80.0% rank=13743177504/17178971883 elapsed=60s B=1.661058e+09 C=2.015597e+09
   90.0% rank=15461074692/17178971883 elapsed=67s B=-2.584971e+10 C=2.370618e+09
  100.0% rank=17178971880/17178971883 elapsed=75s B=-3.018492e+10 C=2.862985e+09
B(p)=-3.018492026640170e+10
C(p)=2.862985066199241e+09
B/C=-10.543163714952145
sum_delta=9.999999999999859e-01  sum_D=8.589485940491043e+09  processed=17178971882  elapsed=75s
VERDICT: B+ FAILS at this p
