[{"stream_name":"stdout","time":1.177388864,"data":"mounted inputs: ['datasets']\n"}
,{"stream_name":"stdout","time":1.183479457,"data":"dataset mount: /kaggle/input/datasets/saarshai/q8-schur-subdivision-inputs\n"}
,{"stream_name":"stdout","time":5.858169843,"data":"   ━━━━━━━━━━━━━━━━━━━━━━━━━━━━━━━━━━━━━━━━ 10.1/10.1 MB 52.1 MB/s eta 0:00:00\n"}
,{"stream_name":"stdout","time":8.861171479,"data":"python-flint 0.9.0\n"}
,{"stream_name":"stdout","time":8.865687557,"data":"manifest farey-hecke.q8-schur-subdivision-campaign/1 2026-08-21\n"}
,{"stream_name":"stdout","time":8.951672536,"data":"verified and staged 15 files\n"}
,{"stream_name":"stdout","time":8.957403814,"data":"seeded checkpoint from /kaggle/input/datasets/saarshai/q8-schur-subdivision-inputs/seed__SHARD_a0_l192-256.ckpt.json\n"}
,{"stream_name":"stdout","time":8.95744568,"data":"RUNNING: /usr/bin/python3 /kaggle/working/tree/driver/q8_leaf_shard.py --lane-f /kaggle/working/tree/lane_f --arc 0 --leaf-start 192 --leaf-end 256 --depth 8 --N 262 --K 1 --workers 4 --deadline-seconds 39600 --out /kaggle/working/SHARD_a0_l192-256.json --checkpoint /kaggle/working/SHARD_a0_l192-256.ckpt.json\n"}
,{"stream_name":"stdout","time":8.957454103,"data":"cpu_count 4\n"}
,{"stream_name":"stdout","time":9.174052661,"data":"Q8_SHARD arc=0 leaves=[192,256) depth=8 N=262 workers=4 resumed=17 pending=47\n"}
,{"stream_name":"stdout","time":7173.21699506,"data":"Q8_SHARD leaf=212 status=PASS qOp=[0.259630340947303012302 leaf_seconds=7163.6 elapsed=7164.0 done=18/64\n"}
,{"stream_name":"stdout","time":7179.809874375,"data":"Q8_SHARD leaf=211 status=PASS qOp=[0.260643304312547865736 leaf_seconds=7170.3 elapsed=7170.6 done=19/64\n"}
,{"stream_name":"stdout","time":7186.533772804,"data":"Q8_SHARD leaf=209 status=PASS qOp=[0.262651425545325146606 leaf_seconds=7177.0 elapsed=7177.4 done=20/64\n"}
,{"stream_name":"stdout","time":7188.916069358,"data":"Q8_SHARD leaf=210 status=PASS qOp=[0.261650837189674080525 leaf_seconds=7179.4 elapsed=7179.7 done=21/64\n"}
,{"stream_name":"stdout","time":14356.121763673,"data":"Q8_SHARD leaf=213 status=PASS qOp=[0.258610201822995884246 leaf_seconds=7182.9 elapsed=14346.9 done=22/64\n"}
,{"stream_name":"stdout","time":14364.43288609,"data":"Q8_SHARD leaf=214 status=PASS qOp=[0.257583293802017048485 leaf_seconds=7184.6 elapsed=14355.3 done=23/64\n"}
,{"stream_name":"stdout","time":14382.990864921,"data":"Q8_SHARD leaf=216 status=PASS qOp=[0.255510758047121633656 leaf_seconds=7194.1 elapsed=14373.8 done=24/64\n"}
,{"stream_name":"stdout","time":14519.4687003,"data":"Q8_SHARD leaf=215 status=PASS qOp=[0.256550015565742503391 leaf_seconds=7332.9 elapsed=14510.3 done=25/64\n"}
,{"stream_name":"stdout","time":21864.86409656,"data":"Q8_SHARD leaf=218 status=PASS qOp=[0.253417502209606121423 leaf_seconds=7500.4 elapsed=21855.7 done=26/64\n"}
,{"stream_name":"stdout","time":21866.073322096,"data":"Q8_SHARD leaf=217 status=PASS qOp=[0.254465903773607963574 leaf_seconds=7509.9 elapsed=21856.9 done=27/64\n"}
,{"stream_name":"stdout","time":21903.751183357,"data":"Q8_SHARD leaf=219 status=PASS qOp=[0.252368295322129177545 leaf_seconds=7520.8 elapsed=21894.6 done=28/64\n"}
,{"stream_name":"stdout","time":22059.325855032,"data":"Q8_SHARD leaf=220 status=PASS qOp=[0.251314959376058116885 leaf_seconds=7539.9 elapsed=22050.2 done=29/64\n"}
,{"stream_name":"stdout","time":29271.614544396,"data":"Q8_SHARD leaf=221 status=PASS qOp=[0.250257375861043467470 leaf_seconds=7406.7 elapsed=29262.4 done=30/64\n"}
,{"stream_name":"stdout","time":29290.01487574,"data":"Q8_SHARD leaf=222 status=PASS qOp=[0.249195886969731182191 leaf_seconds=7423.9 elapsed=29280.8 done=31/64\n"}
,{"stream_name":"stdout","time":29329.424975262,"data":"Q8_SHARD leaf=223 status=PASS qOp=[0.248130817070865318171 leaf_seconds=7425.7 elapsed=29320.3 done=32/64\n"}
,{"stream_name":"stdout","time":29465.301549388,"data":"Q8_SHARD leaf=224 status=PASS qOp=[0.247063101847413195089 leaf_seconds=7406.0 elapsed=29456.1 done=33/64\n"}
,{"stream_name":"stdout","time":36599.264856022,"data":"Q8_SHARD leaf=225 status=PASS qOp=[0.245998502004250383842 leaf_seconds=7327.6 elapsed=36590.1 done=34/64\n"}
,{"stream_name":"stdout","time":36629.956894283,"data":"Q8_SHARD leaf=226 status=PASS qOp=[0.245035693980478649302 leaf_seconds=7339.9 elapsed=36620.8 done=35/64\n"}
,{"stream_name":"stdout","time":36669.074944267,"data":"Q8_SHARD leaf=227 status=PASS qOp=[0.244074167530597171757 leaf_seconds=7339.6 elapsed=36659.9 done=36/64\n"}
,{"stream_name":"stdout","time":36795.765868556,"data":"Q8_SHARD leaf=228 status=PASS qOp=[0.243109234825448773948 leaf_seconds=7330.5 elapsed=36786.6 done=37/64\n"}
]