q*_BCZ = 0.861809, t* = 2/9 = 0.222222
FIXED eps = 0.001
N values: [10000000, 100000000, 1000000000]
Seeds per (N, eps): 4

Warmup numba...
  warmup done

=== N = 10,000,000  (4 seeds) ===
  seed 55475: max=8, mean3+=4.333, Pr(L>=3)=0.00001, rate_3p/step=9.000e-07, hill_a=N/A, n_3+=9, t=0.1s
  seed 56484: max=10, mean3+=5.286, Pr(L>=3)=0.00001, rate_3p/step=7.000e-07, hill_a=N/A, n_3+=7, t=0.1s
  seed 57493: max=6, mean3+=4.500, Pr(L>=3)=0.00001, rate_3p/step=6.000e-07, hill_a=N/A, n_3+=6, t=0.1s
  seed 58502: max=11, mean3+=6.000, Pr(L>=3)=0.00001, rate_3p/step=6.000e-07, hill_a=N/A, n_3+=6, t=0.1s
hill_a=N/A

=== N = 100,000,000  (4 seeds) ===
  seed 63394: max=36, mean3+=5.292, Pr(L>=3)=0.00001, rate_3p/step=7.200e-07, hill_a=2.724, n_3+=72, t=0.8s
  seed 64403: max=56, mean3+=5.522, Pr(L>=3)=0.00001, rate_3p/step=6.700e-07, hill_a=3.216, n_3+=67, t=0.8s
  seed 65412: max=32, mean3+=5.186, Pr(L>=3)=0.00001, rate_3p/step=7.000e-07, hill_a=2.795, n_3+=70, t=0.8s
  seed 66421: max=23, mean3+=5.254, Pr(L>=3)=0.00001, rate_3p/step=7.100e-07, hill_a=2.634, n_3+=71, t=0.8s
  agg: max=36.8+-7.0, mean3+=5.313+-0.073, Pr(L>=3)=0.00001+-0.00000, hill_a=2.842

=== N = 1,000,000,000  (4 seeds) ===
  seed 71313: max=82, mean3+=5.020, Pr(L>=3)=0.00001, rate_3p/step=7.570e-07, hill_a=3.016, n_3+=757, t=8.3s
  seed 72322: max=65, mean3+=5.009, Pr(L>=3)=0.00001, rate_3p/step=7.570e-07, hill_a=2.917, n_3+=757, t=8.3s
  seed 73331: max=49, mean3+=5.052, Pr(L>=3)=0.00001, rate_3p/step=7.440e-07, hill_a=2.919, n_3+=744, t=8.3s
  seed 74340: max=68, mean3+=5.009, Pr(L>=3)=0.00001, rate_3p/step=7.470e-07, hill_a=2.970, n_3+=747, t=8.3s
  agg: max=66.0+-6.8, mean3+=5.023+-0.010, Pr(L>=3)=0.00001+-0.00000, hill_a=2.955

=== Summary (eps = 0.001) ===
           N      max(L)    E[L|>=3]    Pr(L>=3)     rate3+/step          n_3+    hill_a
  10,000,000        8.75       5.030     0.00001       7.000e-07             7       N/A
 100,000,000       36.75       5.313     0.00001       7.000e-07            70     2.842
1,000,000,000       66.00       5.023     0.00001       7.513e-07           751     2.955

=== Scaling fits ===
  max(L) ~ N^a:        a = +0.4388 (rmse=0.200)
  max(L) = a*ln(N)+b:  a = +12.4317, b = -191.833 (rmse=0.295)
  E[L|>=3] ~ N^a:      a = -0.0003
  Pr(L>=3) ~ N^a:      a = +0.0153
  rate3+/step ~ N^a:   a = +0.0153
  n_3+ ~ N^a:          a = +1.0153 (expect ≈ 1.0)

Total: 37s. Saved to /Users/za/Documents/Farey NOW/projects/mimo-mini-project/code/finite_N_scaling_results.json
