Target N = 500,000,000; chunk = 10,000,000
  primes up to √N = 22361: 2,502
  done [1, 10,000,001); M(10000000)=1037; Σ_3=1.1361623060442341; elapsed=15s
  done [10,000,001, 20,000,001); M(20000000)=-953; Σ_3=1.1361623074546034; elapsed=30s
  done [20,000,001, 30,000,001); M(30000000)=-1157; Σ_3=1.1361623074859419; elapsed=45s
  done [30,000,001, 40,000,001); M(40000000)=-333; Σ_3=1.1361623076908218; elapsed=60s
  done [40,000,001, 50,000,001); M(50000000)=-908; Σ_3=1.1361623076908218; elapsed=75s
  done [50,000,001, 60,000,001); M(60000000)=1267; Σ_3=1.1361623076908218; elapsed=90s
  done [60,000,001, 70,000,001); M(70000000)=-1270; Σ_3=1.1361623076908218; elapsed=106s
  done [70,000,001, 80,000,001); M(80000000)=1088; Σ_3=1.1361623076908218; elapsed=121s
  done [80,000,001, 90,000,001); M(90000000)=2050; Σ_3=1.1361623076908218; elapsed=137s
  done [90,000,001, 100,000,001); M(100000000)=1928; Σ_3=1.1361623076908218; elapsed=152s
  done [100,000,001, 110,000,001); M(110000000)=-4145; Σ_3=1.1361623076908218; elapsed=168s
  done [110,000,001, 120,000,001); M(120000000)=475; Σ_3=1.1361623076908218; elapsed=183s
  done [120,000,001, 130,000,001); M(130000000)=-2059; Σ_3=1.1361623076908218; elapsed=199s
  done [130,000,001, 140,000,001); M(140000000)=1646; Σ_3=1.1361623076908218; elapsed=214s
  done [140,000,001, 150,000,001); M(150000000)=1089; Σ_3=1.1361623076908218; elapsed=230s
  done [150,000,001, 160,000,001); M(160000000)=948; Σ_3=1.1361623076908218; elapsed=245s
  done [160,000,001, 170,000,001); M(170000000)=-694; Σ_3=1.1361623076908218; elapsed=261s
  done [170,000,001, 180,000,001); M(180000000)=-5678; Σ_3=1.1361623076908218; elapsed=276s
  done [180,000,001, 190,000,001); M(190000000)=-3276; Σ_3=1.1361623076908218; elapsed=292s
  done [190,000,001, 200,000,001); M(200000000)=320; Σ_3=1.1361623076908218; elapsed=307s
  done [200,000,001, 210,000,001); M(210000000)=1576; Σ_3=1.1361623076908218; elapsed=323s
  done [210,000,001, 220,000,001); M(220000000)=5174; Σ_3=1.1361623076908218; elapsed=338s
  done [220,000,001, 230,000,001); M(230000000)=3075; Σ_3=1.1361623076908218; elapsed=354s
  done [230,000,001, 240,000,001); M(240000000)=-1451; Σ_3=1.1361623076908218; elapsed=369s
  done [240,000,001, 250,000,001); M(250000000)=-982; Σ_3=1.1361623076908218; elapsed=385s
  done [250,000,001, 260,000,001); M(260000000)=-141; Σ_3=1.1361623076908218; elapsed=400s
  done [260,000,001, 270,000,001); M(270000000)=-1691; Σ_3=1.1361623076908218; elapsed=416s
  done [270,000,001, 280,000,001); M(280000000)=-3337; Σ_3=1.1361623076908218; elapsed=431s
  done [280,000,001, 290,000,001); M(290000000)=-597; Σ_3=1.1361623076908218; elapsed=446s
  done [290,000,001, 300,000,001); M(300000000)=-592; Σ_3=1.1361623076908218; elapsed=462s
  done [300,000,001, 310,000,001); M(310000000)=-3723; Σ_3=1.1361623076908218; elapsed=477s
  done [310,000,001, 320,000,001); M(320000000)=-614; Σ_3=1.1361623076908218; elapsed=493s
  done [320,000,001, 330,000,001); M(330000000)=1413; Σ_3=1.1361623076908218; elapsed=509s
  done [330,000,001, 340,000,001); M(340000000)=3628; Σ_3=1.1361623076908218; elapsed=524s
  done [340,000,001, 350,000,001); M(350000000)=2896; Σ_3=1.1361623076908218; elapsed=540s
  done [350,000,001, 360,000,001); M(360000000)=4955; Σ_3=1.1361623076908218; elapsed=556s
  done [360,000,001, 370,000,001); M(370000000)=4557; Σ_3=1.1361623076908218; elapsed=571s
  done [370,000,001, 380,000,001); M(380000000)=1835; Σ_3=1.1361623076908218; elapsed=587s
  done [380,000,001, 390,000,001); M(390000000)=1158; Σ_3=1.1361623076908218; elapsed=603s
  done [390,000,001, 400,000,001); M(400000000)=-1599; Σ_3=1.1361623076908218; elapsed=618s
  done [400,000,001, 410,000,001); M(410000000)=-1442; Σ_3=1.1361623076908218; elapsed=634s
  done [410,000,001, 420,000,001); M(420000000)=-131; Σ_3=1.1361623076908218; elapsed=650s
  done [420,000,001, 430,000,001); M(430000000)=-2417; Σ_3=1.1361623076908218; elapsed=666s
  done [430,000,001, 440,000,001); M(440000000)=-1803; Σ_3=1.1361623076908218; elapsed=681s
  done [440,000,001, 450,000,001); M(450000000)=-2674; Σ_3=1.1361623076908218; elapsed=697s
  done [450,000,001, 460,000,001); M(460000000)=-5807; Σ_3=1.1361623076908218; elapsed=712s
  done [460,000,001, 470,000,001); M(470000000)=-4672; Σ_3=1.1361623076908218; elapsed=728s
  done [470,000,001, 480,000,001); M(480000000)=-3369; Σ_3=1.1361623076908218; elapsed=743s
  done [480,000,001, 490,000,001); M(490000000)=-3235; Σ_3=1.1361623076908218; elapsed=758s
  done [490,000,001, 500,000,001); M(500000000)=-2168; Σ_3=1.1361623076908218; elapsed=774s

Final at N = 500,000,000 (774s):
  Σ M(n)²/n^2.5 = 1.346882315070482727
  Σ M(n)²/n^3.0 = 1.136162307690821827
  Σ M(n)²/n^3.5 = 1.059778479436655152
  Σ M(n)²/n^4.0 = 1.028068439937539713
  Σ M(n)²/n^5.0 = 1.007029927579602857

Done.
