Generating exact NW(Q) at 34 log-spaced Q in [1000,26000]
  Q=  1000 NW=0.6398006 M=    2  (0.2s)
  Q=  1104 NW=0.6621399 M=  -12  (0.2s)
  Q=  1218 NW=0.6359685 M=   -1  (0.3s)
  Q=  1345 NW=0.6446236 M=    2  (0.3s)
  Q=  1484 NW=0.6411354 M=    3  (0.4s)
  Q=  1638 NW=0.6715571 M=  -16  (0.5s)
  Q=  1808 NW=0.6474111 M=   -5  (0.6s)
  Q=  1996 NW=0.6554946 M=    7  (0.7s)
  Q=  2203 NW=0.6503119 M=    8  (0.9s)
  Q=  2432 NW=0.6596867 M=  -13  (1.1s)
  Q=  2684 NW=0.6469406 M=    4  (1.3s)
  Q=  2962 NW=0.6592258 M=  -15  (1.6s)
  Q=  3270 NW=0.6645987 M=   18  (1.9s)
  Q=  3609 NW=0.6484870 M=    0  (2.4s)
  Q=  3984 NW=0.6566777 M=  -11  (2.9s)
  Q=  4397 NW=0.6544313 M=   -9  (4.9s)
  Q=  4853 NW=0.6630416 M=   18  (6.3s)
  Q=  5357 NW=0.6552532 M=    5  (5.1s)
  Q=  5913 NW=0.6659722 M=   -8  (6.1s)
  Q=  6527 NW=0.6589854 M=  -12  (7.4s)
  Q=  7204 NW=0.6584980 M=    0  (9.1s)
  Q=  7951 NW=0.6649137 M=   -5  (11.2s)
  Q=  8776 NW=0.6612951 M=   12  (13.7s)
  Q=  9687 NW=0.6653771 M=  -21  (16.7s)
  Q= 10692 NW=0.6639558 M=  -19  (20.4s)
  Q= 11802 NW=0.6807598 M=   41  (24.8s)
  Q= 13026 NW=0.6666377 M=  -12  (30.4s)
  Q= 14378 NW=0.6634517 M=   15  (36.9s)
  Q= 15870 NW=0.6699589 M=  -23  (46.8s)
  Q= 17517 NW=0.6640421 M=  -23  (57.9s)
  Q= 19335 NW=0.6711015 M=   38  (91.5s)
  Q= 21341 NW=0.6675344 M=   30  (134.7s)
  Q= 23556 NW=0.6708588 M=  -32  (196.8s)
  Q= 26000 NW=0.6662998 M=   -7  (228.5s)

Data-anchored C estimate (mean of NW - M^2/6Q over upper half) = 0.660373

----- C = twinprime_half (0.6601618158) -----
  global delta on |R| = 0.914
  DRIFT [Q0,4Q0]:  1000->0.55  1307->0.51  1707->0.85  2230->1.59  2914->1.71  3808->1.37  4975->0.81  6500->0.33
  R*sqrtQ range [-0.8491,+0.9391]  |last|/|first|=1.412  sign-changes(R)=7

----- C = A065483_task (0.6602994192) -----
  global delta on |R| = 0.940
  DRIFT [Q0,4Q0]:  1000->0.54  1307->0.50  1707->0.86  2230->1.57  2914->1.67  3808->1.43  4975->0.81  6500->0.47
  R*sqrtQ range [-0.8539,+0.9169]  |last|/|first|=1.370  sign-changes(R)=7

----- C = data_estimate (0.6603734889) -----
  global delta on |R| = 0.963
  DRIFT [Q0,4Q0]:  1000->0.54  1307->0.50  1707->0.86  2230->1.56  2914->1.65  3808->1.47  4975->0.82  6500->0.57
  R*sqrtQ range [-0.8565,+0.9049]  |last|/|first|=1.347  sign-changes(R)=7

=== (5) Explicit-formula model (TRUE exp=0.5) over same Q range ===
  fitted single-power delta_eff over 12 random realizations:
    mean=0.531  std=0.252  range=[0.105,1.000]

Wrote /Users/za/Documents/Farey NOW/projects/mimo-mini-project/code/T5_adjudicate_063_results.json (964s total)
