======================================================================
TASK 1 : window-rigidity spectrum  g_m = min over orbits of max(P_0..P_{m-1})
======================================================================
  g_1 = 0.0000000000   minimizer (a,b)=(1.000000,0.000000)   period-2 vertex? False   [2/9=0.2222222222]
  g_2 = 0.0000000004   minimizer (a,b)=(1.000000,0.000000)   period-2 vertex? False   [2/9=0.2222222222]
  g_3 = 0.2222222222   minimizer (a,b)=(0.666667,0.333333)   period-2 vertex? True   [2/9=0.2222222222]
  g_4 = 0.2222222222   minimizer (a,b)=(0.666667,0.333333)   period-2 vertex? True   [2/9=0.2222222222]
  g_5 = 0.2222222222   minimizer (a,b)=(0.666667,0.333333)   period-2 vertex? True   [2/9=0.2222222222]
  g_6 = 0.2223673985   minimizer (a,b)=(0.333453,0.666862)   period-2 vertex? True   [2/9=0.2222222222]

  monotone non-decreasing in m : True
  g_3 ~ 2/9 (sanity)            : True  (|g_3 - 2/9| = 1.69e-14)
  SATURATION g_m=2/9 for m>=3   : True
  g_1=0.000000 < g_2=0.000000 < g_3=0.222222=2/9 : True

======================================================================
TASK 2 : periodic-orbit / ergodic-optimization search (symbol words k_1..k_p)
======================================================================
  found 3 primitive periodic orbits (period<=8, k<=6)

  ranked by CEILING functional sup_n P_n  (the relevant one):
  word                   per       sup P      mean P       min P
  [1, 4]                   2  0.22246412  0.22246412  0.22246412
  [2]                      1  0.25028044  0.25028044  0.25028044
  [1, 3, 1, 6]             4  0.37519157  0.28139367  0.18759578

  MIN sup_n P_n over all enumerated orbits = 0.2224641250  (2/9 = 0.2222222222)
  orbits achieving the min ceiling: [[1, 4]]
  any orbit with sup P < 2/9 (would CONTRADICT theorem)? NONE (consistent)

  ceiling-functional ladder (distinct sup values, ascending):
    sup P = 0.22246413   e.g. word [1, 4] (period 2)
    sup P = 0.25028044   e.g. word [2] (period 1)
    sup P = 0.37519157   e.g. word [1, 3, 1, 6] (period 4)

======================================================================
TASK 3 : Aubry-Mather / Sturmian framing  +  independent cross-check
======================================================================
  brute-force cycle search: 6999 cycles detected; min sup_n P_n = 0.22225927 at (np.float64(0.666722), np.float64(0.333361), 2) (2/9=0.22222222)
  brute force finds an orbit below 2/9? NO (theorem corroborated)

  --- the optimizing orbit ---
  family word (rotation class): [4, 1]   (equivalently [1,4])
  family orbit  : (a, a/2) <-> (a/2, a),  product = a^2/2,  a in (2/3, 1]
  ceiling sup_n P_n = a^2/2, minimized as a -> 2/3+  =>  inf = 2/9
  degenerate boundary orbit (the minimizer): (2/3,1/3) <-> (1/3,2/3)
  product at the boundary vertex = (2/3)^2/2 = 2/9 = 2/9
  certificate triple at (1/3,2/3): (Pl,Pm,Pr)=(0.333333,0.222222,0.666667)  [l=4-side gives all 2/9 in the limit]

  symbolic rotation number (mean floor symbol of [4,1]) = 2.5
  runner-up family: [2] diagonal fixed line (a,a), product a^2, inf 1/4 > 2/9

  FRAMING (ergodic optimization / Aubry-Mather):
   * Standard EO (Jenkinson survey, ETDS 2019; Contreras "Ground states are
     generically a periodic orbit", Invent. 2016; Yuan-Hunt; Bousch
     "Le poisson n'a pas d'aretes" Sturmian-optimal): for many systems the
     optimizing invariant measure of a generic observable is supported on a
     PERIODIC orbit.
   * Here the BCZ map is parabolic/area-preserving, so periodic orbits are NOT
     isolated -- each symbol word with tr(M)=2 gives a 1-PARAMETER FAMILY (a
     parabolic "Mather family", a line of orbits sharing one floor word).  The
     ceiling functional mu |-> ess-sup P is minimized over the [4,1] family,
     and its infimum 2/9 is attained only in the boundary/vertex LIMIT
     (2/3,1/3)<->(1/3,2/3).  So the optimal measure is the degenerate period-2
     vertex orbit -- a genuine "optimal-measure-is-a-periodic-orbit" instance,
     but with a parabolic-family twist (the minimizer is a boundary limit, not
     an interior generic periodic orbit).
   * The optimal word [4,1] has symbolic rotation number 5/2; it is the unique
     lowest-product parabolic family.  This is the BCZ analogue of the Sturmian
     / minimal-rotation optimal orbits in Bousch's theory.
   * PRIOR-ART VERDICT: ergodic optimization is established for the GAUSS
     continued-fraction map (arXiv 2512.21394, Dec 2025) and for expanding
     circle/interval maps; equidistribution of BCZ periodic orbits is classical
     (Boca-Cobeli-Zaharescu; Sarnak via horocycle flow).  But ERGODIC
     OPTIMIZATION OF THE BCZ / horocycle-return MAP, with the Farey-gap product
     as observable and 2/9 as the extremal ceiling constant, APPEARS NOVEL --
     the BCZ map is not a standard EO testbed and the parabolic-family geometry
     of its optimizer is non-generic.

results written to T9_ergodic_optimization_results.json
