[{"stream_name":"stdout","time":5.554878408,"data":"   ━━━━━━━━━━━━━━━━━━━━━━━━━━━━━━━━━━━━━━━━ 10.1/10.1 MB 51.7 MB/s eta 0:00:00\n"}
,{"stream_name":"stdout","time":8.466803599,"data":"RUNNING: /usr/bin/python3 /Users/za/Documents/farey-hecke/research_notes/rh_goals_2026-08-14/lane_f/f9f12_certify_r3b_flagship.py --q 12 --N 36 --receipt /kaggle/working/F12_R3B_CHUNK_00_N36_RECEIPT.json --report /kaggle/working/F12_R3B_CHUNK_00_N36_CERT.md\n"}
,{"stream_name":"stdout","time":213.52767771,"data":"{\n"}
,{"stream_name":"stdout","time":213.527717947,"data":"  \"smoke_test\": false,\n"}
,{"stream_name":"stdout","time":213.527723158,"data":"  \"q\": 12,\n"}
,{"stream_name":"stdout","time":213.527727106,"data":"  \"N\": 36,\n"}
,{"stream_name":"stdout","time":213.527730455,"data":"  \"sign\": 1,\n"}
,{"stream_name":"stdout","time":213.527733807,"data":"  \"winding_ball\": [\n"}
,{"stream_name":"stdout","time":213.52773711,"data":"    0.9999999973929152,\n"}
,{"stream_name":"stdout","time":213.527740247,"data":"    1.0000000026070848\n"}
,{"stream_name":"stdout","time":213.527743813,"data":"  ],\n"}
,{"stream_name":"stdout","time":213.527746877,"data":"  \"winding_mid\": 1.0,\n"}
,{"stream_name":"stdout","time":213.527750747,"data":"  \"certified_integer\": 1,\n"}
,{"stream_name":"stdout","time":213.527756482,"data":"  \"integer_isolated\": true,\n"}
,{"stream_name":"stdout","time":213.527759939,"data":"  \"closed_contour_status\": \"CLOSED_CONTOUR_CERTIFIED\",\n"}
,{"stream_name":"stdout","time":213.527763177,"data":"  \"complete_closed_cover\": true,\n"}
,{"stream_name":"stdout","time":213.527766337,"data":"  \"chunk_gate_pass\": true,\n"}
,{"stream_name":"stdout","time":213.527769587,"data":"  \"det_calls\": 16,\n"}
,{"stream_name":"stdout","time":213.527772804,"data":"  \"min_det_abs_lower_on_contour\": 3.7752892025651146e-06,\n"}
,{"stream_name":"stdout","time":213.527776437,"data":"  \"max_dim_tail_upper\": 4.1398785583334353e-16,\n"}
,{"stream_name":"stdout","time":213.527779897,"data":"  \"max_dim_tail_at\": [\n"}
,{"stream_name":"stdout","time":213.527783329,"data":"    0.2873248025928323,\n"}
,{"stream_name":"stdout","time":213.527786596,"data":"    3.4924065186049105\n"}
,{"stream_name":"stdout","time":213.52778963,"data":"  ],\n"}
,{"stream_name":"stdout","time":213.527792635,"data":"  \"N_escalated_points\": [],\n"}
,{"stream_name":"stdout","time":213.527795704,"data":"  \"tail_safety\": 4,\n"}
,{"stream_name":"stdout","time":213.527798761,"data":"  \"pin_name\": \"g12_pin_1\",\n"}
,{"stream_name":"stdout","time":213.527801961,"data":"  \"pin_source\": \"f9f12_pin_finder.py -\u003e f12_receipts/F12_PIN_SCAN.json (pins[0])\",\n"}
,{"stream_name":"stdout","time":213.527805724,"data":"  \"s_box\": {\n"}
,{"stream_name":"stdout","time":213.527809192,"data":"    \"re\": \"0.28732580259283225\",\n"}
,{"stream_name":"stdout","time":213.527812471,"data":"    \"im\": \"3.4924075186049106\",\n"}
,{"stream_name":"stdout","time":213.527815668,"data":"    \"half_width\": \"1e-6\"\n"}
,{"stream_name":"stdout","time":213.527818897,"data":"  },\n"}
,{"stream_name":"stdout","time":213.527824977,"data":"  \"engine\": {\n"}
,{"stream_name":"stdout","time":213.52782817,"data":"    \"path\": \"/Users/za/Documents/farey-hecke/.worktrees/aletheia-restore/code/zeta_cert_rosen_even.py\",\n"}
,{"stream_name":"stdout","time":213.527831585,"data":"    \"sha256\": \"693d2a88fd525e94c8ab6a63486e82fe0670d9dce142effbd5be5e324597212a\",\n"}
,{"stream_name":"stdout","time":213.52783498,"data":"    \"module\": \"zeta_cert_rosen_even\",\n"}
,{"stream_name":"stdout","time":213.527853692,"data":"    \"parity\": \"even\"\n"}
,{"stream_name":"stdout","time":213.527856714,"data":"  },\n"}
,{"stream_name":"stdout","time":213.527859047,"data":"  \"arcs_total\": 16,\n"}
,{"stream_name":"stdout","time":213.527861577,"data":"  \"arcs_per_edge\": 4,\n"}
,{"stream_name":"stdout","time":213.527864149,"data":"  \"N_head\": 4,\n"}
,{"stream_name":"stdout","time":213.527866717,"data":"  \"prec_bits\": 300\n"}
,{"stream_name":"stdout","time":213.52786929,"data":"}\n"}
,{"stream_name":"stdout","time":213.556324616,"data":"EXIT CODE: 0   wall_seconds: 205.0896511077881\n"}
,{"stream_name":"stdout","time":213.556361559,"data":"RUNNING: /usr/bin/python3 /Users/za/Documents/farey-hecke/research_notes/rh_goals_2026-08-14/lane_f/f9f12_certify_r3b_flagship.py --q 12 --N 32 --receipt /kaggle/working/F12_R3B_CHUNK_00_N32_RECEIPT.json --report /kaggle/working/F12_R3B_CHUNK_00_N32_CERT.md\n"}
,{"stream_name":"stdout","time":367.534149704,"data":"{\n"}
,{"stream_name":"stdout","time":367.534197845,"data":"  \"smoke_test\": false,\n"}
,{"stream_name":"stdout","time":367.534205356,"data":"  \"q\": 12,\n"}
,{"stream_name":"stdout","time":367.534209106,"data":"  \"N\": 32,\n"}
,{"stream_name":"stdout","time":367.534212205,"data":"  \"sign\": 1,\n"}
,{"stream_name":"stdout","time":367.534215737,"data":"  \"winding_ball\": [\n"}
,{"stream_name":"stdout","time":367.534219113,"data":"    0.9999999630471621,\n"}
,{"stream_name":"stdout","time":367.534222275,"data":"    1.0000000369528377\n"}
,{"stream_name":"stdout","time":367.534225317,"data":"  ],\n"}
,{"stream_name":"stdout","time":367.534228344,"data":"  \"winding_mid\": 0.9999999999999999,\n"}
,{"stream_name":"stdout","time":367.534231478,"data":"  \"certified_integer\": 1,\n"}
,{"stream_name":"stdout","time":367.534234803,"data":"  \"integer_isolated\": true,\n"}
,{"stream_name":"stdout","time":367.534237905,"data":"  \"closed_contour_status\": \"CLOSED_CONTOUR_CERTIFIED\",\n"}
,{"stream_name":"stdout","time":367.534241321,"data":"  \"complete_closed_cover\": true,\n"}
,{"stream_name":"stdout","time":367.534244492,"data":"  \"chunk_gate_pass\": true,\n"}
,{"stream_name":"stdout","time":367.534247509,"data":"  \"det_calls\": 16,\n"}
,{"stream_name":"stdout","time":367.534250522,"data":"  \"min_det_abs_lower_on_contour\": 3.7752891907009067e-06,\n"}
,{"stream_name":"stdout","time":367.534253629,"data":"  \"max_dim_tail_upper\": 1.3142682889996904e-14,\n"}
,{"stream_name":"stdout","time":367.534256734,"data":"  \"max_dim_tail_at\": [\n"}
,{"stream_name":"stdout","time":367.534259886,"data":"    0.2873253025928323,\n"}
,{"stream_name":"stdout","time":367.534262894,"data":"    3.4924065186049105\n"}
,{"stream_name":"stdout","time":367.534266033,"data":"  ],\n"}
,{"stream_name":"stdout","time":367.534269109,"data":"  \"N_escalated_points\": [],\n"}
,{"stream_name":"stdout","time":367.534272117,"data":"  \"tail_safety\": 4,\n"}
,{"stream_name":"stdout","time":367.534275121,"data":"  \"pin_name\": \"g12_pin_1\",\n"}
,{"stream_name":"stdout","time":367.534278281,"data":"  \"pin_source\": \"f9f12_pin_finder.py -\u003e f12_receipts/F12_PIN_SCAN.json (pins[0])\",\n"}
,{"stream_name":"stdout","time":367.534281925,"data":"  \"s_box\": {\n"}
,{"stream_name":"stdout","time":367.534285113,"data":"    \"re\": \"0.28732580259283225\",\n"}
,{"stream_name":"stdout","time":367.534288293,"data":"    \"im\": \"3.4924075186049106\",\n"}
,{"stream_name":"stdout","time":367.534291393,"data":"    \"half_width\": \"1e-6\"\n"}
,{"stream_name":"stdout","time":367.534294517,"data":"  },\n"}
,{"stream_name":"stdout","time":367.534308845,"data":"  \"engine\": {\n"}
,{"stream_name":"stdout","time":367.534311577,"data":"    \"path\": \"/Users/za/Documents/farey-hecke/.worktrees/aletheia-restore/code/zeta_cert_rosen_even.py\",\n"}
,{"stream_name":"stdout","time":367.534314454,"data":"    \"sha256\": \"693d2a88fd525e94c8ab6a63486e82fe0670d9dce142effbd5be5e324597212a\",\n"}
,{"stream_name":"stdout","time":367.534317178,"data":"    \"module\": \"zeta_cert_rosen_even\",\n"}
,{"stream_name":"stdout","time":367.534319886,"data":"    \"parity\": \"even\"\n"}
,{"stream_name":"stdout","time":367.534322359,"data":"  },\n"}
,{"stream_name":"stdout","time":367.534324761,"data":"  \"arcs_total\": 16,\n"}
,{"stream_name":"stdout","time":367.534333422,"data":"  \"arcs_per_edge\": 4,\n"}
,{"stream_name":"stdout","time":367.534336017,"data":"  \"N_head\": 4,\n"}
,{"stream_name":"stdout","time":367.534338515,"data":"  \"prec_bits\": 300\n"}
,{"stream_name":"stdout","time":367.534344358,"data":"}\n"}
,{"stream_name":"stdout","time":367.563489177,"data":"EXIT CODE: 0   wall_seconds: 154.00702261924744\n"}
,{"stream_name":"stderr","time":370.364078837,"data":"/usr/local/lib/python3.12/dist-packages/mistune.py:435: SyntaxWarning: invalid escape sequence '\\|'\n"}
,{"stream_name":"stderr","time":370.364136919,"data":"  cells[i][c] = re.sub('\\\\\\\\\\|', '|', cell)\n"}
,{"stream_name":"stderr","time":370.807744096,"data":"/usr/local/lib/python3.12/dist-packages/nbconvert/filters/filter_links.py:36: SyntaxWarning: invalid escape sequence '\\_'\n"}
,{"stream_name":"stderr","time":370.807779106,"data":"  text = re.sub(r'_', '\\_', text) # Escape underscores in display text\n"}
,{"stream_name":"stderr","time":372.004119838,"data":"[NbConvertApp] Converting notebook __script__.ipynb to html\n"}
,{"stream_name":"stderr","time":373.793428626,"data":"[NbConvertApp] Writing 328365 bytes to __results__.html\n"}
]