[{"stream_name":"stdout","time":1.449319369,"data":"q*_BCZ closed form = 0.861809\n"}
,{"stream_name":"stdout","time":1.549870555,"data":"\n"}
,{"stream_name":"stdout","time":1.5499065829999998,"data":"=== β=1 Hermite bulk (N=5000, 5 repeats) ===\n"}
,{"stream_name":"stdout","time":62.15442368,"data":"  q=0.9500: size-2=0.272±0.544%, size-3+=0.0000±0.0000%\n"}
,{"stream_name":"stdout","time":62.154511081,"data":"  q=0.9900: size-2=0.000±0.000%, size-3+=0.0000±0.0000%\n"}
,{"stream_name":"stdout","time":62.155150219,"data":"  q=0.9990: size-2=0.000±0.000%, size-3+=0.0000±0.0000%\n"}
,{"stream_name":"stdout","time":62.155195907,"data":"\n"}
,{"stream_name":"stdout","time":62.155202208,"data":"=== β=2 Hermite bulk (N=5000, 5 repeats) ===\n"}
,{"stream_name":"stdout","time":125.056342653,"data":"  q=0.9500: size-2=0.542±0.509%, size-3+=0.0000±0.0000%\n"}
,{"stream_name":"stdout","time":125.056387741,"data":"  q=0.9900: size-2=0.000±0.000%, size-3+=0.0000±0.0000%\n"}
,{"stream_name":"stdout","time":125.056392798,"data":"  q=0.9990: size-2=0.000±0.000%, size-3+=0.0000±0.0000%\n"}
,{"stream_name":"stdout","time":125.056397045,"data":"\n"}
,{"stream_name":"stdout","time":125.056400485,"data":"=== β=4 Hermite bulk (N=5000, 5 repeats) ===\n"}
,{"stream_name":"stdout","time":187.40327751,"data":"  q=0.9500: size-2=1.105±1.426%, size-3+=0.0000±0.0000%\n"}
,{"stream_name":"stdout","time":187.403769178,"data":"  q=0.9900: size-2=0.000±0.000%, size-3+=0.0000±0.0000%\n"}
,{"stream_name":"stdout","time":187.403793422,"data":"  q=0.9990: size-2=0.000±0.000%, size-3+=0.0000±0.0000%\n"}
,{"stream_name":"stdout","time":187.403800129,"data":"\n"}
,{"stream_name":"stdout","time":187.403804963,"data":"=== β=6 Hermite bulk (N=5000, 5 repeats) ===\n"}
,{"stream_name":"stdout","time":260.485228537,"data":"  q=0.9500: size-2=0.950±0.336%, size-3+=0.0000±0.0000%\n"}
,{"stream_name":"stdout","time":260.485283547,"data":"  q=0.9900: size-2=0.714±1.429%, size-3+=0.0000±0.0000%\n"}
,{"stream_name":"stdout","time":260.485373515,"data":"  q=0.9990: size-2=0.000±0.000%, size-3+=0.0000±0.0000%\n"}
,{"stream_name":"stdout","time":260.485385968,"data":"\n"}
,{"stream_name":"stdout","time":260.485391697,"data":"=== β=10 Hermite bulk (N=5000, 5 repeats) ===\n"}
,{"stream_name":"stdout","time":323.101891967,"data":"  q=0.9500: size-2=0.678±0.430%, size-3+=0.0000±0.0000%\n"}
,{"stream_name":"stdout","time":323.102819832,"data":"  q=0.9900: size-2=0.000±0.000%, size-3+=0.0000±0.0000%\n"}
,{"stream_name":"stdout","time":323.103568916,"data":"  q=0.9990: size-2=0.000±0.000%, size-3+=0.0000±0.0000%\n"}
,{"stream_name":"stdout","time":323.103600766,"data":"\n"}
,{"stream_name":"stdout","time":323.103608299,"data":"=== CUE Haar (N=2000, 5 repeats) ===\n"}
,{"stream_name":"stdout","time":432.036138222,"data":"  q=0.9500: size-2=1.033±1.141%, size-3+=0.0000±0.0000%\n"}
,{"stream_name":"stdout","time":432.036839119,"data":"  q=0.9900: size-2=0.000±0.000%, size-3+=0.0000±0.0000%\n"}
,{"stream_name":"stdout","time":432.03732912,"data":"  q=0.9990: size-2=0.000±0.000%, size-3+=0.0000±0.0000%\n"}
,{"stream_name":"stdout","time":432.037549665,"data":"\n"}
,{"stream_name":"stdout","time":432.037719368,"data":"=== COE proxy (β=1 Hermite) (N=5000, 5 repeats) ===\n"}
,{"stream_name":"stdout","time":502.176982741,"data":"  q=0.9500: size-2=0.407±0.544%, size-3+=0.0000±0.0000%\n"}
,{"stream_name":"stdout","time":502.177092041,"data":"  q=0.9900: size-2=0.714±1.429%, size-3+=0.0000±0.0000%\n"}
,{"stream_name":"stdout","time":502.177100027,"data":"  q=0.9990: size-2=0.000±0.000%, size-3+=0.0000±0.0000%\n"}
,{"stream_name":"stdout","time":502.177104344,"data":"\n"}
,{"stream_name":"stdout","time":502.177125305,"data":"=== CSE proxy (β=4 Hermite) (N=5000, 5 repeats) ===\n"}
,{"stream_name":"stdout","time":564.072833459,"data":"  q=0.9500: size-2=0.816±0.672%, size-3+=0.0000±0.0000%\n"}
,{"stream_name":"stdout","time":564.072893493,"data":"  q=0.9900: size-2=0.000±0.000%, size-3+=0.0000±0.0000%\n"}
,{"stream_name":"stdout","time":564.072901132,"data":"  q=0.9990: size-2=0.000±0.000%, size-3+=0.0000±0.0000%\n"}
,{"stream_name":"stdout","time":564.072906987,"data":"\n"}
,{"stream_name":"stdout","time":564.072912214,"data":"=== Poisson (N=10000, 5 repeats) ===\n"}
,{"stream_name":"stdout","time":564.093644238,"data":"  q=0.9500: size-2=5.335±0.848%, size-3+=0.0848±0.1039%\n"}
,{"stream_name":"stdout","time":564.0939084,"data":"  q=0.9900: size-2=1.858±0.786%, size-3+=0.0000±0.0000%\n"}
,{"stream_name":"stdout","time":564.093972321,"data":"  q=0.9990: size-2=2.500±5.000%, size-3+=0.0000±0.0000%\n"}
,{"stream_name":"stdout","time":564.093980797,"data":"\n"}
,{"stream_name":"stdout","time":564.093986252,"data":"=== Periodic + jitter (N=10000, 5 repeats) ===\n"}
,{"stream_name":"stdout","time":564.125248301,"data":"  q=0.9500: size-2=0.040±0.080%, size-3+=0.0000±0.0000%\n"}
,{"stream_name":"stdout","time":564.125806294,"data":"  q=0.9900: size-2=0.000±0.000%, size-3+=0.0000±0.0000%\n"}
,{"stream_name":"stdout","time":564.126067524,"data":"  q=0.9990: size-2=0.000±0.000%, size-3+=0.0000±0.0000%\n"}
,{"stream_name":"stdout","time":564.126083864,"data":"\n"}
,{"stream_name":"stdout","time":564.126089476,"data":"=== φ-rotation (Three-Gap) (N=10000, 1 repeats) ===\n"}
,{"stream_name":"stdout","time":564.134059726,"data":"  q=0.9500: size-2=0.000±0.000%, size-3+=0.0000±0.0000%\n"}
,{"stream_name":"stdout","time":564.134099367,"data":"  q=0.9900: size-2=0.000±0.000%, size-3+=0.0000±0.0000%\n"}
,{"stream_name":"stdout","time":564.134105664,"data":"  q=0.9990: size-2=0.000±0.000%, size-3+=0.0000±0.0000%\n"}
,{"stream_name":"stdout","time":564.134110737,"data":"\n"}
,{"stream_name":"stdout","time":564.134115865,"data":"=== Riemann zeros (K=5000, slow mpmath) ===\n"}
,{"stream_name":"stdout","time":4386.913394422,"data":"  computed 4999 unfolded spacings in 3823s\n"}
,{"stream_name":"stdout","time":4386.915210913,"data":"  q=0.9500: size-2=0.000%, size-3+=0.0000%\n"}
,{"stream_name":"stdout","time":4386.915245201,"data":"  q=0.9900: size-2=0.000%, size-3+=0.0000%\n"}
,{"stream_name":"stdout","time":4386.915251933,"data":"  q=0.9990: size-2=0.000%, size-3+=0.0000%\n"}
,{"stream_name":"stdout","time":4386.916181218,"data":"\n"}
,{"stream_name":"stdout","time":4386.916214194,"data":"Done — diagnostic suite results saved.\n"}
,{"stream_name":"stderr","time":4390.297204929,"data":"/usr/local/lib/python3.12/dist-packages/mistune.py:435: SyntaxWarning: invalid escape sequence '\\|'\n"}
,{"stream_name":"stderr","time":4390.297360567,"data":"  cells[i][c] = re.sub('\\\\\\\\\\|', '|', cell)\n"}
,{"stream_name":"stderr","time":4390.83348811,"data":"/usr/local/lib/python3.12/dist-packages/nbconvert/filters/filter_links.py:36: SyntaxWarning: invalid escape sequence '\\_'\n"}
,{"stream_name":"stderr","time":4390.833528569,"data":"  text = re.sub(r'_', '\\_', text) # Escape underscores in display text\n"}
,{"stream_name":"stderr","time":4392.902661846,"data":"[NbConvertApp] Converting notebook __script__.ipynb to html\n"}
,{"stream_name":"stderr","time":4394.768906907,"data":"[NbConvertApp] Writing 321279 bytes to __results__.html\n"}
]