[{"stream_name":"stdout","time":5.738740833,"data":"   ━━━━━━━━━━━━━━━━━━━━━━━━━━━━━━━━━━━━━━━━ 10.1/10.1 MB 62.8 MB/s eta 0:00:00\n"}
,{"stream_name":"stdout","time":8.817868462,"data":"RUNNING: /usr/bin/python3 /Users/za/Documents/farey-hecke/research_notes/rh_goals_2026-08-14/lane_f/f7_certify_r3b_flagship.py --arcs 108:120 --workers 4 --receipt /kaggle/working/F7_R3B_CHUNK_09_RECEIPT.json --checkpoint /kaggle/working/F7_R3B_CHUNK_09_CHECKPOINT.json --report /kaggle/working/F7_R3B_CHUNK_09_CERT.md\n"}
,{"stream_name":"stdout","time":10114.932825454,"data":"N=256 event=ACCEPTED_ARC eval=1 accepted=1 pending=11\n"}
,{"stream_name":"stdout","time":10116.825629839,"data":"N=256 event=ACCEPTED_ARC eval=2 accepted=2 pending=10\n"}
,{"stream_name":"stdout","time":10119.818408917,"data":"N=256 event=ACCEPTED_ARC eval=3 accepted=3 pending=9\n"}
,{"stream_name":"stdout","time":10122.61830429,"data":"N=256 event=ACCEPTED_ARC eval=4 accepted=4 pending=8\n"}
,{"stream_name":"stdout","time":19863.622278772,"data":"N=256 event=ACCEPTED_ARC eval=5 accepted=5 pending=7\n"}
,{"stream_name":"stdout","time":19875.95337296,"data":"N=256 event=ACCEPTED_ARC eval=6 accepted=6 pending=6\n"}
,{"stream_name":"stdout","time":19878.436849207,"data":"N=256 event=ACCEPTED_ARC eval=7 accepted=7 pending=5\n"}
,{"stream_name":"stdout","time":19884.436169261,"data":"N=256 event=ACCEPTED_ARC eval=8 accepted=8 pending=4\n"}
,{"stream_name":"stdout","time":29564.843876783,"data":"N=256 event=ACCEPTED_ARC eval=9 accepted=9 pending=3\n"}
,{"stream_name":"stdout","time":29578.758805092,"data":"N=256 event=ACCEPTED_ARC eval=10 accepted=10 pending=2\n"}
,{"stream_name":"stdout","time":29591.910047815,"data":"N=256 event=ACCEPTED_ARC eval=11 accepted=11 pending=1\n"}
,{"stream_name":"stdout","time":29599.429887858,"data":"N=256 event=ACCEPTED_ARC eval=12 accepted=12 pending=0\n"}
,{"stream_name":"stdout","time":33021.72665435,"data":"N=224 event=FAILURE eval=1 accepted=0 pending=191\n"}
,{"stream_name":"stdout","time":33021.951770888,"data":"{\n"}
,{"stream_name":"stdout","time":33021.951805364,"data":"  \"verdict\": \"THEOREM-GRADE closed-contour NO at N=256\",\n"}
,{"stream_name":"stdout","time":33021.951812711,"data":"  \"receipt\": \"/kaggle/working/F7_R3B_CHUNK_09_RECEIPT.json\",\n"}
,{"stream_name":"stdout","time":33021.951818955,"data":"  \"checkpoint\": \"/kaggle/working/F7_R3B_CHUNK_09_CHECKPOINT.json\",\n"}
,{"stream_name":"stdout","time":33021.951825493,"data":"  \"report\": \"/kaggle/working/F7_R3B_CHUNK_09_CERT.md\"\n"}
,{"stream_name":"stdout","time":33021.951831289,"data":"}\n"}
,{"stream_name":"stdout","time":33022.060355828,"data":"EXIT CODE: 0   wall_seconds: 33013.242398023605\n"}
,{"stream_name":"stderr","time":33025.206892697,"data":"/usr/local/lib/python3.12/dist-packages/mistune.py:435: SyntaxWarning: invalid escape sequence '\\|'\n"}
,{"stream_name":"stderr","time":33025.207027368,"data":"  cells[i][c] = re.sub('\\\\\\\\\\|', '|', cell)\n"}
,{"stream_name":"stderr","time":33025.654846505,"data":"/usr/local/lib/python3.12/dist-packages/nbconvert/filters/filter_links.py:36: SyntaxWarning: invalid escape sequence '\\_'\n"}
,{"stream_name":"stderr","time":33025.65487813,"data":"  text = re.sub(r'_', '\\_', text) # Escape underscores in display text\n"}
,{"stream_name":"stderr","time":33026.817504835,"data":"[NbConvertApp] Converting notebook __script__.ipynb to html\n"}
,{"stream_name":"stderr","time":33028.602387309,"data":"[NbConvertApp] Writing 565690 bytes to __results__.html\n"}
]