N=288 event=SUBDIVIDED eval=1 accepted=0 pending=13
N=288 event=SUBDIVIDED eval=2 accepted=0 pending=14
N=288 event=SUBDIVIDED eval=3 accepted=0 pending=15
N=288 event=SUBDIVIDED eval=4 accepted=0 pending=16
N=288 event=SUBDIVIDED eval=5 accepted=0 pending=17
N=288 event=SUBDIVIDED eval=6 accepted=0 pending=18
N=288 event=SUBDIVIDED eval=7 accepted=0 pending=19
N=288 event=SUBDIVIDED eval=8 accepted=0 pending=20
N=288 event=SUBDIVIDED eval=9 accepted=0 pending=21
N=288 event=SUBDIVIDED eval=10 accepted=0 pending=22
N=288 event=SUBDIVIDED eval=11 accepted=0 pending=23
N=288 event=SUBDIVIDED eval=12 accepted=0 pending=24
N=288 event=ACCEPTED_ARC eval=13 accepted=1 pending=23
N=288 event=ACCEPTED_ARC eval=14 accepted=2 pending=22
N=288 event=ACCEPTED_ARC eval=15 accepted=3 pending=21
N=288 event=ACCEPTED_ARC eval=16 accepted=4 pending=20
N=288 event=ACCEPTED_ARC eval=17 accepted=5 pending=19
N=288 event=ACCEPTED_ARC eval=18 accepted=6 pending=18
N=288 event=ACCEPTED_ARC eval=19 accepted=7 pending=17
N=288 event=ACCEPTED_ARC eval=20 accepted=8 pending=16
N=288 event=ACCEPTED_ARC eval=21 accepted=9 pending=15
N=288 event=ACCEPTED_ARC eval=22 accepted=10 pending=14
N=288 event=ACCEPTED_ARC eval=23 accepted=11 pending=13
N=288 event=ACCEPTED_ARC eval=24 accepted=12 pending=12
N=288 event=ACCEPTED_ARC eval=25 accepted=13 pending=11
N=288 event=ACCEPTED_ARC eval=26 accepted=14 pending=10
N=288 event=ACCEPTED_ARC eval=27 accepted=15 pending=9
N=288 event=ACCEPTED_ARC eval=28 accepted=16 pending=8
N=288 event=ACCEPTED_ARC eval=29 accepted=17 pending=7
N=288 event=ACCEPTED_ARC eval=30 accepted=18 pending=6
N=288 event=ACCEPTED_ARC eval=31 accepted=19 pending=5
N=288 event=ACCEPTED_ARC eval=32 accepted=20 pending=4
N=288 event=ACCEPTED_ARC eval=33 accepted=21 pending=3
N=288 event=ACCEPTED_ARC eval=34 accepted=22 pending=2
N=288 event=ACCEPTED_ARC eval=35 accepted=23 pending=1
N=288 event=ACCEPTED_ARC eval=36 accepted=24 pending=0
{
  "verdict": "THEOREM-GRADE closed-contour NO at N=288",
  "receipt": "/Users/za/Documents/farey-hecke/research_notes/rh_goals_2026-08-14/lane_g/kaggle_s2_contour/local_receipts/S2_CHUNK_a096-108.json",
  "checkpoint": "/Users/za/Documents/farey-hecke/research_notes/rh_goals_2026-08-14/lane_g/kaggle_s2_contour/local_receipts/S2_CHUNK_a096-108.ckpt.json",
  "report": "/Users/za/Documents/farey-hecke/research_notes/rh_goals_2026-08-14/lane_g/kaggle_s2_contour/local_receipts/S2_CHUNK_a096-108.md"
}
