2026-08-23T19:41:04Z local S2 fill start: 0:12 12:24 24:36 48:60
2026-08-24T00:41:29Z chunk a048-060 exit=0
2026-08-24T00:41:33Z chunk a000-012 exit=0
2026-08-24T01:18:48Z chunk a024-036 exit=0
2026-08-24T03:46:04Z chunk a012-024 exit=0
2026-08-24T03:46:04Z local S2 fill DRAINED
2026-08-24T03:47:54Z queue2 start: 120..192 in two batches of 3+3 x4workers? no: 4-then-2
2026-08-24T20:05:23Z queue2 DRAINED (superseded: killed at owner pause; marker injected for queue3 launch)
2026-08-24T20:05:23Z queue3 start (self-heal sweep)
2026-08-24T20:05:24Z queue3 running a060-072
2026-08-24T20:05:24Z queue3 running a072-084
2026-08-24T20:05:24Z queue3 running a084-096
2026-08-24T20:05:24Z queue3 running a096-108
2026-08-25T00:11:34Z chunk a084-096 exit=0
2026-08-25T00:11:41Z chunk a096-108 exit=0
2026-08-25T00:47:47Z chunk a072-084 exit=0
2026-08-25T03:10:42Z chunk a060-072 exit=0
2026-08-25T03:10:42Z queue3 running a108-120
2026-08-25T04:36:03Z queue4 start (portable dispatcher, MAX=4)
2026-08-25T04:36:04Z queue4 adopting in-flight a108-120
2026-08-25T04:36:04Z queue4 running a120-132
2026-08-25T04:36:09Z queue4 running a132-144
2026-08-25T04:36:14Z queue4 running a144-156
