[{"stream_name":"stdout","time":7.382956143,"data":"   ━━━━━━━━━━━━━━━━━━━━━━━━━━━━━━━━━━━━━━━━ 10.1/10.1 MB 57.6 MB/s eta 0:00:00\n"}
,{"stream_name":"stdout","time":10.821521188,"data":"RUNNING: /usr/bin/python3 /Users/za/Documents/farey-hecke/research_notes/rh_goals_2026-08-14/lane_f/f7_certify_r3b_flagship.py --arcs 12:24 --workers 4 --receipt /kaggle/working/F7_R3B_CHUNK_01_RECEIPT.json --checkpoint /kaggle/working/F7_R3B_CHUNK_01_CHECKPOINT.json --report /kaggle/working/F7_R3B_CHUNK_01_CERT.md\n"}
,{"stream_name":"stdout","time":9517.218999095,"data":"N=256 event=ACCEPTED_ARC eval=1 accepted=1 pending=11\n"}
,{"stream_name":"stdout","time":9523.626674488,"data":"N=256 event=ACCEPTED_ARC eval=2 accepted=2 pending=10\n"}
,{"stream_name":"stdout","time":9545.66854914,"data":"N=256 event=ACCEPTED_ARC eval=3 accepted=3 pending=9\n"}
,{"stream_name":"stdout","time":9555.896382616,"data":"N=256 event=ACCEPTED_ARC eval=4 accepted=4 pending=8\n"}
,{"stream_name":"stdout","time":18771.430091721,"data":"N=256 event=ACCEPTED_ARC eval=5 accepted=5 pending=7\n"}
,{"stream_name":"stdout","time":18800.697290931,"data":"N=256 event=ACCEPTED_ARC eval=6 accepted=6 pending=6\n"}
,{"stream_name":"stdout","time":18852.313558548,"data":"N=256 event=ACCEPTED_ARC eval=7 accepted=7 pending=5\n"}
,{"stream_name":"stdout","time":18861.017100698,"data":"N=256 event=ACCEPTED_ARC eval=8 accepted=8 pending=4\n"}
,{"stream_name":"stdout","time":27903.839919927,"data":"N=256 event=ACCEPTED_ARC eval=9 accepted=9 pending=3\n"}
,{"stream_name":"stdout","time":27935.798268172,"data":"N=256 event=ACCEPTED_ARC eval=10 accepted=10 pending=2\n"}
,{"stream_name":"stdout","time":27949.464133731,"data":"N=256 event=ACCEPTED_ARC eval=11 accepted=11 pending=1\n"}
,{"stream_name":"stdout","time":27957.307074111,"data":"N=256 event=ACCEPTED_ARC eval=12 accepted=12 pending=0\n"}
,{"stream_name":"stdout","time":31328.438245737,"data":"N=224 event=FAILURE eval=1 accepted=0 pending=191\n"}
,{"stream_name":"stdout","time":31328.709897461,"data":"{\n"}
,{"stream_name":"stdout","time":31328.709944726,"data":"  \"verdict\": \"THEOREM-GRADE closed-contour NO at N=256\",\n"}
,{"stream_name":"stdout","time":31328.709950116,"data":"  \"receipt\": \"/kaggle/working/F7_R3B_CHUNK_01_RECEIPT.json\",\n"}
,{"stream_name":"stdout","time":31328.709954146,"data":"  \"checkpoint\": \"/kaggle/working/F7_R3B_CHUNK_01_CHECKPOINT.json\",\n"}
,{"stream_name":"stdout","time":31328.709974834,"data":"  \"report\": \"/kaggle/working/F7_R3B_CHUNK_01_CERT.md\"\n"}
,{"stream_name":"stdout","time":31328.709981786,"data":"}\n"}
,{"stream_name":"stdout","time":31328.845355573,"data":"EXIT CODE: 0   wall_seconds: 31318.02372765541\n"}
,{"stream_name":"stderr","time":31331.909338168,"data":"/usr/local/lib/python3.12/dist-packages/mistune.py:435: SyntaxWarning: invalid escape sequence '\\|'\n"}
,{"stream_name":"stderr","time":31331.909398911,"data":"  cells[i][c] = re.sub('\\\\\\\\\\|', '|', cell)\n"}
,{"stream_name":"stderr","time":31332.404436332,"data":"/usr/local/lib/python3.12/dist-packages/nbconvert/filters/filter_links.py:36: SyntaxWarning: invalid escape sequence '\\_'\n"}
,{"stream_name":"stderr","time":31332.404476798,"data":"  text = re.sub(r'_', '\\_', text) # Escape underscores in display text\n"}
,{"stream_name":"stderr","time":31333.461940983,"data":"[NbConvertApp] Converting notebook __script__.ipynb to html\n"}
,{"stream_name":"stderr","time":31335.321847195,"data":"[NbConvertApp] Writing 565686 bytes to __results__.html\n"}
]