[{"stream_name":"stdout","time":4.764234699,"data":"   ━━━━━━━━━━━━━━━━━━━━━━━━━━━━━━━━━━━━━━━━ 10.1/10.1 MB 93.1 MB/s eta 0:00:00\n"}
,{"stream_name":"stdout","time":7.788790255,"data":"RUNNING: /usr/bin/python3 /Users/za/Documents/farey-hecke/research_notes/rh_goals_2026-08-14/lane_f/f7_certify_r3b_flagship.py --arcs 180:192 --workers 4 --receipt /kaggle/working/F7_R3B_CHUNK_15_RECEIPT.json --checkpoint /kaggle/working/F7_R3B_CHUNK_15_CHECKPOINT.json --report /kaggle/working/F7_R3B_CHUNK_15_CERT.md\n"}
,{"stream_name":"stdout","time":9166.615720172,"data":"N=256 event=ACCEPTED_ARC eval=1 accepted=1 pending=11\n"}
,{"stream_name":"stdout","time":9186.854568691,"data":"N=256 event=ACCEPTED_ARC eval=2 accepted=2 pending=10\n"}
,{"stream_name":"stdout","time":9189.329441299,"data":"N=256 event=ACCEPTED_ARC eval=3 accepted=3 pending=9\n"}
,{"stream_name":"stdout","time":9195.025828822,"data":"N=256 event=ACCEPTED_ARC eval=4 accepted=4 pending=8\n"}
,{"stream_name":"stdout","time":18193.584288806,"data":"N=256 event=ACCEPTED_ARC eval=5 accepted=5 pending=7\n"}
,{"stream_name":"stdout","time":18199.89852296,"data":"N=256 event=ACCEPTED_ARC eval=6 accepted=6 pending=6\n"}
,{"stream_name":"stdout","time":18203.195848736,"data":"N=256 event=ACCEPTED_ARC eval=7 accepted=7 pending=5\n"}
,{"stream_name":"stdout","time":18213.498359632,"data":"N=256 event=ACCEPTED_ARC eval=8 accepted=8 pending=4\n"}
,{"stream_name":"stdout","time":27188.96776762,"data":"N=256 event=ACCEPTED_ARC eval=9 accepted=9 pending=3\n"}
,{"stream_name":"stdout","time":27204.461959818,"data":"N=256 event=ACCEPTED_ARC eval=10 accepted=10 pending=2\n"}
,{"stream_name":"stdout","time":27208.901757886,"data":"N=256 event=ACCEPTED_ARC eval=11 accepted=11 pending=1\n"}
,{"stream_name":"stdout","time":27211.546780838,"data":"N=256 event=ACCEPTED_ARC eval=12 accepted=12 pending=0\n"}
,{"stream_name":"stdout","time":30545.203594137,"data":"N=224 event=FAILURE eval=1 accepted=0 pending=191\n"}
,{"stream_name":"stdout","time":30545.452246767,"data":"{\n"}
,{"stream_name":"stdout","time":30545.452292344,"data":"  \"verdict\": \"THEOREM-GRADE closed-contour NO at N=256\",\n"}
,{"stream_name":"stdout","time":30545.452298224,"data":"  \"receipt\": \"/kaggle/working/F7_R3B_CHUNK_15_RECEIPT.json\",\n"}
,{"stream_name":"stdout","time":30545.452301995,"data":"  \"checkpoint\": \"/kaggle/working/F7_R3B_CHUNK_15_CHECKPOINT.json\",\n"}
,{"stream_name":"stdout","time":30545.452305843,"data":"  \"report\": \"/kaggle/working/F7_R3B_CHUNK_15_CERT.md\"\n"}
,{"stream_name":"stdout","time":30545.452309291,"data":"}\n"}
,{"stream_name":"stdout","time":30545.578489692,"data":"EXIT CODE: 0   wall_seconds: 30537.789414167404\n"}
,{"stream_name":"stderr","time":30548.86145369,"data":"/usr/local/lib/python3.12/dist-packages/mistune.py:435: SyntaxWarning: invalid escape sequence '\\|'\n"}
,{"stream_name":"stderr","time":30548.861530943,"data":"  cells[i][c] = re.sub('\\\\\\\\\\|', '|', cell)\n"}
,{"stream_name":"stderr","time":30549.342648879,"data":"/usr/local/lib/python3.12/dist-packages/nbconvert/filters/filter_links.py:36: SyntaxWarning: invalid escape sequence '\\_'\n"}
,{"stream_name":"stderr","time":30549.342686027,"data":"  text = re.sub(r'_', '\\_', text) # Escape underscores in display text\n"}
,{"stream_name":"stderr","time":30550.547523394,"data":"[NbConvertApp] Converting notebook __script__.ipynb to html\n"}
,{"stream_name":"stderr","time":30552.355400059,"data":"[NbConvertApp] Writing 565690 bytes to __results__.html\n"}
]