[{"stream_name":"stdout","time":9.808872509,"data":"   ━━━━━━━━━━━━━━━━━━━━━━━━━━━━━━━━━━━━━━━━ 10.1/10.1 MB 50.3 MB/s eta 0:00:00\n"}
,{"stream_name":"stdout","time":12.875588777,"data":"RUNNING: /usr/bin/python3 /Users/za/Documents/farey-hecke/research_notes/rh_goals_2026-08-14/lane_f/f7_certify_r3b_flagship.py --arcs 168:180 --workers 4 --receipt /kaggle/working/F7_R3B_CHUNK_14_RECEIPT.json --checkpoint /kaggle/working/F7_R3B_CHUNK_14_CHECKPOINT.json --report /kaggle/working/F7_R3B_CHUNK_14_CERT.md\n"}
,{"stream_name":"stdout","time":9115.465957139,"data":"N=256 event=ACCEPTED_ARC eval=1 accepted=1 pending=11\n"}
,{"stream_name":"stdout","time":9119.974728784,"data":"N=256 event=ACCEPTED_ARC eval=2 accepted=2 pending=10\n"}
,{"stream_name":"stdout","time":9130.481165566,"data":"N=256 event=ACCEPTED_ARC eval=3 accepted=3 pending=9\n"}
,{"stream_name":"stdout","time":9144.282927044,"data":"N=256 event=ACCEPTED_ARC eval=4 accepted=4 pending=8\n"}
,{"stream_name":"stdout","time":17858.165405017,"data":"N=256 event=ACCEPTED_ARC eval=5 accepted=5 pending=7\n"}
,{"stream_name":"stdout","time":17880.399382781,"data":"N=256 event=ACCEPTED_ARC eval=6 accepted=6 pending=6\n"}
,{"stream_name":"stdout","time":17897.013578939,"data":"N=256 event=ACCEPTED_ARC eval=7 accepted=7 pending=5\n"}
,{"stream_name":"stdout","time":17899.989456219,"data":"N=256 event=ACCEPTED_ARC eval=8 accepted=8 pending=4\n"}
,{"stream_name":"stdout","time":26742.588151888,"data":"N=256 event=ACCEPTED_ARC eval=9 accepted=9 pending=3\n"}
,{"stream_name":"stdout","time":26744.62112891,"data":"N=256 event=ACCEPTED_ARC eval=10 accepted=10 pending=2\n"}
,{"stream_name":"stdout","time":26774.622001317,"data":"N=256 event=ACCEPTED_ARC eval=11 accepted=11 pending=1\n"}
,{"stream_name":"stdout","time":26794.376945499,"data":"N=256 event=ACCEPTED_ARC eval=12 accepted=12 pending=0\n"}
,{"stream_name":"stdout","time":30127.114740545,"data":"N=224 event=FAILURE eval=1 accepted=0 pending=191\n"}
,{"stream_name":"stdout","time":30127.359125338,"data":"{\n"}
,{"stream_name":"stdout","time":30127.359172928,"data":"  \"verdict\": \"THEOREM-GRADE closed-contour NO at N=256\",\n"}
,{"stream_name":"stdout","time":30127.359180422,"data":"  \"receipt\": \"/kaggle/working/F7_R3B_CHUNK_14_RECEIPT.json\",\n"}
,{"stream_name":"stdout","time":30127.359186527,"data":"  \"checkpoint\": \"/kaggle/working/F7_R3B_CHUNK_14_CHECKPOINT.json\",\n"}
,{"stream_name":"stdout","time":30127.359192211,"data":"  \"report\": \"/kaggle/working/F7_R3B_CHUNK_14_CERT.md\"\n"}
,{"stream_name":"stdout","time":30127.359197511,"data":"}\n"}
,{"stream_name":"stdout","time":30127.501515023,"data":"EXIT CODE: 0   wall_seconds: 30114.625493764877\n"}
,{"stream_name":"stderr","time":30131.386446342,"data":"/usr/local/lib/python3.12/dist-packages/mistune.py:435: SyntaxWarning: invalid escape sequence '\\|'\n"}
,{"stream_name":"stderr","time":30131.386592627,"data":"  cells[i][c] = re.sub('\\\\\\\\\\|', '|', cell)\n"}
,{"stream_name":"stderr","time":30132.152599738,"data":"/usr/local/lib/python3.12/dist-packages/nbconvert/filters/filter_links.py:36: SyntaxWarning: invalid escape sequence '\\_'\n"}
,{"stream_name":"stderr","time":30132.152639115,"data":"  text = re.sub(r'_', '\\_', text) # Escape underscores in display text\n"}
,{"stream_name":"stderr","time":30134.009666135,"data":"[NbConvertApp] Converting notebook __script__.ipynb to html\n"}
,{"stream_name":"stderr","time":30136.35166858,"data":"[NbConvertApp] Writing 565690 bytes to __results__.html\n"}
]