[{"stream_name":"stdout","time":5.249654904,"data":"   ━━━━━━━━━━━━━━━━━━━━━━━━━━━━━━━━━━━━━━━━ 10.1/10.1 MB 25.1 MB/s eta 0:00:00\n"}
,{"stream_name":"stdout","time":7.265914627,"data":"RUNNING: /usr/bin/python3 /Users/za/Documents/farey-hecke/research_notes/rh_goals_2026-08-14/lane_f/f7_certify_r3b_flagship.py --arcs 60:72 --workers 4 --receipt /kaggle/working/F7_R3B_CHUNK_05_RECEIPT.json --checkpoint /kaggle/working/F7_R3B_CHUNK_05_CHECKPOINT.json --report /kaggle/working/F7_R3B_CHUNK_05_CERT.md\n"}
,{"stream_name":"stdout","time":5343.441690379,"data":"N=256 event=ACCEPTED_ARC eval=1 accepted=1 pending=11\n"}
,{"stream_name":"stdout","time":5349.072224125,"data":"N=256 event=ACCEPTED_ARC eval=2 accepted=2 pending=10\n"}
,{"stream_name":"stdout","time":5361.724255683,"data":"N=256 event=ACCEPTED_ARC eval=3 accepted=3 pending=9\n"}
,{"stream_name":"stdout","time":5364.455386077,"data":"N=256 event=ACCEPTED_ARC eval=4 accepted=4 pending=8\n"}
,{"stream_name":"stdout","time":10452.46781845,"data":"N=256 event=ACCEPTED_ARC eval=5 accepted=5 pending=7\n"}
,{"stream_name":"stdout","time":10468.419661703,"data":"N=256 event=ACCEPTED_ARC eval=6 accepted=6 pending=6\n"}
,{"stream_name":"stdout","time":10478.076465795,"data":"N=256 event=ACCEPTED_ARC eval=7 accepted=7 pending=5\n"}
,{"stream_name":"stdout","time":10485.723729421,"data":"N=256 event=ACCEPTED_ARC eval=8 accepted=8 pending=4\n"}
,{"stream_name":"stdout","time":15582.506424479,"data":"N=256 event=ACCEPTED_ARC eval=9 accepted=9 pending=3\n"}
,{"stream_name":"stdout","time":15595.839937668,"data":"N=256 event=ACCEPTED_ARC eval=10 accepted=10 pending=2\n"}
,{"stream_name":"stdout","time":15599.539668418,"data":"N=256 event=ACCEPTED_ARC eval=11 accepted=11 pending=1\n"}
,{"stream_name":"stdout","time":15607.934400417,"data":"N=256 event=ACCEPTED_ARC eval=12 accepted=12 pending=0\n"}
,{"stream_name":"stdout","time":17584.798173748,"data":"N=224 event=FAILURE eval=1 accepted=0 pending=191\n"}
,{"stream_name":"stdout","time":17584.974493313,"data":"{\n"}
,{"stream_name":"stdout","time":17584.974532403,"data":"  \"verdict\": \"THEOREM-GRADE closed-contour NO at N=256\",\n"}
,{"stream_name":"stdout","time":17584.974538703,"data":"  \"receipt\": \"/kaggle/working/F7_R3B_CHUNK_05_RECEIPT.json\",\n"}
,{"stream_name":"stdout","time":17584.974543753,"data":"  \"checkpoint\": \"/kaggle/working/F7_R3B_CHUNK_05_CHECKPOINT.json\",\n"}
,{"stream_name":"stdout","time":17584.974548913,"data":"  \"report\": \"/kaggle/working/F7_R3B_CHUNK_05_CERT.md\"\n"}
,{"stream_name":"stdout","time":17584.974553803,"data":"}\n"}
,{"stream_name":"stdout","time":17585.0790016,"data":"EXIT CODE: 0   wall_seconds: 17577.812997102737\n"}
,{"stream_name":"stderr","time":17587.482452335,"data":"/usr/local/lib/python3.12/dist-packages/mistune.py:435: SyntaxWarning: invalid escape sequence '\\|'\n"}
,{"stream_name":"stderr","time":17587.482624925,"data":"  cells[i][c] = re.sub('\\\\\\\\\\|', '|', cell)\n"}
,{"stream_name":"stderr","time":17587.902240023,"data":"/usr/local/lib/python3.12/dist-packages/nbconvert/filters/filter_links.py:36: SyntaxWarning: invalid escape sequence '\\_'\n"}
,{"stream_name":"stderr","time":17587.902275134,"data":"  text = re.sub(r'_', '\\_', text) # Escape underscores in display text\n"}
,{"stream_name":"stderr","time":17588.957995965,"data":"[NbConvertApp] Converting notebook __script__.ipynb to html\n"}
,{"stream_name":"stderr","time":17590.387859466,"data":"[NbConvertApp] Writing 565686 bytes to __results__.html\n"}
]