q= 3 r= 4.00000 N=16: LHS=    0.078860 (Z=   0.05887 K=   0.01999) 2logq= 2.1972 no-receipt  [0s]
q= 3 r= 5.50000 N=16: LHS=    0.266850 (Z=  -0.69144 K=   0.95829) 2logq= 2.1972 no-receipt  [0s]
q= 3 r= 7.06736 N=16: LHS=    8.115169 (Z=   6.01486 K=   2.10031) 2logq= 2.1972 no-receipt  [0s]
q= 3 r= 8.50000 N=16: LHS=    0.460263 (Z=  -2.77218 K=   3.23244) 2logq= 2.1972 no-receipt  [0s]
q= 3 r=10.00000 N=16: LHS=    1.772679 (Z=  -2.70616 K=   4.47884) 2logq= 2.1972 no-receipt  [0s]
q= 4 r= 4.00000 N=24: LHS=    2.686976 (Z=   0.56899 K=   2.11798) 2logq= 2.7726 no-receipt  [1s]
q= 4 r= 5.50000 N=24: LHS=    1.843800 (Z=  -1.99465 K=   3.83845) 2logq= 2.7726 no-receipt  [1s]
q= 4 r= 7.06736 N=24: LHS=    9.005007 (Z=   3.20420 K=   5.80081) 2logq= 2.7726 no-receipt  [1s]
q= 4 r= 8.50000 N=24: LHS=    1.276860 (Z=  -6.40618 K=   7.68304) 2logq= 2.7726 no-receipt  [1s]
q= 4 r=10.00000 N=24: LHS=    2.597747 (Z=  -7.11708 K=   9.71483) 2logq= 2.7726 no-receipt  [1s]
q= 6 r= 4.00000 N=24: LHS=    1.930698 (Z=  -2.30957 K=   4.24027) 2logq= 3.5835 no-receipt  [2s]
q= 6 r= 5.50000 N=24: LHS=    1.663830 (Z=  -5.06064 K=   6.72447) 2logq= 3.5835 no-receipt  [2s]
q= 6 r= 7.06736 N=24: LHS=    9.723545 (Z=   0.22103 K=   9.50252) 2logq= 3.5835 no-receipt  [2s]
q= 6 r= 8.50000 N=24: LHS=    5.562039 (Z=  -6.57187 K=  12.13391) 2logq= 3.5835 no-receipt  [2s]
q= 6 r=10.00000 N=24: LHS=    3.425130 (Z= -11.52575 K=  14.95088) 2logq= 3.5835 no-receipt  [2s]
q= 5 r= 4.00000 N=16: LHS=    2.945109 (Z=  -0.43944 K=   3.38455) 2logq= 3.2189 P_avg=  2.4493 P_hi= 337.6923 res_avg=   0.49580  [2s]
q= 5 r= 5.50000 N=16: LHS=    2.707818 (Z=  -2.86025 K=   5.56807) 2logq= 3.2189 P_avg=  2.4682 P_hi= 337.6923 res_avg=   0.23961  [2s]
q= 5 r= 7.06736 N=16: LHS=    1.751501 (Z=  -6.26985 K=   8.02135) 2logq= 3.2189 P_avg=  2.4722 P_hi= 337.6923 res_avg=  -0.72075  [2s]
q= 5 r= 8.50000 N=16: LHS=    2.585972 (Z=  -7.76746 K=  10.35343) 2logq= 3.2189 P_avg=  2.4682 P_hi= 337.6923 res_avg=   0.11776  [2s]
q= 5 r=10.00000 N=16: LHS=    4.647490 (Z=  -8.20894 K=  12.85643) 2logq= 3.2189 P_avg=  2.4493 P_hi= 337.6923 res_avg=   2.19818  [2s]
q= 7 r= 4.00000 N=16: LHS=    1.897170 (Z=  -2.96742 K=   4.86459) 2logq= 3.8918 P_avg=  4.8276 P_hi= 389.3590 res_avg=  -2.93046  [3s]
q= 7 r= 5.50000 N=16: LHS=    2.260746 (Z=  -5.29482 K=   7.55556) 2logq= 3.8918 P_avg=  4.8860 P_hi= 389.3590 res_avg=  -2.62529  [3s]
q= 7 r= 7.06736 N=16: LHS=    3.111682 (Z=  -7.45047 K=  10.56215) 2logq= 3.8918 P_avg=  4.8986 P_hi= 389.3590 res_avg=  -1.78689  [3s]
q= 7 r= 8.50000 N=16: LHS=    5.973894 (Z=  -7.43233 K=  13.40622) 2logq= 3.8918 P_avg=  4.8860 P_hi= 389.3590 res_avg=   1.08786  [3s]
q= 7 r=10.00000 N=16: LHS=    9.140726 (Z=  -7.30635 K=  16.44708) 2logq= 3.8918 P_avg=  4.8276 P_hi= 389.3590 res_avg=   4.31310  [3s]
q= 9 r= 4.00000 N=16: LHS=   13.075145 (Z=   7.34133 K=   5.73382) 2logq= 4.3944 P_avg=  6.6797 P_hi= 717.0513 res_avg=   6.39540  [5s]
q= 9 r= 5.50000 N=16: LHS=   17.413378 (Z=   8.73127 K=   8.68211) 2logq= 4.3944 P_avg=  6.7479 P_hi= 717.0513 res_avg=  10.66551  [5s]
q= 9 r= 7.06736 N=16: LHS=   17.423051 (Z=   5.44009 K=  11.98296) 2logq= 4.3944 P_avg=  6.7625 P_hi= 717.0513 res_avg=  10.66057  [6s]
q= 9 r= 8.50000 N=16: LHS=    3.631369 (Z= -11.47472 K=  15.10609) 2logq= 4.3944 P_avg=  6.7479 P_hi= 717.0513 res_avg=  -3.11650  [7s]
q= 9 r=10.00000 N=16: LHS=    3.356460 (Z= -15.08691 K=  18.44337) 2logq= 4.3944 P_avg=  6.6797 P_hi= 717.0513 res_avg=  -3.32328  [8s]
q=12 r= 4.00000 N=24: LHS=    3.135715 (Z=  -3.43345 K=   6.56916) 2logq= 4.9698 P_avg=  6.0693 P_hi= 814.2308 res_avg=  -2.93357  [12s]
q=12 r= 5.50000 N=24: LHS=    2.685399 (Z=  -7.02927 K=   9.71467) 2logq= 4.9698 P_avg=  6.1322 P_hi= 814.2308 res_avg=  -3.44675  [12s]
q=12 r= 7.06736 N=24: LHS=   11.917544 (Z=  -1.33480 K=  13.25234) 2logq= 4.9698 P_avg=  6.1456 P_hi= 814.2308 res_avg=   5.77191  [14s]
q=12 r= 8.50000 N=24: LHS=    5.271909 (Z= -11.33606 K=  16.60797) 2logq= 4.9698 P_avg=  6.1322 P_hi= 814.2308 res_avg=  -0.86024  [10s]
q=12 r=10.00000 N=24: LHS=    2.907063 (Z= -17.29054 K=  20.19760) 2logq= 4.9698 P_avg=  6.0693 P_hi= 814.2308 res_avg=  -3.16222  [11s]
q=15 r= 4.00000 N=16: LHS=    2.418109 (Z=  -4.72216 K=   7.14027) 2logq= 5.4161 P_avg=  7.3239 P_hi= 869.2308 res_avg=  -4.90577  [72s]
q=15 r= 5.50000 N=16: LHS=   11.188741 (Z=   0.80287 K=  10.38587) 2logq= 5.4161 P_avg=  7.3876 P_hi= 869.2308 res_avg=   3.80109  [77s]
q=15 r= 7.06736 N=16: LHS=   11.018507 (Z=  -3.03051 K=  14.04902) 2logq= 5.4161 P_avg=  7.4013 P_hi= 869.2308 res_avg=   3.61723  [20s]
q=15 r= 8.50000 N=16: LHS=    5.746632 (Z= -11.78581 K=  17.53245) 2logq= 5.4161 P_avg=  7.3876 P_hi= 869.2308 res_avg=  -1.64101  [20s]
q=15 r=10.00000 N=16: LHS=    4.070037 (Z= -17.19476 K=  21.26479) 2logq= 5.4161 P_avg=  7.3239 P_hi= 869.2308 res_avg=  -3.25384  [18s]
q=18 r= 4.00000 N=24: LHS=    5.322189 (Z=  -2.25182 K=   7.57401) 2logq= 5.7807 P_avg=  6.7143 P_hi= 849.2308 res_avg=  -1.39209  [21s]
q=18 r= 5.50000 N=24: LHS=    4.005490 (Z=  -6.87127 K=  10.87676) 2logq= 5.7807 P_avg=  6.7725 P_hi= 849.2308 res_avg=  -2.76702  [22s]
q=18 r= 7.06736 N=24: LHS=   18.001197 (Z=   3.38766 K=  14.61354) 2logq= 5.7807 P_avg=  6.7850 P_hi= 849.2308 res_avg=  11.21624  [23s]
q=18 r= 8.50000 N=24: LHS=    4.051931 (Z= -14.12204 K=  18.17398) 2logq= 5.7807 P_avg=  6.7725 P_hi= 849.2308 res_avg=  -2.72058  [23s]
q=18 r=10.00000 N=24: LHS=    7.852313 (Z= -14.14206 K=  21.99438) 2logq= 5.7807 P_avg=  6.7143 P_hi= 849.2308 res_avg=   1.13803  [22s]
q=21 r= 4.00000 N=16: LHS=   17.669127 (Z=   9.74469 K=   7.92444) 2logq= 6.0890 P_avg=  7.3479 P_hi=1013.0769 res_avg=  10.32119  [47s]
q=21 r= 5.50000 N=16: LHS=    3.159817 (Z=  -8.10286 K=  11.26268) 2logq= 6.0890 P_avg=  7.4046 P_hi=1013.0769 res_avg=  -4.24481  [44s]
q=21 r= 7.06736 N=16: LHS=   22.545854 (Z=   7.49984 K=  15.04601) 2logq= 6.0890 P_avg=  7.4167 P_hi=1013.0769 res_avg=  15.12911  [43s]
q=21 r= 8.50000 N=16: LHS=    3.940311 (Z= -14.71574 K=  18.65605) 2logq= 6.0890 P_avg=  7.4046 P_hi=1013.0769 res_avg=  -3.46432  [42s]
q=21 r=10.00000 N=16: LHS=    4.319725 (Z= -18.21447 K=  22.53420) 2logq= 6.0890 P_avg=  7.3479 P_hi=1013.0769 res_avg=  -3.02821  [41s]

=== FITS (non-arithmetic q only) ===
LHS_direct        : alpha(vs log q) =   3.6415 (R2=0.0976)   slope(vs q) =   0.3083 (R2=0.0892)
resid_vs_P_avg    : alpha(vs log q) =   0.6584 (R2=0.0037)   slope(vs q) =   0.0700 (R2=0.0054)
resid_vs_P_hi     : alpha(vs log q) = -462.6709 (R2=0.9117)   slope(vs q) = -39.2675 (R2=0.8372)
wrote /Users/za/Documents/farey-hecke/research_notes/rh_goals_2026-08-14/lane_g/law_probes/agp_massbalance.json
