prec-128 gate q=3: exact=8.115168741 det=8.115168753 err=1.23e-08

=== window masses ===
q= 3 W=[3.0,5.0]: mass=   0.16325 (Z=   0.0811 K=   0.0821) 4logq= 4.3944 VIOL  |exactquad-wind|=4.98e-08  [5s]
q= 3 W=[6.0,8.0]: mass=   5.53211 (Z=   1.4208 K=   4.1113) 4logq= 4.3944 OK   |exactquad-wind|=1.81e-06  [5s]
q= 3 W=[9.0,11.0]: mass=   5.51163 (Z=  -3.4527 K=   8.9643) 4logq= 4.3944 OK   |exactquad-wind|=5.57e-06  [5s]
q= 4 W=[3.0,5.0]: mass=   5.64539 (Z=   1.3644 K=   4.2810) 4logq= 5.5452 OK   |exactquad-wind|=4.46e-06  [6s]
q= 4 W=[6.0,8.0]: mass=   7.38292 (Z=  -4.0588 K=  11.4418) 4logq= 5.5452 OK   |exactquad-wind|=7.68e-06  [7s]
q= 4 W=[9.0,11.0]: mass=   7.17625 (Z= -12.2601 K=  19.4363) 4logq= 5.5452 OK   |exactquad-wind|=2.31e-05  [7s]
q= 6 W=[3.0,5.0]: mass=   4.71797 (Z=  -3.8165 K=   8.5344) 4logq= 7.1670 VIOL  |exactquad-wind|=3.91e-06  [10s]
q= 6 W=[6.0,8.0]: mass=   9.01271 (Z=  -9.7626 K=  18.7753) 4logq= 7.1670 OK   |exactquad-wind|=1.64e-06  [11s]
q= 6 W=[9.0,11.0]: mass=   9.27661 (Z= -20.6318 K=  29.9084) 4logq= 7.1670 OK   |exactquad-wind|=7.70e-07  [11s]
q= 5 W=[3.0,5.0]: mass=   6.12402 (Z=  -0.6944 K=   6.8184) 4logq= 6.4378 VIOL P_avg=  4.8897 res=   1.2343  [8s]
q= 5 W=[6.0,8.0]: mass=   8.44112 (Z=  -7.3996 K=  15.8407) 4logq= 6.4378 OK  P_avg=  4.8081 res=   3.6330  [9s]
q= 5 W=[9.0,11.0]: mass=  11.80788 (Z= -13.9116 K=  25.7195) 4logq= 6.4378 OK  P_avg=  4.8897 res=   6.9181  [9s]
q= 7 W=[3.0,5.0]: mass=  10.08291 (Z=   0.2955 K=   9.7874) 4logq= 7.7836 OK  P_avg=  9.6224 res=   0.4605  [16s]
q= 7 W=[6.0,8.0]: mass=  15.82071 (Z=  -5.0545 K=  20.8752) 4logq= 7.7836 OK  P_avg=  9.6357 res=   6.1850  [17s]
q= 7 W=[9.0,11.0]: mass=  12.76614 (Z= -20.1347 K=  32.9009) 4logq= 7.7836 OK  P_avg=  9.6224 res=   3.1437  [17s]
q= 9 W=[3.0,5.0]: mass=   9.62294 (Z=  -1.9099 K=  11.5329) 4logq= 8.7889 OK  P_avg= 13.3229 res=  -3.7000  [24s]
q= 9 W=[6.0,8.0]: mass=  18.09855 (Z=  -5.5939 K=  23.6925) 4logq= 8.7889 OK  P_avg= 13.2300 res=   4.8686  [25s]
q= 9 W=[9.0,11.0]: mass=  16.68331 (Z= -20.2104 K=  36.8937) 4logq= 8.7889 OK  P_avg= 13.3229 res=   3.3604  [27s]
q=12 W=[3.0,5.0]: mass=  14.90706 (Z=   1.6968 K=  13.2103) 4logq= 9.9396 OK  P_avg= 12.1142 res=   2.7929  [42s]
q=12 W=[6.0,8.0]: mass=  20.01244 (Z=  -6.2000 K=  26.2125) 4logq= 9.9396 OK  P_avg= 11.9737 res=   8.0387  [37s]
q=12 W=[9.0,11.0]: mass=  20.73830 (Z= -19.6646 K=  40.4029) 4logq= 9.9396 OK  P_avg= 12.1142 res=   8.6241  [52s]
q=15 W=[3.0,5.0]: mass=   7.48297 (Z=  -6.8734 K=  14.3563) 4logq=10.8322 VIOL P_avg= 14.6152 res=  -7.1322  [76s]
q=15 W=[6.0,8.0]: mass=  20.33809 (Z=  -7.4583 K=  27.7964) 4logq=10.8322 OK  P_avg= 14.4517 res=   5.8864  [79s]
q=15 W=[9.0,11.0]: mass=  27.24612 (Z= -15.2920 K=  42.5381) 4logq=10.8322 OK  P_avg= 14.6152 res=  12.6309  [119s]
q=18 W=[3.0,5.0]: mass=  12.00710 (Z=  -3.2191 K=  15.2262) 4logq=11.5615 OK  P_avg= 13.4012 res=  -1.3941  [95s]
q=18 W=[6.0,8.0]: mass=  21.58651 (Z=  -7.3336 K=  28.9201) 4logq=11.5615 OK  P_avg= 13.2305 res=   8.3560  [95s]
q=18 W=[9.0,11.0]: mass=  19.87202 (Z= -24.1261 K=  43.9981) 4logq=11.5615 OK  P_avg= 13.4012 res=   6.4708  [138s]
q=21 W=[3.0,5.0]: mass=  15.85499 (Z=  -0.0736 K=  15.9285) 4logq=12.1781 OK  P_avg= 14.6692 res=   1.1858  [231s]
q=21 W=[6.0,8.0]: mass=  23.61125 (Z=  -6.1705 K=  29.7818) 4logq=12.1781 OK  P_avg= 14.4244 res=   9.1868  [210s]
q=21 W=[9.0,11.0]: mass=  28.74470 (Z= -16.3337 K=  45.0784) 4logq=12.1781 OK  P_avg= 14.6692 res=  14.0755  [352s]

=== fits (non-arithmetic q) ===
mass            : slope vs log q =   8.2916 (R2=0.4191), alpha_implied =  -2.1458
resid_vs_P_avg  : slope vs log q =   2.4004 (R2=0.0541), alpha_implied =   0.7998

VERDICT: alpha=-2.1458 -> alpha <= 0.2 : A_Gamma benign, Route B budget arithmetic stands
  T(0.2) with this alpha = 0.33330 (was 0.14903 at alpha=0)
wrote /Users/za/Documents/farey-hecke/research_notes/rh_goals_2026-08-14/lane_g/law_probes/agp_window.json
