[q=10] rho*=0.813296 (1-rho*=0.186704) wall=0s
[q=14] rho*=0.856696 (1-rho*=0.143304) wall=1s
[q=18] rho*=0.914003 (1-rho*=0.085997) wall=1s
[q=22] rho*=0.929466 (1-rho*=0.070534) wall=1s
[q=26] rho*=0.943000 (1-rho*=0.057000) wall=1s
[q=30] rho*=0.950202 (1-rho*=0.049798) wall=1s
{
  "fit": {
    "C": 3.6097563877421077,
    "p": -1.2678876038463722,
    "r2": 0.9748578204635767,
    "residuals": [
      -0.0080969121274585,
      0.016154208275907772,
      -0.006458692913551625,
      -0.0011520074827436472,
      -0.0010030385456661628,
      0.0014192093200992573
    ]
  }
}
