q=12 sector sign=+1 N=28 builder=zeta_cert_rosen_even.cert_det
  [sign +1] bottom Im=16: dArg=+0.429961 segs=8 bisect=0 depth=0 30s
Traceback (most recent call last):
  File "/Users/za/Documents/farey-hecke/research_notes/rh_goals_2026-08-14/lane_g/law_probes/certdcH_winding.py", line 211, in <module>
    main()
    ~~~~^^
  File "/Users/za/Documents/farey-hecke/research_notes/rh_goals_2026-08-14/lane_g/law_probes/certdcH_winding.py", line 188, in main
    res[str(sign)] = run_sector(sign)
                     ~~~~~~~~~~^^^^^^
  File "/Users/za/Documents/farey-hecke/research_notes/rh_goals_2026-08-14/lane_g/law_probes/certdcH_winding.py", line 145, in run_sector
    acc = acc + certify_segment(ev, pts[i], pts[i + 1], 0, stats)
                ~~~~~~~~~~~~~~~^^^^^^^^^^^^^^^^^^^^^^^^^^^^^^^^^^
  File "/Users/za/Documents/farey-hecke/research_notes/rh_goals_2026-08-14/lane_g/law_probes/certdcH_winding.py", line 121, in certify_segment
    return (certify_segment(ev, p0, mid, depth + 1, stats)
            ~~~~~~~~~~~~~~~^^^^^^^^^^^^^^^^^^^^^^^^^^^^^^^
  File "/Users/za/Documents/farey-hecke/research_notes/rh_goals_2026-08-14/lane_g/law_probes/certdcH_winding.py", line 122, in certify_segment
    + certify_segment(ev, mid, p1, depth + 1, stats))
      ~~~~~~~~~~~~~~~^^^^^^^^^^^^^^^^^^^^^^^^^^^^^^^
  File "/Users/za/Documents/farey-hecke/research_notes/rh_goals_2026-08-14/lane_g/law_probes/certdcH_winding.py", line 122, in certify_segment
    + certify_segment(ev, mid, p1, depth + 1, stats))
      ~~~~~~~~~~~~~~~^^^^^^^^^^^^^^^^^^^^^^^^^^^^^^^
  File "/Users/za/Documents/farey-hecke/research_notes/rh_goals_2026-08-14/lane_g/law_probes/certdcH_winding.py", line 121, in certify_segment
    return (certify_segment(ev, p0, mid, depth + 1, stats)
            ~~~~~~~~~~~~~~~^^^^^^^^^^^^^^^^^^^^^^^^^^^^^^^
  File "/Users/za/Documents/farey-hecke/research_notes/rh_goals_2026-08-14/lane_g/law_probes/certdcH_winding.py", line 121, in certify_segment
    return (certify_segment(ev, p0, mid, depth + 1, stats)
            ~~~~~~~~~~~~~~~^^^^^^^^^^^^^^^^^^^^^^^^^^^^^^^
  File "/Users/za/Documents/farey-hecke/research_notes/rh_goals_2026-08-14/lane_g/law_probes/certdcH_winding.py", line 121, in certify_segment
    return (certify_segment(ev, p0, mid, depth + 1, stats)
            ~~~~~~~~~~~~~~~^^^^^^^^^^^^^^^^^^^^^^^^^^^^^^^
  [Previous line repeated 4 more times]
  File "/Users/za/Documents/farey-hecke/research_notes/rh_goals_2026-08-14/lane_g/law_probes/certdcH_winding.py", line 114, in certify_segment
    raise RuntimeError(
        f"half-turn criterion unmet at max depth between {p0} and {p1}; "
        f"w.real=[{float(w.real.lower()):.3e},{float(w.real.upper()):.3e}]")
RuntimeError: half-turn criterion unmet at max depth between (0.4, 17.28125) and (0.4, 17.281331380208332); w.real=[-8.227e-02,8.800e+00]
