q=9 sector sign=+1 N=20 builder=zeta_cert_rosen.cert_det
  [sign +1] bottom Im=16: dArg=+1.741211 segs=8 bisect=0 depth=0 21s
  [sign +1] right Re=0.4: dArg=-25.633952 segs=28 bisect=4 depth=1 66s
  [sign +1] top Im=18: dArg=-0.032408 segs=8 bisect=0 depth=0 19s
Traceback (most recent call last):
  File "/Users/za/Documents/farey-hecke/research_notes/rh_goals_2026-08-14/lane_g/law_probes/certdcH_winding.py", line 211, in <module>
    main()
    ~~~~^^
  File "/Users/za/Documents/farey-hecke/research_notes/rh_goals_2026-08-14/lane_g/law_probes/certdcH_winding.py", line 188, in main
    res[str(sign)] = run_sector(sign)
                     ~~~~~~~~~~^^^^^^
  File "/Users/za/Documents/farey-hecke/research_notes/rh_goals_2026-08-14/lane_g/law_probes/certdcH_winding.py", line 145, in run_sector
    acc = acc + certify_segment(ev, pts[i], pts[i + 1], 0, stats)
                ~~~~~~~~~~~~~~~^^^^^^^^^^^^^^^^^^^^^^^^^^^^^^^^^^
  File "/Users/za/Documents/farey-hecke/research_notes/rh_goals_2026-08-14/lane_g/law_probes/certdcH_winding.py", line 122, in certify_segment
    + certify_segment(ev, mid, p1, depth + 1, stats))
      ~~~~~~~~~~~~~~~^^^^^^^^^^^^^^^^^^^^^^^^^^^^^^^
  File "/Users/za/Documents/farey-hecke/research_notes/rh_goals_2026-08-14/lane_g/law_probes/certdcH_winding.py", line 121, in certify_segment
    return (certify_segment(ev, p0, mid, depth + 1, stats)
            ~~~~~~~~~~~~~~~^^^^^^^^^^^^^^^^^^^^^^^^^^^^^^^
  File "/Users/za/Documents/farey-hecke/research_notes/rh_goals_2026-08-14/lane_g/law_probes/certdcH_winding.py", line 122, in certify_segment
    + certify_segment(ev, mid, p1, depth + 1, stats))
      ~~~~~~~~~~~~~~~^^^^^^^^^^^^^^^^^^^^^^^^^^^^^^^
  File "/Users/za/Documents/farey-hecke/research_notes/rh_goals_2026-08-14/lane_g/law_probes/certdcH_winding.py", line 122, in certify_segment
    + certify_segment(ev, mid, p1, depth + 1, stats))
      ~~~~~~~~~~~~~~~^^^^^^^^^^^^^^^^^^^^^^^^^^^^^^^
  File "/Users/za/Documents/farey-hecke/research_notes/rh_goals_2026-08-14/lane_g/law_probes/certdcH_winding.py", line 121, in certify_segment
    return (certify_segment(ev, p0, mid, depth + 1, stats)
            ~~~~~~~~~~~~~~~^^^^^^^^^^^^^^^^^^^^^^^^^^^^^^^
  File "/Users/za/Documents/farey-hecke/research_notes/rh_goals_2026-08-14/lane_g/law_probes/certdcH_winding.py", line 121, in certify_segment
    return (certify_segment(ev, p0, mid, depth + 1, stats)
            ~~~~~~~~~~~~~~~^^^^^^^^^^^^^^^^^^^^^^^^^^^^^^^
  File "/Users/za/Documents/farey-hecke/research_notes/rh_goals_2026-08-14/lane_g/law_probes/certdcH_winding.py", line 121, in certify_segment
    return (certify_segment(ev, p0, mid, depth + 1, stats)
            ~~~~~~~~~~~~~~~^^^^^^^^^^^^^^^^^^^^^^^^^^^^^^^
  [Previous line repeated 3 more times]
  File "/Users/za/Documents/farey-hecke/research_notes/rh_goals_2026-08-14/lane_g/law_probes/certdcH_winding.py", line 114, in certify_segment
    raise RuntimeError(
        f"half-turn criterion unmet at max depth between {p0} and {p1}; "
        f"w.real=[{float(w.real.lower()):.3e},{float(w.real.upper()):.3e}]")
RuntimeError: half-turn criterion unmet at max depth between (0.023, 17.526041666666664) and (0.023, 17.525960286458332); w.real=[-8.362e+02,1.523e+05]
