sign=+1 s=0.1+i2.0: [0.344372291676233760333108955338 +/- 2.98e-31] + i*[0.998318959785881739266240162316 +/- 2.95e-31] tail=7.800255386352381e-08 (1.686 s)
sign=+1 s=0.1+i7.0: [-4.44598164419853256924243650208 +/- 4.57e-30] + i*[-1.24879509105511722499087846707 +/- 9.51e-31] tail=1.6877765723569262e-06 (1.919 s)
sign=+1 s=0.1+i12.0: [86.9481106428845397329273566479 +/- 3.28e-29] + i*[-11.1538248060246218928116831193 +/- 1.66e-29] tail=0.028102812333137713 (1.97 s)
sign=+1 s=0.1+i17.0: [92.7130122396499862345782855701 +/- 1.13e-29] + i*[267.400941471140569964582318923 +/- 9.31e-29] tail=199.2076277474221 (1.979 s)
sign=+1 s=0.25+i2.0: [0.581548224574154148297595907023 +/- 2.32e-31] + i*[0.573181871804202053628025021805 +/- 4.69e-31] tail=5.5350104766996827e-08 (1.74 s)
sign=+1 s=0.25+i7.0: [-1.27926823729148426461348259154 +/- 6.72e-31] + i*[-0.955663274137033020574628410434 +/- 4.06e-31] tail=7.500525283266856e-07 (1.894 s)
sign=+1 s=0.25+i12.0: [19.2891434958276431688098573083 +/- 4.03e-29] + i*[-2.40315168162772553386800276460 +/- 2.02e-30] tail=0.004491029328726587 (1.942 s)
sign=+1 s=0.25+i17.0: [4.87453315148445978673236323846 +/- 3.09e-30] + i*[23.9699773232065478795318638616 +/- 4.45e-29] tail=10.37340114039972 (1.973 s)
sign=+1 s=0.4+i2.0: [0.737840081355313892665720483162 +/- 2.18e-31] + i*[0.304476333246671217891665246222 +/- 4.03e-32] tail=4.9597895884766447e-08 (1.724 s)
sign=+1 s=0.4+i7.0: [-0.162444478238399328928500915875 +/- 4.71e-31] + i*[-0.650828243479001525799506264089 +/- 4.93e-31] tail=5.343494875567792e-07 (1.868 s)
sign=+1 s=0.4+i12.0: [5.96653405534259150515719410064 +/- 3.81e-30] + i*[-0.315450745630181504032507744160 +/- 3.56e-31] tail=0.0008177151343310953 (1.935 s)
sign=+1 s=0.4+i17.0: [0.682371656436399076521723881106 +/- 4.54e-31] + i*[2.36114890226413769645364624439 +/- 9.35e-31] tail=1.840490684158626 (1.958 s)
sign=-1 s=0.1+i2.0: [0.696136396501608656202858469134 +/- 4.58e-31] + i*[0.552204783593828668047973763965 +/- 1.28e-31] tail=6.563205354253234e-08 (1.675 s)
sign=-1 s=0.1+i7.0: [5.48394214053678999258435129242 +/- 1.19e-30] + i*[-9.38323856918111155893772643920 +/- 1.30e-30] tail=4.8425320955159005e-06 (1.918 s)
sign=-1 s=0.1+i12.0: [62.8537854084329338834856507984 +/- 2.28e-29] + i*[26.2993491097808002385391553830 +/- 3.33e-29] tail=0.01664866689404684 (1.944 s)
sign=-1 s=0.1+i17.0: [-238.921366202346474323961849113 +/- 3.04e-28] + i*[198.613515908864914945681961088 +/- 1.42e-28] tail=463.9047020536879 (1.975 s)
sign=-1 s=0.25+i2.0: [0.740606876854795137881411957603 +/- 4.48e-31] + i*[0.348866280498596475101717739232 +/- 2.79e-31] tail=5.5493649445872556e-08 (1.736 s)
sign=-1 s=0.25+i7.0: [3.01392720266522652568605952785 +/- 3.71e-30] + i*[-4.24676431065968443826691235495 +/- 3.95e-30] tail=2.189079158023791e-06 (1.889 s)
sign=-1 s=0.25+i12.0: [10.9023470069538520880528196928 +/- 8.19e-30] + i*[7.25670846471455576656570904682 +/- 1.29e-30] tail=0.002953904828438327 (1.938 s)
sign=-1 s=0.25+i17.0: [-22.2472694774948691000257351266 +/- 4.89e-29] + i*[14.8014448529373477698059277256 +/- 1.35e-29] tail=30.622616639412854 (1.97 s)
sign=-1 s=0.4+i2.0: [0.777453015372999992344711450539 +/- 2.36e-31] + i*[0.223356901368271896548472030433 +/- 8.97e-32] tail=5.026296352598672e-08 (1.72 s)
sign=-1 s=0.4+i7.0: [2.03688562003977352767444954876 +/- 4.03e-30] + i*[-2.05867446597379661720693209140 +/- 4.03e-30] tail=6.028513817745656e-07 (1.865 s)
sign=-1 s=0.4+i12.0: [2.50922785061332942412426289028 +/- 3.86e-30] + i*[1.41090402923703469827115074851 +/- 4.20e-30] tail=0.0005676616139150236 (1.939 s)
sign=-1 s=0.4+i17.0: [-1.27085941275992659490648050146 +/- 3.76e-30] + i*[1.34756170948886291856606754595 +/- 6.08e-31] tail=2.5636224941053047 (1.952 s)
wrote /Users/za/Documents/farey-hecke/research_notes/rh_goals_2026-08-14/lane_g/law_probes/evenxval_ref.json  total 45.11 s
