sign=+1 s=0.1+i2.0: (0.344372291676 + 0.998318959786j)  (19.554 s)
sign=+1 s=0.1+i7.0: (-4.4459816442 - 1.24879509106j)  (20.322 s)
sign=+1 s=0.1+i12.0: (86.9481106429 - 11.153824806j)  (21.037 s)
sign=+1 s=0.1+i17.0: (92.7130122396 + 267.400941471j)  (21.189 s)
sign=+1 s=0.25+i2.0: (0.581548224574 + 0.573181871804j)  (20.343 s)
sign=+1 s=0.25+i7.0: (-1.27926823729 - 0.955663274137j)  (20.698 s)
sign=+1 s=0.25+i12.0: (19.2891434958 - 2.40315168163j)  (20.756 s)
sign=+1 s=0.25+i17.0: (4.87453315148 + 23.9699773232j)  (20.243 s)
sign=+1 s=0.4+i2.0: (0.737840081355 + 0.304476333247j)  (19.683 s)
sign=+1 s=0.4+i7.0: (-0.162444478238 - 0.650828243479j)  (20.569 s)
sign=+1 s=0.4+i12.0: (5.96653405534 - 0.31545074563j)  (20.664 s)
sign=+1 s=0.4+i17.0: (0.682371656436 + 2.36114890226j)  (20.916 s)
sign=-1 s=0.1+i2.0: (0.696136396502 + 0.552204783594j)  (20.147 s)
sign=-1 s=0.1+i7.0: (5.48394214054 - 9.38323856918j)  (20.225 s)
sign=-1 s=0.1+i12.0: (62.8537854084 + 26.2993491098j)  (20.753 s)
sign=-1 s=0.1+i17.0: (-238.921366202 + 198.613515909j)  (20.728 s)
sign=-1 s=0.25+i2.0: (0.740606876855 + 0.348866280499j)  (20.007 s)
sign=-1 s=0.25+i7.0: (3.01392720267 - 4.24676431066j)  (20.519 s)
sign=-1 s=0.25+i12.0: (10.902347007 + 7.25670846471j)  (20.741 s)
sign=-1 s=0.25+i17.0: (-22.2472694775 + 14.8014448529j)  (21.134 s)
sign=-1 s=0.4+i2.0: (0.777453015373 + 0.223356901368j)  (19.716 s)
sign=-1 s=0.4+i7.0: (2.03688562004 - 2.05867446597j)  (20.149 s)
sign=-1 s=0.4+i12.0: (2.50922785061 + 1.41090402924j)  (20.492 s)
sign=-1 s=0.4+i17.0: (-1.27085941276 + 1.34756170949j)  (20.983 s)
wrote /Users/za/Documents/farey-hecke/research_notes/rh_goals_2026-08-14/lane_g/law_probes/evenxval_mp.json  total 491.57 s
