V1  det(1-L_s) at s=1  (Z_{PSL(2,Z)}(1)=0)
   N=12  det(1-L)=(3.0510458e-5 + 0.0j)  det(1+L)=(1.492734596 + 0.0j)
   N=16  det(1-L)=(1.4783238e-6 + 0.0j)  det(1+L)=(1.492586219 + 0.0j)
   N=20  det(1-L)=(7.546715e-8 + 0.0j)  det(1+L)=(1.492576783 + 0.0j)
   N=24  det(1-L)=(3.987036e-9 + 0.0j)  det(1+L)=(1.492576186 + 0.0j)
   N=28  det(1-L)=(2.1582554e-10 + 0.0j)  det(1+L)=(1.492576148 + 0.0j)

V2  |Z| at s = 1/4 + i gamma_1/2  (scattering zero)
   N=12  |det(1-L)|=1.449492e-02  |det(1+L)|=1.554858e+00  P=2.253754e-02
   N=16  |det(1-L)|=3.106458e-04  |det(1+L)|=1.651821e+00  P=5.131313e-04
   N=20  |det(1-L)|=5.083014e-06  |det(1+L)|=1.678383e+00  P=8.531242e-06
   N=24  |det(1-L)|=7.374093e-08  |det(1+L)|=1.680771e+00  P=1.239416e-07
   N=28  |det(1-L)|=1.021057e-09  |det(1+L)|=1.680936e+00  P=1.716332e-09

V3  |det(1+L_s)| at s = 1/2 + i*9.533695261352 (odd Maass)
   N=12  |det(1-L)|=2.573976e+00  |det(1+L)|=6.912478e-01
   N=16  |det(1-L)|=1.545073e+00  |det(1+L)|=4.667605e-02
   N=20  |det(1-L)|=1.776731e+00  |det(1+L)|=1.810863e-03
   N=24  |det(1-L)|=1.807586e+00  |det(1+L)|=5.283090e-05
   N=28  |det(1-L)|=1.810934e+00  |det(1+L)|=1.301151e-06

TARGETS  P_3^Mayer at s and at the mirror 1-s
   sigma=1.25   s  Re s=+1.2500  P=8.9027299517e-01  drift(24->28)=2.42e-09
   sigma=1.25 1-s  Re s=-0.2500  P=1.9705386273e+00  drift(24->28)=2.59e-07
   sigma=1.40   s  Re s=+1.4000  P=9.2120031192e-01  drift(24->28)=4.68e-09
   sigma=1.40 1-s  Re s=-0.4000  P=3.1016409895e+00  drift(24->28)=1.68e-07
   sigma=1.50   s  Re s=+1.5000  P=9.3677675594e-01  drift(24->28)=4.78e-09
   sigma=1.50 1-s  Re s=-0.5000  P=4.0800859027e+00  drift(24->28)=7.31e-08

wrote /Users/za/Documents/farey-hecke/research_notes/rh_goals_2026-08-14/lane_g/law_probes/q3cont_mayer_indep.json
