GATE  mpmath Rosen (n0=3, m0=2) vs banked Arb values
  sigma=-0.25 sign=-1 N=20  -0.339169822020-1.676266619209j   |rel err| = 1.477e-06
  sigma=-0.25 sign=-1 N=28  -0.339172254997-1.676265980591j   |rel err| = 6.130e-09
  sigma=-0.25 sign=-1 N=36  -0.339172265081-1.676265975628j   |rel err| = 4.423e-10
  sigma=-0.25 sign=+1 N=20  -1.259352584926+0.681767323623j   |rel err| = 1.477e-06
  sigma=-0.25 sign=+1 N=28  -1.259353691638+0.681765531796j   |rel err| = 6.130e-09
  sigma=-0.25 sign=+1 N=36  -1.259353698080+0.681765524935j   |rel err| = 4.423e-10
  sigma=+1.25 sign=-1 N=20  +0.995744521263+0.116209734639j   |rel err| = 4.387e-07
  sigma=+1.25 sign=-1 N=28  +0.995744673564+0.116210145145j   |rel err| = 2.050e-09
  sigma=+1.25 sign=-1 N=36  +0.995744673678+0.116210147350j   |rel err| = 1.533e-10
  sigma=+1.25 sign=+1 N=20  +0.842692623729+0.037486108201j   |rel err| = 4.387e-07
  sigma=+1.25 sign=+1 N=28  +0.842692471171+0.037485772877j   |rel err| = 2.050e-09
  sigma=+1.25 sign=+1 N=36  +0.842692470942+0.037485771033j   |rel err| = 1.533e-10
  sigma=+1.40 sign=-1 N=20  +1.001044164166+0.087409719997j   |rel err| = 3.872e-07
  sigma=+1.40 sign=-1 N=28  +1.001044326559+0.087410071620j   |rel err| = 1.831e-09
  sigma=+1.40 sign=-1 N=36  +1.001044326797+0.087410073583j   |rel err| = 1.374e-10
  sigma=+1.40 sign=+1 N=20  +0.881161305271+0.030447650607j   |rel err| = 3.872e-07
  sigma=+1.40 sign=+1 N=28  +0.881161146784+0.030447350004j   |rel err| = 1.831e-09
  sigma=+1.40 sign=+1 N=36  +0.881161146486+0.030447348295j   |rel err| = 1.374e-10

[exited with code 0]
