{
 "per_q": {
  "12": {
   "sup_all8_repo": 170.00757300885823,
   "sup_all8_corrected": 85.2091289115392,
   "sup_ident_repo": 13.694597777344413,
   "sup_ident_corrected": 10.39250135791545,
   "dU0_repo": 0.6432000155956734,
   "dU0_corrected": 0.5714702665139273
  },
  "16": {
   "sup_all8_repo": 92.79109661939488,
   "sup_all8_corrected": 74.62201605819354,
   "sup_ident_repo": 2.2946834500606017,
   "sup_ident_corrected": 3.316248078552371,
   "dU0_repo": 0.5075278474598514,
   "dU0_corrected": 0.5165829741097954
  },
  "22": {
   "sup_all8_repo": 49.47260342073192,
   "sup_all8_corrected": 101.63422110893892,
   "sup_ident_repo": 6.100815072033556,
   "sup_ident_corrected": 5.667036347730933,
   "dU0_repo": 0.26968085266484604,
   "dU0_corrected": 0.28852638167992883
  },
  "30": {
   "sup_all8_repo": 266.35732987738993,
   "sup_all8_corrected": 145.53351260292845,
   "sup_ident_repo": 8.273438576952936,
   "sup_ident_corrected": 6.937574184632855,
   "dU0_repo": 0.15024802607443666,
   "dU0_corrected": 0.14504422532003824
  },
  "40": {
   "sup_all8_repo": 275.4147634215918,
   "sup_all8_corrected": 177.9739835606689,
   "sup_ident_repo": 3.935947507315882,
   "sup_ident_corrected": 4.023076273425613,
   "dU0_repo": 0.25243050583614873,
   "dU0_corrected": 0.2503092815484967
  },
  "56": {
   "sup_all8_repo": 97.61989139670719,
   "sup_all8_corrected": 256.37392714215173,
   "sup_ident_repo": 6.010821033554515,
   "sup_ident_corrected": 5.95655437710911,
   "dU0_repo": 0.22927083018784428,
   "dU0_corrected": 0.23568526842301157
  },
  "72": {
   "sup_all8_repo": 659.7659396297715,
   "sup_all8_corrected": 348.39879055431425,
   "sup_ident_repo": 7.938416925287678,
   "sup_ident_corrected": 7.522811273525725,
   "dU0_repo": 0.12807630906550846,
   "dU0_corrected": 0.1258894846434726
  },
  "100": {
   "sup_all8_repo": 831.1126451928953,
   "sup_all8_corrected": 471.1118358183114,
   "sup_ident_repo": 8.08543310437018,
   "sup_ident_corrected": 7.604357654111979,
   "dU0_repo": 0.21189798149800607,
   "dU0_corrected": 0.2100461784317651
  }
 },
 "slopes": {
  "all8": {
   "repo_numerator_slope": 0.8926225571038962,
   "corrected_Z_slope": 0.890030611180345,
   "repo_slope_q16_40": 1.6115080438038047,
   "corrected_slope_q16_40": 0.971369321425676
  },
  "identified": {
   "repo_numerator_slope": 0.07147584237449414,
   "corrected_Z_slope": 0.06132149368505454,
   "repo_slope_q16_40": 0.6572411736947843,
   "corrected_slope_q16_40": 0.27386366324350203
  },
  "dU_0": {
   "repo_numerator_slope": -0.5739433697704474,
   "corrected_Z_slope": -0.5542187360143235,
   "repo_slope_q16_40": -0.896215333888781,
   "corrected_slope_q16_40": -0.9554557361503443
  }
 }
}
