{
 "note": "D_q^corr = D_q^repo + 2 arg det(1-K_q)(1/2+it)",
 "series": {
  "1.5": {
   "t": 1.5,
   "q": [
    12,
    14,
    16,
    18,
    20,
    22,
    26,
    30,
    34,
    40
   ],
   "D_repo": [
    1.384,
    0.918,
    0.374,
    -0.044,
    -0.267,
    -0.344,
    -0.275,
    -0.096,
    0.107,
    0.397
   ],
   "arg_detK": [
    -0.03054565687888894,
    0.033675371351736795,
    0.0667949832164338,
    0.07877571365906885,
    0.0783768529998704,
    0.07134206854668315,
    0.049737292657808,
    0.027530018827295083,
    0.008918590086619119,
    -0.010682789018262587
   ],
   "two_arg_detK": [
    -0.06109131375777788,
    0.06735074270347359,
    0.1335899664328676,
    0.1575514273181377,
    0.1567537059997408,
    0.1426841370933663,
    0.099474585315616,
    0.055060037654590166,
    0.017837180173238237,
    -0.021365578036525175
   ],
   "D_corrected": [
    1.322908686242222,
    0.9853507427034737,
    0.5075899664328676,
    0.11355142731813771,
    -0.1102462940002592,
    -0.20131586290663367,
    -0.17552541468438404,
    -0.040939962345409836,
    0.12483718017323824,
    0.37563442196347485
   ],
   "span_repo": 1.7279999999999998,
   "span_corr": 1.5242245491488555,
   "null_swing_2t_log": 3.6119184129778086,
   "beta_lsq_repo": -0.7876513000606585,
   "beta_lsq_corr": -0.817629156823936,
   "beta_endpt_repo": -0.8197859589964643,
   "beta_endpt_corr": -0.7867904165900942
  },
  "t_inf": {
   "t": 7.067362570867346,
   "q": [
    12,
    16,
    20,
    24,
    28,
    32,
    36,
    40
   ],
   "D_repo": [
    4.061,
    2.86,
    2.602,
    2.472,
    3.276,
    2.037,
    2.117,
    2.761
   ],
   "arg_detK": [
    -0.044917900478026004,
    0.09878720152041168,
    -0.07635281042666962,
    0.050267787876596595,
    0.007382054975077143,
    -0.04883141927968313,
    0.012520004873903135,
    0.03826853206591276
   ],
   "two_arg_detK": [
    -0.08983580095605201,
    0.19757440304082335,
    -0.15270562085333925,
    0.10053557575319319,
    0.014764109950154286,
    -0.09766283855936626,
    0.02504000974780627,
    0.07653706413182552
   ],
   "D_corrected": [
    3.971164199043948,
    3.057574403040823,
    2.449294379146661,
    2.5725355757531934,
    3.290764109950154,
    1.9393371614406336,
    2.1420400097478063,
    2.837537064131826
   ],
   "span_repo": 2.024,
   "span_corr": 2.031827037603314,
   "null_swing_2t_log": 17.017824667270634,
   "beta_lsq_repo": -1.0777220828159373,
   "beta_lsq_corr": -1.0506674093972361,
   "beta_endpt_repo": -1.0797586086072986,
   "beta_endpt_corr": -0.9415720445170703
  }
 },
 "two_height": {
  "lsq": {
   "repo": {
    "one_minus_alpha": -0.026051005216828214,
    "alpha": 1.0260510052168281,
    "delta": -0.7094982844101739,
    "exponent_minus3alpha": -3.0781530156504844
   },
   "corrected": {
    "one_minus_alpha": -0.02092896318561437,
    "alpha": 1.0209289631856144,
    "delta": -0.7548422672670929,
    "exponent_minus3alpha": -3.0627868895568433
   },
   "beta_ratio_repo": 1.368273095890199,
   "beta_ratio_corrected": 1.2850170528146678
  },
  "endpt": {
   "repo": {
    "one_minus_alpha": -0.023347918004407314,
    "alpha": 1.0233479180044074,
    "delta": -0.7497422049832424,
    "exponent_minus3alpha": -3.070043754013222
   },
   "corrected": {
    "one_minus_alpha": -0.013900803653143657,
    "alpha": 1.0139008036531436,
    "delta": -0.7450880056306632,
    "exponent_minus3alpha": -3.041702410959431
   },
   "beta_ratio_repo": 1.3171225937183384,
   "beta_ratio_corrected": 1.1967253599729786
  }
 }
}
