q=3 done  n_elts=6999450  63s
q=4 done  n_elts=4668874  54s
q=6 done  n_elts=3499990  43s
  q=3 s=0.8+1.5000i  |phi|exact=1.091317  relerr(X=60)=1.65e-02  relerr(X=120)=1.43e-02
  q=3 s=0.8+3.5000i  |phi|exact=0.986782  relerr(X=60)=1.23e-02  relerr(X=120)=1.01e-02
  q=3 s=0.8+7.0674i  |phi|exact=0.087831  relerr(X=60)=1.05e-01  relerr(X=120)=8.47e-02
  q=3 s=0.85+1.5000i  |phi|exact=1.105697  relerr(X=60)=1.08e-02  relerr(X=120)=8.71e-03
  q=3 s=0.85+3.5000i  |phi|exact=0.984566  relerr(X=60)=8.22e-03  relerr(X=120)=6.26e-03
  q=3 s=0.85+7.0674i  |phi|exact=0.160109  relerr(X=60)=3.57e-02  relerr(X=120)=2.85e-02
  q=3 s=0.9+1.5000i  |phi|exact=1.119549  relerr(X=60)=7.08e-03  relerr(X=120)=5.31e-03
  q=3 s=0.9+3.5000i  |phi|exact=0.982341  relerr(X=60)=5.47e-03  relerr(X=120)=3.88e-03
  q=3 s=0.9+7.0674i  |phi|exact=0.220435  relerr(X=60)=1.62e-02  relerr(X=120)=1.27e-02
  q=3 s=0.95+1.5000i  |phi|exact=1.132774  relerr(X=60)=4.64e-03  relerr(X=120)=3.24e-03
  q=3 s=0.95+3.5000i  |phi|exact=0.980105  relerr(X=60)=3.64e-03  relerr(X=120)=2.41e-03
  q=3 s=0.95+7.0674i  |phi|exact=0.271380  relerr(X=60)=8.34e-03  relerr(X=120)=6.36e-03
  q=4 s=0.8+1.5000i  |phi|exact=0.846064  relerr(X=60)=4.02e-02  relerr(X=120)=2.79e-02
  q=4 s=0.8+3.5000i  |phi|exact=0.637452  relerr(X=60)=3.71e-02  relerr(X=120)=2.45e-02
  q=4 s=0.8+7.0674i  |phi|exact=0.067292  relerr(X=60)=4.10e-01  relerr(X=120)=6.15e-02
  q=4 s=0.85+1.5000i  |phi|exact=0.821712  relerr(X=60)=2.75e-02  relerr(X=120)=1.78e-02
  q=4 s=0.85+3.5000i  |phi|exact=0.594034  relerr(X=60)=2.65e-02  relerr(X=120)=1.63e-02
  q=4 s=0.85+7.0674i  |phi|exact=0.117371  relerr(X=60)=1.50e-01  relerr(X=120)=2.43e-02
  q=4 s=0.9+1.5000i  |phi|exact=0.797598  relerr(X=60)=1.88e-02  relerr(X=120)=1.13e-02
  q=4 s=0.9+3.5000i  |phi|exact=0.554636  relerr(X=60)=1.88e-02  relerr(X=120)=1.08e-02
  q=4 s=0.9+7.0674i  |phi|exact=0.154631  relerr(X=60)=7.33e-02  relerr(X=120)=1.24e-02
  q=4 s=0.95+1.5000i  |phi|exact=0.773695  relerr(X=60)=1.29e-02  relerr(X=120)=7.23e-03
  q=4 s=0.95+3.5000i  |phi|exact=0.518931  relerr(X=60)=1.34e-02  relerr(X=120)=7.14e-03
  q=4 s=0.95+7.0674i  |phi|exact=0.182188  relerr(X=60)=4.01e-02  relerr(X=120)=6.98e-03
  q=6 s=0.8+1.5000i  |phi|exact=0.661216  relerr(X=60)=4.17e-02  relerr(X=120)=2.32e-02
  q=6 s=0.8+3.5000i  |phi|exact=0.450600  relerr(X=60)=3.35e-02  relerr(X=120)=2.34e-02
  q=6 s=0.8+7.0674i  |phi|exact=0.054410  relerr(X=60)=1.31e-01  relerr(X=120)=2.76e-01
  q=6 s=0.85+1.5000i  |phi|exact=0.617529  relerr(X=60)=2.95e-02  relerr(X=120)=1.54e-02
  q=6 s=0.85+3.5000i  |phi|exact=0.399681  relerr(X=60)=2.51e-02  relerr(X=120)=1.63e-02
  q=6 s=0.85+7.0674i  |phi|exact=0.091714  relerr(X=60)=4.51e-02  relerr(X=120)=9.74e-02
  q=6 s=0.9+1.5000i  |phi|exact=0.576875  relerr(X=60)=2.09e-02  relerr(X=120)=1.02e-02
  q=6 s=0.9+3.5000i  |phi|exact=0.356567  relerr(X=60)=1.87e-02  relerr(X=120)=1.13e-02
  q=6 s=0.9+7.0674i  |phi|exact=0.116833  relerr(X=60)=2.10e-02  relerr(X=120)=4.57e-02
  q=6 s=0.95+1.5000i  |phi|exact=0.539045  relerr(X=60)=1.47e-02  relerr(X=120)=6.73e-03
  q=6 s=0.95+3.5000i  |phi|exact=0.320122  relerr(X=60)=1.38e-02  relerr(X=120)=7.81e-03
  q=6 s=0.95+7.0674i  |phi|exact=0.133181  relerr(X=60)=1.13e-02  relerr(X=120)=2.41e-02

WORST arithmetic relative error on the strip at X=120.0: 2.761e-01 (0.56 digits)

q=8 sweep done  n_elts=3111602  36s
q=12 sweep done  n_elts=2799654  26s
q=16 sweep done  n_elts=2667614  28s
q=22 sweep done  n_elts=2566562  41s
q=30 sweep done  n_elts=2500234  40s
q=40 sweep done  n_elts=2457434  38s
q=56 sweep done  n_elts=2421810  56s
=== q-slope of |phi_q| on the strip (q = 8..56) ===
  sigma=0.8,t=1.5000:  slope(X=60)=+0.1810  slope(X=120)=+0.1709  spread=0.0101   REQUIRED=-0.60
  sigma=0.8,t=3.5000:  slope(X=60)=+0.0110  slope(X=120)=+0.0416  spread=0.0307   REQUIRED=-0.60
  sigma=0.8,t=7.0674:  slope(X=60)=-1.6518  slope(X=120)=-1.6906  spread=0.0388   REQUIRED=-0.60
  sigma=0.85,t=1.5000:  slope(X=60)=+0.1332  slope(X=120)=+0.1228  spread=0.0104   REQUIRED=-0.70
  sigma=0.85,t=3.5000:  slope(X=60)=-0.0265  slope(X=120)=-0.0114  spread=0.0151   REQUIRED=-0.70
  sigma=0.85,t=7.0674:  slope(X=60)=-1.2467  slope(X=120)=-1.2374  spread=0.0094   REQUIRED=-0.70
  sigma=0.9,t=1.5000:  slope(X=60)=+0.0937  slope(X=120)=+0.0857  spread=0.0079   REQUIRED=-0.80
  sigma=0.9,t=3.5000:  slope(X=60)=-0.0497  slope(X=120)=-0.0415  spread=0.0082   REQUIRED=-0.80
  sigma=0.9,t=7.0674:  slope(X=60)=-0.9790  slope(X=120)=-0.9698  spread=0.0093   REQUIRED=-0.80
  sigma=0.95,t=1.5000:  slope(X=60)=+0.0608  slope(X=120)=+0.0555  spread=0.0053   REQUIRED=-0.90
  sigma=0.95,t=3.5000:  slope(X=60)=-0.0647  slope(X=120)=-0.0600  spread=0.0047   REQUIRED=-0.90
  sigma=0.95,t=7.0674:  slope(X=60)=-0.7987  slope(X=120)=-0.7924  spread=0.0063   REQUIRED=-0.90

wrote /Users/za/Documents/farey-hecke/research_notes/rh_goals_2026-08-14/lane_g/law_probes/strip_phi_continuation.json
