=== P1  unreduced fixed-disc invariance ===
lam=1.618034  q~5.00  |psi1'(-lam/2)|=1.527864  orbit_max|.|=2.618  full-branch n>= 1.2639
    psi1 fixed points: -0.809017 +/- 0.587785i (elliptic, rot angle 36.0000 deg)
lam=1.800000  q~6.97  |psi1'(-lam/2)|=1.234568  orbit_max|.|=3.999  full-branch n>= 1.1173
    psi1 fixed points: -0.900000 +/- 0.435890i (elliptic, rot angle 25.8419 deg)
lam=1.900000  q~9.89  |psi1'(-lam/2)|=1.108033  orbit_max|.|=17.41  full-branch n>= 1.0540
    psi1 fixed points: -0.950000 +/- 0.312250i (elliptic, rot angle 18.1949 deg)
lam=1.950000  q~14.02  |psi1'(-lam/2)|=1.051940  orbit_max|.|=98.89  full-branch n>= 1.0260
    psi1 fixed points: -0.975000 +/- 0.222205i (elliptic, rot angle 12.8386 deg)
lam=1.990000  q~31.40  |psi1'(-lam/2)|=1.010076  orbit_max|.|=2.416  full-branch n>= 1.0050
    psi1 fixed points: -0.995000 +/- 0.099875i (elliptic, rot angle 5.7320 deg)
lam=2.000000  q~inf  |psi1'(-lam/2)|=1.000000  orbit_max|.|=1  full-branch n>= 1.0000
    psi1 fixed points: -1.000000 (double, PARABOLIC)

=== P2  length spectra (cutoff L=6.00) ===
  theta: 67 classes, systole=2.633916
    [2.633916, 2.633916, 3.525494, 3.525494, 3.525494, 3.525494, 3.525494, 4.126874, 4.126874, 4.126874, 4.126874, 4.584863]
  q=  5 lam=1.618034  n= 71  sys=2.122550  Hausdorff-to-theta=0.511366
    [2.12255, 2.12255, 2.958775, 3.068789, 3.068789, 3.473192, 3.473192, 3.68546, 3.68546, 3.918816, 3.918816, 4.150017]
  q=  7 lam=1.801938  n= 70  sys=2.388409  Hausdorff-to-theta=0.287147
    [2.388409, 2.388409, 2.898149, 2.898149, 3.238348, 3.302703, 3.302703, 3.910655, 3.910655, 4.035082, 4.035082, 4.058801]
  q= 10 lam=1.902113  n= 74  sys=2.517006  Hausdorff-to-theta=0.291651
    [2.517006, 2.517006, 3.233843, 3.233843, 3.385354, 3.418695, 3.418695, 3.579641, 3.579641, 3.68546, 4.023039, 4.023039]
  q= 14 lam=1.949856  n= 72  sys=2.575021  Hausdorff-to-theta=0.269135
    [2.575021, 2.575021, 3.379952, 3.379952, 3.454133, 3.471543, 3.471543, 3.857739, 3.857739, 4.07438, 4.07438, 4.151972]
  q= 20 lam=1.975377  n= 70  sys=2.605247  Hausdorff-to-theta=0.206413
    [2.605247, 2.605247, 3.454974, 3.454974, 3.490564, 3.499195, 3.499195, 3.997348, 3.997348, 4.101275, 4.101275, 4.37845]
  q= 30 lam=1.989044  n= 76  sys=2.621218  Hausdorff-to-theta=0.131682
    [2.621218, 2.621218, 3.494334, 3.494334, 3.509979, 3.513838, 3.513838, 4.069835, 4.069835, 4.115525, 4.115525, 4.494372]
  q= 50 lam=1.996053  n= 67  sys=2.629353  Hausdorff-to-theta=0.107136
    [2.629353, 2.629353, 3.51431, 3.51431, 3.51991, 3.521304, 3.521304, 4.106435, 4.106435, 4.122794, 4.122794, 4.552508]
  q= 80 lam=1.998458  n= 67  sys=2.632134  Hausdorff-to-theta=0.0514215
    [2.632134, 2.632134, 3.52113, 3.52113, 3.523313, 3.523858, 3.523858, 4.118903, 4.118903, 4.125281, 4.125281, 4.572253]

=== P3  truncated Selberg product ===
  s = 1.5+7.067362570867346i   Z_theta = 0.93589671 + -0.01498972i
    q=  5  Z_q = 1.09212099 + 0.08174667i   |Z_q - Z_theta| = 1.8375e-01
    q=  7  Z_q = 1.04687974 + -0.05757118i   |Z_q - Z_theta| = 1.1887e-01
    q= 10  Z_q = 0.96631702 + -0.07155617i   |Z_q - Z_theta| = 6.4227e-02
    q= 14  Z_q = 0.94563661 + -0.05066220i   |Z_q - Z_theta| = 3.6978e-02
    q= 20  Z_q = 0.94027427 + -0.03224349i   |Z_q - Z_theta| = 1.7800e-02
    q= 30  Z_q = 0.93728284 + -0.02197405i   |Z_q - Z_theta| = 7.1206e-03
    q= 50  Z_q = 0.93611310 + -0.01734491i   |Z_q - Z_theta| = 2.3651e-03
    q= 80  Z_q = 0.93598801 + -0.01592563i   |Z_q - Z_theta| = 9.4036e-04
  s = 2.0+0.0i   Z_theta = 0.98164764 + 0.00000000i
    q=  5  Z_q = 0.95406902 + 0.00000000i   |Z_q - Z_theta| = 2.7579e-02
    q=  7  Z_q = 0.96661475 + 0.00000000i   |Z_q - Z_theta| = 1.5033e-02
    q= 10  Z_q = 0.97408238 + 0.00000000i   |Z_q - Z_theta| = 7.5653e-03
    q= 14  Z_q = 0.97776215 + 0.00000000i   |Z_q - Z_theta| = 3.8855e-03
    q= 20  Z_q = 0.97976095 + 0.00000000i   |Z_q - Z_theta| = 1.8867e-03
    q= 30  Z_q = 0.98080296 + 0.00000000i   |Z_q - Z_theta| = 8.4467e-04
    q= 50  Z_q = 0.98138211 + 0.00000000i   |Z_q - Z_theta| = 2.6552e-04
    q= 80  Z_q = 0.98154516 + 0.00000000i   |Z_q - Z_theta| = 1.0248e-04
  s = 1.2+7.067362570867346i   Z_theta = 0.84698712 + -0.03405023i
    q=  5  Z_q = 1.19680868 + 0.17643538i   |Z_q - Z_theta| = 4.0826e-01
    q=  7  Z_q = 1.12212276 + -0.13880670i   |Z_q - Z_theta| = 2.9440e-01
    q= 10  Z_q = 0.92056808 + -0.16922733i   |Z_q - Z_theta| = 1.5391e-01
    q= 14  Z_q = 0.86958826 + -0.12013652i   |Z_q - Z_theta| = 8.9004e-02
    q= 20  Z_q = 0.86057426 + -0.07700506i   |Z_q - Z_theta| = 4.5052e-02
    q= 30  Z_q = 0.85269893 + -0.04994178i   |Z_q - Z_theta| = 1.6887e-02
    q= 50  Z_q = 0.84787602 + -0.03887363i   |Z_q - Z_theta| = 4.9046e-03
    q= 80  Z_q = 0.84741272 + -0.03602251i   |Z_q - Z_theta| = 2.0177e-03

wrote t2_shape_L6.json
