=== A1'  log E_q(s) - (2s-1) log q  ->  C(s)? ===
  s=(0.25+7.067362570867346j)
    q=  300  C = +1.85982071 -38.96917020i
    q=  600  C = +1.87798034 -39.22670224i
    q= 1200  C = +1.88714581 -39.35627555i
    q= 2400  C = +1.89174996 -39.42126406i
    q= 4800  C = +1.89405740 -39.45380878i
      cand (1-2s) log(2pi)                        = +0.918939-25.977887i   |diff|=13.51
      cand 2 log(Gamma(1-s)/Gamma(s))             = +1.954860-1.884259i   |diff|=37.57
      cand log(Gamma(1-s)/Gamma(s))               = +0.977430-0.942129i   |diff|=38.52
  s=(0.5+7.067362570867346j)
    q=  300  C = -0.00000000 -38.97738831i
    q=  600  C = +0.00000000 -39.23523550i
    q= 1200  C = -0.00000000 -39.36496940i
    q= 2400  C = -0.00000000 -39.43003896i
    q= 4800  C = -0.00000000 -39.46262440i
      cand (1-2s) log(2pi)                        = +0.000000-25.977887i   |diff|=13.48
      cand 2 log(Gamma(1-s)/Gamma(s))             = -0.000000-1.901972i   |diff|=37.56
      cand log(Gamma(1-s)/Gamma(s))               = -0.000000-0.950986i   |diff|=38.51
  s=7.067362570867346j
    q=  300  C = +3.72026791 -38.94453818i
    q=  600  C = +3.75658802 -39.20112478i
    q= 1200  C = +3.77491917 -39.33021630i
    q= 2400  C = +3.78412754 -39.39496164i
    q= 4800  C = +3.78874242 -39.42738421i
      cand (1-2s) log(2pi)                        = +1.837877-25.977887i   |diff|=13.59
      cand 2 log(Gamma(1-s)/Gamma(s))             = +3.910975-1.831165i   |diff|=37.6
      cand log(Gamma(1-s)/Gamma(s))               = +1.955487-0.915582i   |diff|=38.56
  s=(0.375+7.2839j)
    q=  300  C = +0.93687474 -40.59229175i
    q=  600  C = +0.94622730 -40.86602541i
    q= 1200  C = +0.95094908 -41.00377828i
    q= 2400  C = +0.95332136 -41.07287628i
    q= 4800  C = +0.95451034 -41.10748066i
      cand (1-2s) log(2pi)                        = +0.459469-26.773826i   |diff|=14.34
      cand 2 log(Gamma(1-s)/Gamma(s))             = +0.992464-3.603852i   |diff|=37.5
      cand log(Gamma(1-s)/Gamma(s))               = +0.496232-1.801926i   |diff|=39.31
  s=(0.125+7.2839j)
    q=  300  C = +2.81091929 -40.57638770i
    q=  600  C = +2.83897741 -40.84949181i
    q= 1200  C = +2.85314286 -40.98692368i
    q= 2400  C = +2.86025970 -41.05585960i
    q= 4800  C = +2.86382665 -41.09038257i
      cand (1-2s) log(2pi)                        = +1.378408-26.773826i   |diff|=14.39
      cand 2 log(Gamma(1-s)/Gamma(s))             = +2.977983-3.569492i   |diff|=37.52
      cand log(Gamma(1-s)/Gamma(s))               = +1.488991-1.784746i   |diff|=39.33
  s=(0.3+3j)
    q=  300  C = +1.16051009 -11.54082680i
    q=  600  C = +1.16674354 -11.58705462i
    q= 1200  C = +1.16987270 -11.61023110i
    q= 2400  C = +1.17144039 -11.62183499i
    q= 4800  C = +1.17222501 -11.62764084i
      cand (1-2s) log(2pi)                        = +0.735151-11.027262i   |diff|=0.7426
      cand 2 log(Gamma(1-s)/Gamma(s))             = +0.875719-1.212374i   |diff|=10.42
      cand log(Gamma(1-s)/Gamma(s))               = +0.437859-0.606187i   |diff|=11.05
  s=(0.25+1j)
    q=  300  C = +0.89474196 -1.68798780i
    q=  600  C = +0.89734546 -1.69245206i
    q= 1200  C = +0.89864903 -1.69468661i
    q= 2400  C = +0.89930127 -1.69580450i
    q= 4800  C = +0.89962750 -1.69636359i
      cand (1-2s) log(2pi)                        = +0.918939-3.675754i   |diff|=1.979
      cand log(2 sin(pi s))                       = +3.141594+0.783531i   |diff|=3.343
      cand log(Gamma(1-s)/Gamma(s))               = -0.018985+1.978831i   |diff|=3.788

=== C'  |tr_w(lam_q)| <= |tr_w(2)| for FAITHFUL lifts? ===
  theta words in ball r=10: 2171
  faithful (word,q) pairs tested: 19765
  |tr_w(lam_q)| > |tr_w(2)| violations: 0
  monotonicity-in-q failures: 0

=== C''  faithful-lift COUNTING:  N_q^faithful(L) vs N_theta(L) ===
  L=4.0: N_theta=    7   N_10=   12   N_12=   11   N_16=    9   N_22=    7   N_30=    7   N_50=    7
  L=5.0: N_theta=   25   N_10=   28   N_12=   28   N_16=   28   N_22=   27   N_30=   25   N_50=   25
  L=6.0: N_theta=   67   N_10=   76   N_12=   68   N_16=   76   N_22=   72   N_30=   76   N_50=   67
  L=7.0: N_theta=  153   N_10=  171   N_12=  173   N_16=  170   N_22=  172   N_30=  164   N_50=  174
  L=8.0: N_theta=  401   N_10=  421   N_12=  412   N_16=  403   N_22=  412   N_30=  404   N_50=  408
