q= 56 centre           s=0.250000+7.067363i  |det+|=1.345718e-01  |det-|=2.397303e+00  prod=3.226093e-01  euler=nan
q= 56 dU_0             s=0.500000+7.067363i  |det+|=2.863010e-01  |det-|=8.008034e-01  prod=2.292708e-01  euler=nan
q= 56 dU_1             s=0.426777+7.244139i  |det+|=3.192796e-01  |det-|=4.584036e-01  prod=1.463589e-01  euler=nan
q= 56 dU_2             s=0.250000+7.317363i  |det+|=1.376238e+00  |det-|=2.945285e+00  prod=4.053413e+00  euler=nan
q= 56 dU_3             s=0.073223+7.244139i  |det+|=1.139375e+01  |det-|=8.567849e+00  prod=9.761989e+01  euler=nan
q= 56 dU_4             s=0.000000+7.067363i  |det+|=2.402065e+01  |det-|=2.606924e+00  prod=6.262000e+01  euler=nan
q= 56 dU_5             s=0.073223+6.890586i  |det+|=1.044669e+01  |det-|=6.498544e+00  prod=6.788828e+01  euler=nan
q= 56 dU_6             s=0.250000+6.817363i  |det+|=1.541653e+00  |det-|=3.898946e+00  prod=6.010821e+00  euler=nan
q= 56 dU_7             s=0.426777+6.890586i  |det+|=5.683993e-02  |det-|=1.854805e+00  prod=1.054270e-01  euler=nan
q= 56 ctrl_2.0         s=2.000000+0.000000i  |det+|=9.570394e-01  |det-|=1.025136e+00  prod=9.810959e-01  euler=0.9814368215029408
q= 56 ctrl_1.5+7.07i   s=1.500000+7.067363i  |det+|=9.056730e-01  |det-|=1.032176e+00  prod=9.348140e-01  euler=0.9362280471946149
  q=56 wall=3280s
q= 72 centre           s=0.250000+7.067363i  |det+|=9.311737e-02  |det-|=3.189561e+00  prod=2.970035e-01  euler=nan
q= 72 dU_0             s=0.500000+7.067363i  |det+|=1.568533e-01  |det-|=8.165357e-01  prod=1.280763e-01  euler=nan
q= 72 dU_1             s=0.426777+7.244139i  |det+|=4.543198e-01  |det-|=4.578151e-01  prod=2.079944e-01  euler=nan
q= 72 dU_2             s=0.250000+7.317363i  |det+|=2.521843e+00  |det-|=2.405293e+00  prod=6.065770e+00  euler=nan
q= 72 dU_3             s=0.073223+7.244139i  |det+|=1.613884e+01  |det-|=6.982726e+00  prod=1.126931e+02  euler=nan
q= 72 dU_4             s=0.000000+7.067363i  |det+|=3.258293e+01  |det-|=2.024882e+01  prod=6.597659e+02  euler=nan
q= 72 dU_5             s=0.073223+6.890586i  |det+|=1.307366e+01  |det-|=1.130464e+01  prod=1.477931e+02  euler=nan
q= 72 dU_6             s=0.250000+6.817363i  |det+|=1.952523e+00  |det-|=4.065723e+00  prod=7.938417e+00  euler=nan
q= 72 dU_7             s=0.426777+6.890586i  |det+|=4.712487e-01  |det-|=1.939579e+00  prod=9.140241e-01  euler=nan
q= 72 ctrl_2.0         s=2.000000+0.000000i  |det+|=9.571737e-01  |det-|=1.025094e+00  prod=9.811934e-01  euler=0.981520893763405
q= 72 ctrl_1.5+7.07i   s=1.500000+7.067363i  |det+|=9.061463e-01  |det-|=1.031846e+00  prod=9.350039e-01  euler=0.9361480875087032
  q=72 wall=5716s
q=100 centre           s=0.250000+7.067363i  |det+|=5.710439e-02  |det-|=3.049053e+00  prod=1.741143e-01  euler=nan
q=100 dU_0             s=0.500000+7.067363i  |det+|=2.667824e-01  |det-|=7.942727e-01  prod=2.118980e-01  euler=nan
q=100 dU_1             s=0.426777+7.244139i  |det+|=1.808883e-01  |det-|=4.824447e-01  prod=8.726860e-02  euler=nan
q=100 dU_2             s=0.250000+7.317363i  |det+|=2.764776e+00  |det-|=2.924444e+00  prod=8.085433e+00  euler=nan
q=100 dU_3             s=0.073223+7.244139i  |det+|=2.119985e+01  |det-|=1.148035e+01  prod=2.433816e+02  euler=nan
q=100 dU_4             s=0.000000+7.067363i  |det+|=4.395059e+01  |det-|=1.891016e+01  prod=8.311126e+02  euler=nan
q=100 dU_5             s=0.073223+6.890586i  |det+|=1.610724e+01  |det-|=5.155344e+00  prod=8.303835e+01  euler=nan
q=100 dU_6             s=0.250000+6.817363i  |det+|=1.652269e+00  |det-|=3.364890e+00  prod=5.559704e+00  euler=nan
q=100 dU_7             s=0.426777+6.890586i  |det+|=3.425772e-01  |det-|=1.830060e+00  prod=6.269367e-01  euler=nan
q=100 ctrl_2.0         s=2.000000+0.000000i  |det+|=9.572727e-01  |det-|=1.025064e+00  prod=9.812653e-01  euler=0.9815822267497181
q=100 ctrl_1.5+7.07i   s=1.500000+7.067363i  |det+|=9.062141e-01  |det-|=1.031577e+00  prod=9.348298e-01  euler=0.9360851436903904
  q=100 wall=11781s

=== sup over dU ===
  q= 56  sup|det+|=2.402065e+01  min|det+|=5.683993e-02  sup|det+ det-|=9.761989e+01  min=1.054270e-01
  q= 72  sup|det+|=3.258293e+01  min|det+|=1.568533e-01  sup|det+ det-|=6.597659e+02  min=1.280763e-01
  q=100  sup|det+|=4.395059e+01  min|det+|=1.808883e-01  sup|det+ det-|=8.311126e+02  min=8.726860e-02
wrote u1_guard_extended.json
