=== A1  elliptic factor E_q(s) of kappa_q ===
  s = 0.2500+7.0674i   log|2 sin(pi s)| = 22.20277433
    q=    5  log|E_q| = -0.00007308   diff = -2.220e+01   q*diff = -111.01424
    q=    7  log|E_q| = -0.00090240   diff = -2.220e+01   q*diff = -155.42574
    q=   10  log|E_q| = -0.00600502   diff = -2.221e+01   q*diff = -222.08779
    q=   12  log|E_q| = -0.01262350   diff = -2.222e+01   q*diff = -266.58477
    q=   16  log|E_q| = -0.03234926   diff = -2.224e+01   q*diff = -355.76198
    q=   22  log|E_q| = -0.07150555   diff = -2.227e+01   q*diff = -490.03416
    q=   30  log|E_q| = -0.12938597   diff = -2.233e+01   q*diff = -669.96481
    q=   50  log|E_q| = -0.26532564   diff = -2.247e+01   q*diff = -1123.40500
    q=   80  log|E_q| = -0.42700196   diff = -2.263e+01   q*diff = -1810.38210
    q=  150  log|E_q| = -0.68113176   diff = -2.288e+01   q*diff = -3432.58591
    q=  300  log|E_q| = -0.99207053   diff = -2.319e+01   q*diff = -6958.45346
    q=  600  log|E_q| = -1.32048449   diff = -2.352e+01   q*diff = -14113.95529
    q= 1200  log|E_q| = -1.65789261   diff = -2.386e+01   q*diff = -28632.80033
  s = 0.5000+7.0674i   log|2 sin(pi s)| = 22.20277433
    q=    5  log|E_q| = +0.00000000   diff = -2.220e+01   q*diff = -111.01387
    q=    7  log|E_q| = +0.00000000   diff = -2.220e+01   q*diff = -155.41942
    q=   10  log|E_q| = +0.00000000   diff = -2.220e+01   q*diff = -222.02774
    q=   12  log|E_q| = +0.00000000   diff = -2.220e+01   q*diff = -266.43329
    q=   16  log|E_q| = +0.00000000   diff = -2.220e+01   q*diff = -355.24439
    q=   22  log|E_q| = -0.00000000   diff = -2.220e+01   q*diff = -488.46104
    q=   30  log|E_q| = -0.00000000   diff = -2.220e+01   q*diff = -666.08323
    q=   50  log|E_q| = -0.00000000   diff = -2.220e+01   q*diff = -1110.13872
    q=   80  log|E_q| = -0.00000000   diff = -2.220e+01   q*diff = -1776.22195
    q=  150  log|E_q| = -0.00000000   diff = -2.220e+01   q*diff = -3330.41615
    q=  300  log|E_q| = -0.00000000   diff = -2.220e+01   q*diff = -6660.83230
    q=  600  log|E_q| = +0.00000000   diff = -2.220e+01   q*diff = -13321.66460
    q= 1200  log|E_q| = -0.00000000   diff = -2.220e+01   q*diff = -26643.32920
  s = 0.3750+7.2839i   log|2 sin(pi s)| = 22.88294909
    q=    5  log|E_q| = -0.00002818   diff = -2.288e+01   q*diff = -114.41489
    q=    7  log|E_q| = -0.00037380   diff = -2.288e+01   q*diff = -160.18326
    q=   10  log|E_q| = -0.00262680   diff = -2.289e+01   q*diff = -228.85576
    q=   12  log|E_q| = -0.00563999   diff = -2.289e+01   q*diff = -274.66307
    q=   16  log|E_q| = -0.01483551   diff = -2.290e+01   q*diff = -366.36455
    q=   22  log|E_q| = -0.03348385   diff = -2.292e+01   q*diff = -504.16152
    q=   30  log|E_q| = -0.06146995   diff = -2.294e+01   q*diff = -688.33257
    q=   50  log|E_q| = -0.12804100   diff = -2.301e+01   q*diff = -1150.54950
    q=   80  log|E_q| = -0.20791100   diff = -2.309e+01   q*diff = -1847.26881
    q=  150  log|E_q| = -0.33412657   diff = -2.322e+01   q*diff = -3482.56135
    q=  300  log|E_q| = -0.48907187   diff = -2.337e+01   q*diff = -7011.60629
    q=  600  log|E_q| = -0.65300614   diff = -2.354e+01   q*diff = -14121.57314
    q= 1200  log|E_q| = -0.82157117   diff = -2.370e+01   q*diff = -28445.42432
  s = 0.1250+7.2839i   log|2 sin(pi s)| = 22.88294909
    q=    5  log|E_q| = -0.00008179   diff = -2.288e+01   q*diff = -114.41515
    q=    7  log|E_q| = -0.00110262   diff = -2.288e+01   q*diff = -160.18836
    q=   10  log|E_q| = -0.00781466   diff = -2.289e+01   q*diff = -228.90764
    q=   12  log|E_q| = -0.01682008   diff = -2.290e+01   q*diff = -274.79723
    q=   16  log|E_q| = -0.04435019   diff = -2.293e+01   q*diff = -366.83679
    q=   22  log|E_q| = -0.10024256   diff = -2.298e+01   q*diff = -505.63022
    q=   30  log|E_q| = -0.18416523   diff = -2.307e+01   q*diff = -692.01343
    q=   50  log|E_q| = -0.38384708   diff = -2.327e+01   q*diff = -1163.33981
    q=   80  log|E_q| = -0.62344524   diff = -2.351e+01   q*diff = -1880.51155
    q=  150  log|E_q| = -1.00208635   diff = -2.389e+01   q*diff = -3582.75532
    q=  300  log|E_q| = -1.46692053   diff = -2.435e+01   q*diff = -7304.96089
    q=  600  log|E_q| = -1.95872292   diff = -2.484e+01   q*diff = -14905.00321
    q= 1200  log|E_q| = -2.46441791   diff = -2.535e+01   q*diff = -30416.84040
  s = 0.0000+7.0674i   log|2 sin(pi s)| = 22.20277433
    q=    5  log|E_q| = -0.00013900   diff = -2.220e+01   q*diff = -111.01457
    q=    7  log|E_q| = -0.00175942   diff = -2.220e+01   q*diff = -155.43174
    q=   10  log|E_q| = -0.01185944   diff = -2.221e+01   q*diff = -222.14634
    q=   12  log|E_q| = -0.02502257   diff = -2.223e+01   q*diff = -266.73356
    q=   16  log|E_q| = -0.06435492   diff = -2.227e+01   q*diff = -356.27407
    q=   22  log|E_q| = -0.14255872   diff = -2.235e+01   q*diff = -491.59733
    q=   30  log|E_q| = -0.25824702   diff = -2.246e+01   q*diff = -673.83064
    q=   50  log|E_q| = -0.53006319   diff = -2.273e+01   q*diff = -1136.64188
    q=   80  log|E_q| = -0.85339210   diff = -2.306e+01   q*diff = -1844.49331
    q=  150  log|E_q| = -1.36164044   diff = -2.356e+01   q*diff = -3534.66222
    q=  300  log|E_q| = -1.98351456   diff = -2.419e+01   q*diff = -7255.88667
    q=  600  log|E_q| = -2.64034163   diff = -2.484e+01   q*diff = -14905.86958
    q= 1200  log|E_q| = -3.31515766   diff = -2.552e+01   q*diff = -30621.51839
  s = 0.1250+6.8509i   log|2 sin(pi s)| = 21.52259957
    q=    5  log|E_q| = -0.00014093   diff = -2.152e+01   q*diff = -107.61370
    q=    7  log|E_q| = -0.00162697   diff = -2.152e+01   q*diff = -150.66959
    q=   10  log|E_q| = -0.01027520   diff = -2.153e+01   q*diff = -215.32875
    q=   12  log|E_q| = -0.02116209   diff = -2.154e+01   q*diff = -258.52514
    q=   16  log|E_q| = -0.05286879   diff = -2.158e+01   q*diff = -345.20749
    q=   22  log|E_q| = -0.11449969   diff = -2.164e+01   q*diff = -476.01618
    q=   30  log|E_q| = -0.20425452   diff = -2.173e+01   q*diff = -651.80562
    q=   50  log|E_q| = -0.41242328   diff = -2.194e+01   q*diff = -1096.75114
    q=   80  log|E_q| = -0.65786594   diff = -2.218e+01   q*diff = -1774.43724
    q=  150  log|E_q| = -1.04161989   diff = -2.256e+01   q*diff = -3384.63292
    q=  300  log|E_q| = -1.50960370   diff = -2.303e+01   q*diff = -6909.66098
    q=  600  log|E_q| = -2.00304363   diff = -2.353e+01   q*diff = -14115.38592
    q= 1200  log|E_q| = -2.50957311   diff = -2.403e+01   q*diff = -28838.60722
  s = 0.3750+6.8509i   log|2 sin(pi s)| = 21.52259957
    q=    5  log|E_q| = -0.00004856   diff = -2.152e+01   q*diff = -107.61324
    q=    7  log|E_q| = -0.00055158   diff = -2.152e+01   q*diff = -150.66206
    q=   10  log|E_q| = -0.00345403   diff = -2.153e+01   q*diff = -215.26054
    q=   12  log|E_q| = -0.00709630   diff = -2.153e+01   q*diff = -258.35635
    q=   16  log|E_q| = -0.01768615   diff = -2.154e+01   q*diff = -344.64457
    q=   22  log|E_q| = -0.03824849   diff = -2.156e+01   q*diff = -474.33866
    q=   30  log|E_q| = -0.06817907   diff = -2.159e+01   q*diff = -647.72336
    q=   50  log|E_q| = -0.13757928   diff = -2.166e+01   q*diff = -1083.00894
    q=   80  log|E_q| = -0.21939746   diff = -2.174e+01   q*diff = -1739.35976
    q=  150  log|E_q| = -0.34731733   diff = -2.187e+01   q*diff = -3280.48753
    q=  300  log|E_q| = -0.50331250   diff = -2.203e+01   q*diff = -6607.77362
    q=  600  log|E_q| = -0.66779262   diff = -2.219e+01   q*diff = -13314.23532
    q= 1200  log|E_q| = -0.83663582   diff = -2.236e+01   q*diff = -26831.08246

=== A2  elliptic mass sum_k 1/(2q sin(k pi/q)) ===
  q=     5  mass=0.550553  (log q)/pi=0.512300  resid=+0.038253
  q=     7  mass=0.658504  (log q)/pi=0.619402  resid=+0.039102
  q=    10  mass=0.772490  (log q)/pi=0.732936  resid=+0.039554
  q=    22  mass=1.023809  (log q)/pi=0.983909  resid=+0.039900
  q=    30  mass=1.122576  (log q)/pi=1.082635  resid=+0.039942
  q=   100  mass=1.505857  (log q)/pi=1.465871  resid=+0.039986
  q=   300  mass=1.855560  (log q)/pi=1.815570  resid=+0.039990
  q=  1000  mass=2.238797  (log q)/pi=2.198807  resid=+0.039990
  q=  3000  mass=2.588496  (log q)/pi=2.548506  resid=+0.039990
  q= 10000  mass=2.971733  (log q)/pi=2.931742  resid=+0.039990

=== A3  all known factors of kappa_q(s) (phi_q excluded) ===
  s = 0.2500+7.0674i
    q=    5  exp=+0.3466 ell2=-0.0000 ellq=-0.0001 barnes=+3.3655 par=+0.9787  TOTAL log|kappa/phi| = +4.690694
    q=   12  exp=+0.3466 ell2=-0.0000 ellq=-0.0126 barnes=+4.6743 par=+0.9787  TOTAL log|kappa/phi| = +5.986954
    q=   22  exp=+0.3466 ell2=-0.0000 ellq=-0.0715 barnes=+5.0993 par=+0.9787  TOTAL log|kappa/phi| = +6.353010
    q=   30  exp=+0.3466 ell2=-0.0000 ellq=-0.1294 barnes=+5.2352 par=+0.9787  TOTAL log|kappa/phi| = +6.431110
    q=   80  exp=+0.3466 ell2=-0.0000 ellq=-0.4270 barnes=+5.4690 par=+0.9787  TOTAL log|kappa/phi| = +6.367210
    q=  300  exp=+0.3466 ell2=-0.0000 ellq=-0.9921 barnes=+5.5718 par=+0.9787  TOTAL log|kappa/phi| = +5.904976
    q= 1200  exp=+0.3466 ell2=-0.0000 ellq=-1.6579 barnes=+5.5998 par=+0.9787  TOTAL log|kappa/phi| = +5.267200
  s = 0.5000+7.0674i
    q=    5  exp=+0.0000 ell2=+0.0000 ellq=+0.0000 barnes=+0.0000 par=-0.0000  TOTAL log|kappa/phi| = +0.000000
    q=   12  exp=+0.0000 ell2=+0.0000 ellq=+0.0000 barnes=+0.0000 par=-0.0000  TOTAL log|kappa/phi| = +0.000000
    q=   22  exp=+0.0000 ell2=+0.0000 ellq=-0.0000 barnes=+0.0000 par=-0.0000  TOTAL log|kappa/phi| = -0.000000
    q=   30  exp=+0.0000 ell2=+0.0000 ellq=-0.0000 barnes=+0.0000 par=-0.0000  TOTAL log|kappa/phi| = -0.000000
    q=   80  exp=+0.0000 ell2=+0.0000 ellq=-0.0000 barnes=+0.0000 par=-0.0000  TOTAL log|kappa/phi| = -0.000000
    q=  300  exp=+0.0000 ell2=+0.0000 ellq=-0.0000 barnes=+0.0000 par=-0.0000  TOTAL log|kappa/phi| = -0.000000
    q= 1200  exp=+0.0000 ell2=+0.0000 ellq=-0.0000 barnes=+0.0000 par=-0.0000  TOTAL log|kappa/phi| = -0.000000
  s = 0.3750+7.2839i
    q=    5  exp=+0.1733 ell2=-0.0000 ellq=-0.0000 barnes=+1.7383 par=+0.4968  TOTAL log|kappa/phi| = +2.408358
    q=   12  exp=+0.1733 ell2=-0.0000 ellq=-0.0056 barnes=+2.4143 par=+0.4968  TOTAL log|kappa/phi| = +3.078743
    q=   22  exp=+0.1733 ell2=-0.0000 ellq=-0.0335 barnes=+2.6338 par=+0.4968  TOTAL log|kappa/phi| = +3.270379
    q=   30  exp=+0.1733 ell2=-0.0000 ellq=-0.0615 barnes=+2.7040 par=+0.4968  TOTAL log|kappa/phi| = +3.312626
    q=   80  exp=+0.1733 ell2=-0.0000 ellq=-0.2079 barnes=+2.8247 par=+0.4968  TOTAL log|kappa/phi| = +3.286899
    q=  300  exp=+0.1733 ell2=-0.0000 ellq=-0.4891 barnes=+2.8778 par=+0.4968  TOTAL log|kappa/phi| = +3.058852
    q= 1200  exp=+0.1733 ell2=-0.0000 ellq=-0.8216 barnes=+2.8923 par=+0.4968  TOTAL log|kappa/phi| = +2.740838
  s = 0.1250+7.2839i
    q=    5  exp=+0.5199 ell2=-0.0000 ellq=-0.0001 barnes=+5.2150 par=+1.4908  TOTAL log|kappa/phi| = +7.225545
    q=   12  exp=+0.5199 ell2=-0.0000 ellq=-0.0168 barnes=+7.2431 par=+1.4908  TOTAL log|kappa/phi| = +9.236867
    q=   22  exp=+0.5199 ell2=-0.0000 ellq=-0.1002 barnes=+7.9015 par=+1.4908  TOTAL log|kappa/phi| = +9.811906
    q=   30  exp=+0.5199 ell2=-0.0000 ellq=-0.1842 barnes=+8.1122 par=+1.4908  TOTAL log|kappa/phi| = +9.938691
    q=   80  exp=+0.5199 ell2=-0.0000 ellq=-0.6234 barnes=+8.4744 par=+1.4908  TOTAL log|kappa/phi| = +9.861564
    q=  300  exp=+0.5199 ell2=-0.0000 ellq=-1.4669 barnes=+8.6337 par=+1.4908  TOTAL log|kappa/phi| = +9.177436
    q= 1200  exp=+0.5199 ell2=-0.0000 ellq=-2.4644 barnes=+8.6772 par=+1.4908  TOTAL log|kappa/phi| = +8.223398

=== B  uniform geodesic counting + Euler majorant ===
  theta: sys=2.633916  counts={'4.0': 7, '5.0': 25, '6.0': 67, '7.0': 153, '8.0': 401}  majorant={'1.25': 0.2913, '1.5': 0.10638, '2.0': 0.01877}
  q=   5 sys=2.122550 counts={'4.0': 11, '5.0': 28, '6.0': 71, '7.0': 168, '8.0': 417}  <=theta? {'4.0': False, '5.0': False, '6.0': False, '7.0': False, '8.0': False}  maj={'1.25': 0.44365, '1.5': 0.19144, '2.0': 0.04709}
  q=   7 sys=2.388409 counts={'4.0': 9, '5.0': 27, '6.0': 70, '7.0': 169, '8.0': 416}  <=theta? {'4.0': False, '5.0': False, '6.0': False, '7.0': False, '8.0': False}  maj={'1.25': 0.40121, '1.5': 0.16216, '2.0': 0.03417}
  q=  10 sys=2.517006 counts={'4.0': 10, '5.0': 26, '6.0': 74, '7.0': 169, '8.0': 419}  <=theta? {'4.0': False, '5.0': False, '6.0': False, '7.0': False, '8.0': False}  maj={'1.25': 0.36491, '1.5': 0.13997, '2.0': 0.02649}
  q=  12 sys=2.553374 counts={'4.0': 11, '5.0': 28, '6.0': 68, '7.0': 173, '8.0': 412}  <=theta? {'4.0': False, '5.0': False, '6.0': False, '7.0': False, '8.0': False}  maj={'1.25': 0.35008, '1.5': 0.1319, '2.0': 0.02416}
  q=  16 sys=2.588962 counts={'4.0': 9, '5.0': 28, '6.0': 76, '7.0': 170, '8.0': 403}  <=theta? {'4.0': False, '5.0': False, '6.0': False, '7.0': False, '8.0': False}  maj={'1.25': 0.33193, '1.5': 0.12268, '2.0': 0.02182}
  q=  22 sys=2.610248 counts={'4.0': 7, '5.0': 27, '6.0': 72, '7.0': 172, '8.0': 412}  <=theta? {'4.0': True, '5.0': False, '6.0': False, '7.0': False, '8.0': False}  maj={'1.25': 0.31839, '1.5': 0.11621, '2.0': 0.02039}
  q=  30 sys=2.621218 counts={'4.0': 7, '5.0': 25, '6.0': 76, '7.0': 164, '8.0': 404}  <=theta? {'4.0': True, '5.0': True, '6.0': False, '7.0': False, '8.0': False}  maj={'1.25': 0.30877, '1.5': 0.11224, '2.0': 0.01964}
  q=  50 sys=2.629353 counts={'4.0': 7, '5.0': 25, '6.0': 67, '7.0': 174, '8.0': 408}  <=theta? {'4.0': True, '5.0': True, '6.0': True, '7.0': False, '8.0': False}  maj={'1.25': 0.29955, '1.5': 0.1088, '2.0': 0.01908}
  q=  80 sys=2.632134 counts={'4.0': 7, '5.0': 25, '6.0': 67, '7.0': 157, '8.0': 426}  <=theta? {'4.0': True, '5.0': True, '6.0': True, '7.0': False, '8.0': False}  maj={'1.25': 0.29576, '1.5': 0.10748, '2.0': 0.01889}
  q= 150 sys=2.633409 counts={'4.0': 7, '5.0': 25, '6.0': 67, '7.0': 153, '8.0': 405}  <=theta? {'4.0': True, '5.0': True, '6.0': True, '7.0': True, '8.0': False}  maj={'1.25': 0.2923, '1.5': 0.10665, '2.0': 0.0188}

=== C  |tr_w(lam)| monotone in lam? ===
  words tested: 857   monotone: 619   NON-monotone: 238   worst dip: 12.7834
    counterexample word=[-45, 0]  traces=[0.0, 4.0, 4.493959, 4.828427, 6.472136, 5.464102, 5.695518, 2.0, 19.133544, 9.842791, 49.963825, 82.693694, 90.0]
    counterexample word=[-44, 0]  traces=[2.0, 3.464102, 3.603875, 5.226252, 6.155367, 6.69213, 7.24902, 0.0, 19.028729, 11.725482, 50.315485, 81.162681, 88.0]
    counterexample word=[-43, 0]  traces=[3.236068, 2.0, 2.0, 4.828427, 5.236068, 7.464102, 8.523945, 2.0, 18.715431, 13.561897, 50.589563, 79.611641, 86.0]
    counterexample word=[-42, 0]  traces=[3.236068, 0.0, 0.0, 3.695518, 3.804226, 7.727407, 9.471301, 3.959286, 18.197082, 15.34479, 50.785635, 78.040959, 84.0]
    counterexample word=[-41, 0]  traces=[2.0, 2.0, 2.0, 2.0, 2.0, 7.464102, 10.054679, 5.837972, 17.479363, 17.067124, 50.903399, 76.451021, 82.0]

wrote u1_growth.json
