q= 12 centre           s=0.250000+7.067363i  |det+|=1.266513e+00  |det-|=4.845910e+00  prod=6.137410e+00  euler=nan
q= 12 dU_0             s=0.500000+7.067363i  |det+|=3.352506e-01  |det-|=1.918565e+00  prod=6.432000e-01  euler=nan
q= 12 dU_1             s=0.426777+7.244139i  |det+|=1.723897e-01  |det-|=1.418519e+00  prod=2.445381e-01  euler=nan
q= 12 dU_2             s=0.250000+7.317363i  |det+|=6.443097e-01  |det-|=2.927721e+00  prod=1.886359e+00  euler=nan
q= 12 dU_3             s=0.073223+7.244139i  |det+|=3.565406e+00  |det-|=1.012787e+01  prod=3.610995e+01  euler=nan
q= 12 dU_4             s=0.000000+7.067363i  |det+|=9.041045e+00  |det-|=1.880397e+01  prod=1.700076e+02  euler=nan
q= 12 dU_5             s=0.073223+6.890586i  |det+|=6.551320e+00  |det-|=1.249224e+01  prod=8.184067e+01  euler=nan
q= 12 dU_6             s=0.250000+6.817363i  |det+|=2.510184e+00  |det-|=5.455615e+00  prod=1.369460e+01  euler=nan
q= 12 dU_7             s=0.426777+6.890586i  |det+|=1.002244e+00  |det-|=2.945344e+00  prod=2.951952e+00  euler=nan
q= 12 ctrl_2.0         s=2.000000+0.000000i  |det+|=9.499474e-01  |det-|=1.027167e+00  prod=9.757547e-01  euler=0.9763960488234869
q= 12 ctrl_1.5+7.07i   s=1.500000+7.067363i  |det+|=9.087136e-01  |det-|=1.057503e+00  prod=9.609678e-01  euler=0.959444504556423
  q=12 wall=95s
q= 16 centre           s=0.250000+7.067363i  |det+|=8.107949e-01  |det-|=3.206756e+00  prod=2.600021e+00  euler=nan
q= 16 dU_0             s=0.500000+7.067363i  |det+|=3.820152e-01  |det-|=1.328554e+00  prod=5.075278e-01  euler=nan
q= 16 dU_1             s=0.426777+7.244139i  |det+|=1.031707e-01  |det-|=8.719293e-01  prod=8.995754e-02  euler=nan
q= 16 dU_2             s=0.250000+7.317363i  |det+|=1.670163e-01  |det-|=3.092776e+00  prod=5.165440e-01  euler=nan
q= 16 dU_3             s=0.073223+7.244139i  |det+|=2.378472e+00  |det-|=1.056879e+01  prod=2.513757e+01  euler=nan
q= 16 dU_4             s=0.000000+7.067363i  |det+|=7.463228e+00  |det-|=1.243310e+01  prod=9.279110e+01  euler=nan
q= 16 dU_5             s=0.073223+6.890586i  |det+|=4.447706e+00  |det-|=3.907552e+00  prod=1.737964e+01  euler=nan
q= 16 dU_6             s=0.250000+6.817363i  |det+|=8.082320e-01  |det-|=2.839140e+00  prod=2.294683e+00  euler=nan
q= 16 dU_7             s=0.426777+6.890586i  |det+|=4.696544e-01  |det-|=2.028810e+00  prod=9.528393e-01  euler=nan
q= 16 ctrl_2.0         s=2.000000+0.000000i  |det+|=9.532073e-01  |det-|=1.026278e+00  prod=9.782560e-01  euler=0.9786564575900545
q= 16 ctrl_1.5+7.07i   s=1.500000+7.067363i  |det+|=9.006325e-01  |det-|=1.043755e+00  prod=9.400399e-01  euler=0.940576779803701
  q=16 wall=211s
q= 22 centre           s=0.250000+7.067363i  |det+|=4.881936e-01  |det-|=2.331007e+00  prod=1.137983e+00  euler=nan
q= 22 dU_0             s=0.500000+7.067363i  |det+|=2.634243e-01  |det-|=1.023751e+00  prod=2.696809e-01  euler=nan
q= 22 dU_1             s=0.426777+7.244139i  |det+|=3.112419e-01  |det-|=4.898659e-01  prod=1.524668e-01  euler=nan
q= 22 dU_2             s=0.250000+7.317363i  |det+|=4.932946e-01  |det-|=2.157921e+00  prod=1.064491e+00  euler=nan
q= 22 dU_3             s=0.073223+7.244139i  |det+|=3.591328e+00  |det-|=3.817257e+00  prod=1.370902e+01  euler=nan
q= 22 dU_4             s=0.000000+7.067363i  |det+|=9.835337e+00  |det-|=4.238929e+00  prod=4.169130e+01  euler=nan
q= 22 dU_5             s=0.073223+6.890586i  |det+|=6.094212e+00  |det-|=8.117966e+00  prod=4.947260e+01  euler=nan
q= 22 dU_6             s=0.250000+6.817363i  |det+|=1.419223e+00  |det-|=4.298700e+00  prod=6.100815e+00  euler=nan
q= 22 dU_7             s=0.426777+6.890586i  |det+|=1.677031e-01  |det-|=2.074702e+00  prod=3.479338e-01  euler=nan
q= 22 ctrl_2.0         s=2.000000+0.000000i  |det+|=9.551751e-01  |det-|=1.025705e+00  prod=9.797278e-01  euler=0.9800803022941494
q= 22 ctrl_1.5+7.07i   s=1.500000+7.067363i  |det+|=9.030567e-01  |det-|=1.037260e+00  prod=9.367048e-01  euler=0.9377235492866102
  q=22 wall=414s
q= 30 centre           s=0.250000+7.067363i  |det+|=3.355577e-01  |det-|=3.431952e+00  prod=1.151618e+00  euler=nan
q= 30 dU_0             s=0.500000+7.067363i  |det+|=1.527505e-01  |det-|=9.836170e-01  prod=1.502480e-01  euler=nan
q= 30 dU_1             s=0.426777+7.244139i  |det+|=3.500307e-01  |det-|=4.505058e-01  prod=1.576909e-01  euler=nan
q= 30 dU_2             s=0.250000+7.317363i  |det+|=1.286825e+00  |det-|=2.243892e+00  prod=2.887496e+00  euler=nan
q= 30 dU_3             s=0.073223+7.244139i  |det+|=6.437604e+00  |det-|=7.484598e+00  prod=4.818288e+01  euler=nan
q= 30 dU_4             s=0.000000+7.067363i  |det+|=1.391289e+01  |det-|=1.914464e+01  prod=2.663573e+02  euler=nan
q= 30 dU_5             s=0.073223+6.890586i  |det+|=7.465440e+00  |det-|=1.243169e+01  prod=9.280803e+01  euler=nan
q= 30 dU_6             s=0.250000+6.817363i  |det+|=1.767396e+00  |det-|=4.681147e+00  prod=8.273439e+00  euler=nan
q= 30 dU_7             s=0.426777+6.890586i  |det+|=4.881819e-01  |det-|=2.159471e+00  prod=1.054214e+00  euler=nan
q= 30 ctrl_2.0         s=2.000000+0.000000i  |det+|=9.561945e-01  |det-|=1.025397e+00  prod=9.804791e-01  euler=0.9808029609497804
q= 30 ctrl_1.5+7.07i   s=1.500000+7.067363i  |det+|=9.050534e-01  |det-|=1.034659e+00  prod=9.364220e-01  euler=0.9375403882080737
  q=30 wall=815s

=== sup over dU ===
  q= 12  sup|det+|=9.041045e+00  min|det+|=1.723897e-01  sup|det+ det-|=1.700076e+02  min=2.445381e-01
  q= 16  sup|det+|=7.463228e+00  min|det+|=1.031707e-01  sup|det+ det-|=9.279110e+01  min=8.995754e-02
  q= 22  sup|det+|=9.835337e+00  min|det+|=1.677031e-01  sup|det+ det-|=4.947260e+01  min=1.524668e-01
  q= 30  sup|det+|=1.391289e+01  min|det+|=1.527505e-01  sup|det+ det-|=2.663573e+02  min=1.502480e-01
wrote u1_sup.json
