=== control: arg P_q at real s > 1 (must be ~0) ===
  q= 12  |P|=0.9757547  arg P=+0.000e+00  (3s)
  q= 14  |P|=0.9772822  arg P=+0.000e+00  (4s)
  q= 16  |P|=0.9782560  arg P=+0.000e+00  (6s)
  q= 18  |P|=0.9789157  arg P=+0.000e+00  (7s)
  q= 20  |P|=0.9793836  arg P=+0.000e+00  (9s)
  q= 22  |P|=0.9797278  arg P=+0.000e+00  (12s)
  q= 24  |P|=0.9799884  arg P=+0.000e+00  (15s)
  q= 26  |P|=0.9801905  arg P=+0.000e+00  (18s)
  q= 28  |P|=0.9803504  arg P=+0.000e+00  (23s)
  q= 30  |P|=0.9804791  arg P=+0.000e+00  (26s)
  q= 32  |P|=0.9805843  arg P=+0.000e+00  (31s)
  q= 34  |P|=0.9806713  arg P=+0.000e+00  (38s)
  q= 36  |P|=0.9807441  arg P=+0.000e+00  (43s)
  q= 40  |P|=0.9808582  arg P=+0.000e+00  (54s)

=== t = 1.5 (low) ===
  q= 12  |P|=5.580383e-01  argZ=-0.692138  D_raw=+1.384276  (10s)
  q= 14  |P|=4.746180e-01  argZ=-0.458790  D_raw=+0.917580  (14s)
  q= 16  |P|=4.671219e-01  argZ=-0.187097  D_raw=+0.374194  (16s)
  q= 18  |P|=5.219255e-01  argZ=+0.022144  D_raw=-0.044288  (22s)
  q= 20  |P|=6.100175e-01  argZ=+0.133566  D_raw=-0.267131  (30s)
  q= 22  |P|=7.073998e-01  argZ=+0.171901  D_raw=-0.343801  (39s)
  q= 26  |P|=8.843892e-01  argZ=+0.137744  D_raw=-0.275488  (61s)
  q= 30  |P|=1.014511e+00  argZ=+0.047921  D_raw=-0.095842  (87s)
  q= 34  |P|=1.097504e+00  argZ=-0.053663  D_raw=+0.107327  (131s)
  q= 40  |P|=1.152810e+00  argZ=-0.198612  D_raw=+0.397225  (184s)
  fit: D = +2.6367 + -0.7875 log q   (max resid 0.7043)
  beta/(2t) = -0.2625   alpha = +1.2625   exponent at sigma=2:  -3.7875   (prediction: -3)
  max unwrap step = 0.5434 rad (must be < pi = 3.1416 for the branch to be safe)

=== t = 7.067362570867346 (phys) ===
  q= 12  |P|=6.432000e-01  argZ=-2.030630  D_raw=+4.061261  (10s)
  q= 16  |P|=5.075278e-01  argZ=-1.430129  D_raw=+2.860258  (21s)
  q= 20  |P|=1.910401e-01  argZ=-1.301074  D_raw=+2.602148  (33s)
  q= 24  |P|=3.160091e-01  argZ=-1.236135  D_raw=+2.472270  (50s)
  q= 28  |P|=2.166663e-01  argZ=-1.637888  D_raw=+3.275775  (75s)
  q= 32  |P|=1.654653e-01  argZ=-1.018586  D_raw=+2.037171  (108s)
  q= 36  |P|=2.483435e-01  argZ=-1.058488  D_raw=+2.116977  (151s)
  q= 40  |P|=2.524305e-01  argZ=-1.380420  D_raw=+2.760841  (190s)
  fit: D = -0.0733 + -1.0780 log q   (max resid 0.6582)
  beta/(2t) = -0.0763   alpha = +1.0763   exponent at sigma=2:  -3.2288   (prediction: -3)
  max unwrap step = 1.2386 rad (must be < pi = 3.1416 for the branch to be safe)

=== ansatz check: beta must be proportional to t ===
  beta(t=1.5)=-0.7875  beta(t=7.0674)=-1.0780
  ratio measured = +1.3690   predicted = +4.7116

wrote u1phi.json
