{
 "rows": [
  {
   "L": 4.0,
   "q": 8,
   "N_q": 10,
   "N_theta": 7
  },
  {
   "L": 4.0,
   "q": 10,
   "N_q": 10,
   "N_theta": 7
  },
  {
   "L": 4.0,
   "q": 12,
   "N_q": 11,
   "N_theta": 7
  },
  {
   "L": 4.0,
   "q": 16,
   "N_q": 9,
   "N_theta": 7
  },
  {
   "L": 4.0,
   "q": 22,
   "N_q": 7,
   "N_theta": 7
  },
  {
   "L": 4.0,
   "q": 30,
   "N_q": 7,
   "N_theta": 7
  },
  {
   "L": 4.0,
   "q": 50,
   "N_q": 7,
   "N_theta": 7
  },
  {
   "L": 5.0,
   "q": 8,
   "N_q": 26,
   "N_theta": 23
  },
  {
   "L": 5.0,
   "q": 10,
   "N_q": 24,
   "N_theta": 23
  },
  {
   "L": 5.0,
   "q": 12,
   "N_q": 26,
   "N_theta": 23
  },
  {
   "L": 5.0,
   "q": 16,
   "N_q": 26,
   "N_theta": 23
  },
  {
   "L": 5.0,
   "q": 22,
   "N_q": 25,
   "N_theta": 23
  },
  {
   "L": 5.0,
   "q": 30,
   "N_q": 23,
   "N_theta": 23
  },
  {
   "L": 5.0,
   "q": 50,
   "N_q": 23,
   "N_theta": 23
  },
  {
   "L": 6.0,
   "q": 8,
   "N_q": 54,
   "N_theta": 51
  },
  {
   "L": 6.0,
   "q": 10,
   "N_q": 58,
   "N_theta": 51
  },
  {
   "L": 6.0,
   "q": 12,
   "N_q": 56,
   "N_theta": 51
  },
  {
   "L": 6.0,
   "q": 16,
   "N_q": 64,
   "N_theta": 51
  },
  {
   "L": 6.0,
   "q": 22,
   "N_q": 60,
   "N_theta": 51
  },
  {
   "L": 6.0,
   "q": 30,
   "N_q": 64,
   "N_theta": 51
  },
  {
   "L": 6.0,
   "q": 50,
   "N_q": 55,
   "N_theta": 51
  }
 ],
 "all_N_q_ge_N_theta": true
}
