[{"stream_name":"stdout","time":1.317265301,"data":"\n"}
,{"stream_name":"stdout","time":1.317340118,"data":"=== Semi-Poisson (Bogomolny) (×5) ===\n"}
,{"stream_name":"stdout","time":2.13883877,"data":"  q=0.9500: s2=4.812±0.322%, s3+=0.28690%\n"}
,{"stream_name":"stdout","time":2.138875749,"data":"  q=0.9900: s2=1.114±0.130%, s3+=0.00000%\n"}
,{"stream_name":"stdout","time":2.138881957,"data":"  q=0.9990: s2=0.000±0.000%, s3+=0.00000%\n"}
,{"stream_name":"stdout","time":2.139211284,"data":"\n"}
,{"stream_name":"stdout","time":2.139236206,"data":"=== Berry-Robnik alpha=0.1 (×3) ===\n"}
,{"stream_name":"stdout","time":2.507181125,"data":"  q=0.9500: s2=3.847±1.724%, s3+=0.06930%\n"}
,{"stream_name":"stdout","time":2.507253874,"data":"  q=0.9900: s2=1.027±0.842%, s3+=0.00000%\n"}
,{"stream_name":"stdout","time":2.507261312,"data":"  q=0.9990: s2=0.000±0.000%, s3+=0.00000%\n"}
,{"stream_name":"stdout","time":2.507267084,"data":"\n"}
,{"stream_name":"stdout","time":2.507272936,"data":"=== Berry-Robnik alpha=0.3 (×3) ===\n"}
,{"stream_name":"stdout","time":8.874421374,"data":"  q=0.9500: s2=9.109±0.462%, s3+=0.81838%\n"}
,{"stream_name":"stdout","time":8.87446999,"data":"  q=0.9900: s2=0.355±0.501%, s3+=0.00000%\n"}
,{"stream_name":"stdout","time":8.874481639,"data":"  q=0.9990: s2=0.000±0.000%, s3+=0.00000%\n"}
,{"stream_name":"stdout","time":8.874486611,"data":"\n"}
,{"stream_name":"stdout","time":8.874491394,"data":"=== Berry-Robnik alpha=0.5 (×3) ===\n"}
,{"stream_name":"stdout","time":40.522406073,"data":"  q=0.9500: s2=0.000±0.000%, s3+=0.00000%\n"}
,{"stream_name":"stdout","time":40.522459917,"data":"  q=0.9900: s2=0.000±0.000%, s3+=0.00000%\n"}
,{"stream_name":"stdout","time":40.522467046,"data":"  q=0.9990: s2=0.000±0.000%, s3+=0.00000%\n"}
,{"stream_name":"stdout","time":40.52247287,"data":"\n"}
,{"stream_name":"stdout","time":40.522478293,"data":"=== Berry-Robnik alpha=0.7 (×3) ===\n"}
,{"stream_name":"stdout","time":122.97987713,"data":"  q=0.9500: s2=0.000±0.000%, s3+=0.00000%\n"}
,{"stream_name":"stdout","time":122.979937752,"data":"  q=0.9900: s2=0.000±0.000%, s3+=0.00000%\n"}
,{"stream_name":"stdout","time":122.979945858,"data":"  q=0.9990: s2=0.000±0.000%, s3+=0.00000%\n"}
,{"stream_name":"stdout","time":122.97995701,"data":"\n"}
,{"stream_name":"stdout","time":122.979961494,"data":"=== Berry-Robnik alpha=0.9 (×3) ===\n"}
,{"stream_name":"stdout","time":291.400624703,"data":"  q=0.9500: s2=0.000±0.000%, s3+=0.00000%\n"}
,{"stream_name":"stdout","time":291.400691001,"data":"  q=0.9900: s2=0.000±0.000%, s3+=0.00000%\n"}
,{"stream_name":"stdout","time":291.400697946,"data":"  q=0.9990: s2=0.000±0.000%, s3+=0.00000%\n"}
,{"stream_name":"stdout","time":291.40070429,"data":"\n"}
,{"stream_name":"stdout","time":291.400710106,"data":"=== Laguerre β=2 (Wishart bulk) (×3) ===\n"}
,{"stream_name":"stdout","time":301.124263753,"data":"  q=0.9500: s2=9.378±0.168%, s3+=0.64103%\n"}
,{"stream_name":"stdout","time":301.124482662,"data":"  q=0.9900: s2=0.000±0.000%, s3+=0.00000%\n"}
,{"stream_name":"stdout","time":301.124670952,"data":"  q=0.9990: s2=0.000±0.000%, s3+=0.00000%\n"}
,{"stream_name":"stdout","time":301.124739657,"data":"\n"}
,{"stream_name":"stdout","time":301.124769348,"data":"=== Anti-BCZ density 2·𝟙_{x+y\u003c1} (×3) ===\n"}
,{"stream_name":"stdout","time":302.173281555,"data":"  q=0.9500: s2=4.980±0.350%, s3+=0.23237%\n"}
,{"stream_name":"stdout","time":302.173358798,"data":"  q=0.9900: s2=0.876±0.209%, s3+=0.00000%\n"}
,{"stream_name":"stdout","time":302.173483751,"data":"  q=0.9990: s2=0.000±0.000%, s3+=0.00000%\n"}
,{"stream_name":"stdout","time":302.173514189,"data":"\n"}
,{"stream_name":"stdout","time":302.173519534,"data":"=== Upper triangle independent sampling (test: is cluster=2 from density or from DYNAMICS?) (×3) ===\n"}
,{"stream_name":"stdout","time":303.159834801,"data":"  q=0.9500: s2=4.831±0.089%, s3+=0.23176%\n"}
,{"stream_name":"stdout","time":303.159879144,"data":"  q=0.9900: s2=0.977±0.174%, s3+=0.00000%\n"}
,{"stream_name":"stdout","time":303.159884619,"data":"  q=0.9990: s2=0.000±0.000%, s3+=0.00000%\n"}
,{"stream_name":"stdout","time":303.159889749,"data":"\n"}
,{"stream_name":"stdout","time":303.159893896,"data":"=== Quarter-disk indicator density (×3) ===\n"}
,{"stream_name":"stdout","time":303.859142751,"data":"  q=0.9500: s2=4.868±0.208%, s3+=0.28839%\n"}
,{"stream_name":"stdout","time":303.859185319,"data":"  q=0.9900: s2=1.251±0.256%, s3+=0.00000%\n"}
,{"stream_name":"stdout","time":303.859265593,"data":"  q=0.9990: s2=0.340±0.481%, s3+=0.00000%\n"}
,{"stream_name":"stdout","time":303.860094787,"data":"\n"}
,{"stream_name":"stdout","time":303.860121538,"data":"Done — exotic classes results saved.\n"}
,{"stream_name":"stderr","time":306.869727582,"data":"/usr/local/lib/python3.12/dist-packages/mistune.py:435: SyntaxWarning: invalid escape sequence '\\|'\n"}
,{"stream_name":"stderr","time":306.869795716,"data":"  cells[i][c] = re.sub('\\\\\\\\\\|', '|', cell)\n"}
,{"stream_name":"stderr","time":307.319785107,"data":"/usr/local/lib/python3.12/dist-packages/nbconvert/filters/filter_links.py:36: SyntaxWarning: invalid escape sequence '\\_'\n"}
,{"stream_name":"stderr","time":307.319824277,"data":"  text = re.sub(r'_', '\\_', text) # Escape underscores in display text\n"}
,{"stream_name":"stderr","time":309.120196048,"data":"[NbConvertApp] Converting notebook __script__.ipynb to html\n"}
,{"stream_name":"stderr","time":310.844390168,"data":"[NbConvertApp] Writing 312018 bytes to __results__.html\n"}
]