[{"stream_name":"stdout","time":4.867366682,"data":"   ━━━━━━━━━━━━━━━━━━━━━━━━━━━━━━━━━━━━━━━━ 10.1/10.1 MB 79.8 MB/s eta 0:00:00\n"}
,{"stream_name":"stdout","time":8.018737113,"data":"RUNNING: /usr/bin/python3 /Users/za/Documents/farey-hecke/research_notes/rh_goals_2026-08-14/lane_f/f7_certify_r3b_flagship.py --arcs 24:36 --workers 4 --receipt /kaggle/working/F7_R3B_CHUNK_02_RECEIPT.json --checkpoint /kaggle/working/F7_R3B_CHUNK_02_CHECKPOINT.json --report /kaggle/working/F7_R3B_CHUNK_02_CERT.md\n"}
,{"stream_name":"stdout","time":10230.607165074,"data":"N=256 event=ACCEPTED_ARC eval=1 accepted=1 pending=11\n"}
,{"stream_name":"stdout","time":10242.966639456,"data":"N=256 event=ACCEPTED_ARC eval=2 accepted=2 pending=10\n"}
,{"stream_name":"stdout","time":10248.263075651,"data":"N=256 event=ACCEPTED_ARC eval=3 accepted=3 pending=9\n"}
,{"stream_name":"stdout","time":10257.36671421,"data":"N=256 event=ACCEPTED_ARC eval=4 accepted=4 pending=8\n"}
,{"stream_name":"stdout","time":20110.433325438,"data":"N=256 event=ACCEPTED_ARC eval=5 accepted=5 pending=7\n"}
,{"stream_name":"stdout","time":20139.08863097,"data":"N=256 event=ACCEPTED_ARC eval=6 accepted=6 pending=6\n"}
,{"stream_name":"stdout","time":20140.375344044,"data":"N=256 event=ACCEPTED_ARC eval=7 accepted=7 pending=5\n"}
,{"stream_name":"stdout","time":20161.510480826,"data":"N=256 event=ACCEPTED_ARC eval=8 accepted=8 pending=4\n"}
,{"stream_name":"stdout","time":30048.196889757,"data":"N=256 event=ACCEPTED_ARC eval=9 accepted=9 pending=3\n"}
,{"stream_name":"stdout","time":30071.839560924,"data":"N=256 event=ACCEPTED_ARC eval=10 accepted=10 pending=2\n"}
,{"stream_name":"stdout","time":30085.0842404,"data":"N=256 event=ACCEPTED_ARC eval=11 accepted=11 pending=1\n"}
,{"stream_name":"stdout","time":30091.910831695,"data":"N=256 event=ACCEPTED_ARC eval=12 accepted=12 pending=0\n"}
,{"stream_name":"stdout","time":33563.35595234,"data":"N=224 event=FAILURE eval=1 accepted=0 pending=191\n"}
,{"stream_name":"stdout","time":33563.603811061,"data":"{\n"}
,{"stream_name":"stdout","time":33563.603855417,"data":"  \"verdict\": \"THEOREM-GRADE closed-contour NO at N=256\",\n"}
,{"stream_name":"stdout","time":33563.603863668,"data":"  \"receipt\": \"/kaggle/working/F7_R3B_CHUNK_02_RECEIPT.json\",\n"}
,{"stream_name":"stdout","time":33563.603869856,"data":"  \"checkpoint\": \"/kaggle/working/F7_R3B_CHUNK_02_CHECKPOINT.json\",\n"}
,{"stream_name":"stdout","time":33563.603876031,"data":"  \"report\": \"/kaggle/working/F7_R3B_CHUNK_02_CERT.md\"\n"}
,{"stream_name":"stdout","time":33563.603882068,"data":"}\n"}
,{"stream_name":"stdout","time":33563.718112086,"data":"EXIT CODE: 0   wall_seconds: 33555.699293375015\n"}
,{"stream_name":"stderr","time":33566.600573224,"data":"/usr/local/lib/python3.12/dist-packages/mistune.py:435: SyntaxWarning: invalid escape sequence '\\|'\n"}
,{"stream_name":"stderr","time":33566.60071817,"data":"  cells[i][c] = re.sub('\\\\\\\\\\|', '|', cell)\n"}
,{"stream_name":"stderr","time":33566.96862297,"data":"/usr/local/lib/python3.12/dist-packages/nbconvert/filters/filter_links.py:36: SyntaxWarning: invalid escape sequence '\\_'\n"}
,{"stream_name":"stderr","time":33566.96865638,"data":"  text = re.sub(r'_', '\\_', text) # Escape underscores in display text\n"}
,{"stream_name":"stderr","time":33567.922289569,"data":"[NbConvertApp] Converting notebook __script__.ipynb to html\n"}
,{"stream_name":"stderr","time":33569.590664093,"data":"[NbConvertApp] Writing 565686 bytes to __results__.html\n"}
]