=== QUEUE START a2_l64-128 2026-08-20T23:54:23Z ===
Q8_SHARD arc=2 leaves=[64,128) depth=7 N=262 workers=12 resumed=0 pending=64
Q8_SHARD leaf=64 status=OPEN_MAX_DEPTH qOp=[0.654437911344261694828 leaf_seconds=2075.6 elapsed=2075.7 done=1/64
Q8_SHARD leaf=71 status=OPEN_MAX_DEPTH qOp=[0.648412179287789627049 leaf_seconds=2076.1 elapsed=2076.3 done=2/64
Q8_SHARD leaf=67 status=OPEN_MAX_DEPTH qOp=[0.653575117366195777580 leaf_seconds=2077.6 elapsed=2077.7 done=3/64
Q8_SHARD leaf=75 status=OPEN_MAX_DEPTH qOp=[0.638818055160962240043 leaf_seconds=2078.1 elapsed=2078.3 done=4/64
Q8_SHARD leaf=69 status=OPEN_MAX_DEPTH qOp=[0.651570652129794408156 leaf_seconds=2078.6 elapsed=2078.7 done=5/64
Q8_SHARD leaf=73 status=OPEN_MAX_DEPTH qOp=[0.644128771273446193419 leaf_seconds=2079.1 elapsed=2079.3 done=6/64
Q8_SHARD leaf=72 status=OPEN_MAX_DEPTH qOp=[0.646408173834343939001 leaf_seconds=2079.4 elapsed=2079.5 done=7/64
Q8_SHARD leaf=68 status=OPEN_MAX_DEPTH qOp=[0.652721128260168489477 leaf_seconds=2079.7 elapsed=2079.8 done=8/64
Q8_SHARD leaf=74 status=OPEN_MAX_DEPTH qOp=[0.641583106472968847501 leaf_seconds=2079.7 elapsed=2079.9 done=9/64
Q8_SHARD leaf=66 status=OPEN_MAX_DEPTH qOp=[0.654129665852383133783 leaf_seconds=2079.8 elapsed=2079.9 done=10/64
Q8_SHARD leaf=70 status=OPEN_MAX_DEPTH qOp=[0.650134445621013893579 leaf_seconds=2080.6 elapsed=2080.7 done=11/64
Q8_SHARD leaf=65 status=OPEN_MAX_DEPTH qOp=[0.654394244981871949716 leaf_seconds=2080.8 elapsed=2080.9 done=12/64
Q8_SHARD leaf=76 status=OPEN_MAX_DEPTH qOp=[0.635800389651262128112 leaf_seconds=1710.4 elapsed=3786.1 done=13/64
Q8_SHARD leaf=77 status=OPEN_MAX_DEPTH qOp=[0.632536434458485672136 leaf_seconds=1711.1 elapsed=3787.4 done=14/64
Q8_SHARD leaf=80 status=OPEN_MAX_DEPTH qOp=[0.621709408197818514313 leaf_seconds=1711.9 elapsed=3790.7 done=15/64
Q8_SHARD leaf=78 status=OPEN_MAX_DEPTH qOp=[0.629037367808872798694 leaf_seconds=1713.8 elapsed=3791.6 done=16/64
Q8_SHARD leaf=81 status=OPEN_MAX_DEPTH qOp=[0.618051718262162875356 leaf_seconds=1712.6 elapsed=3791.9 done=17/64
Q8_SHARD leaf=84 status=OPEN_MAX_DEPTH qOp=[0.606826716274728918131 leaf_seconds=1713.4 elapsed=3793.3 done=18/64
Q8_SHARD leaf=82 status=OPEN_MAX_DEPTH qOp=[0.614334445029622986487 leaf_seconds=1713.8 elapsed=3793.4 done=19/64
Q8_SHARD leaf=79 status=OPEN_MAX_DEPTH qOp=[0.625322894599331780319 leaf_seconds=1715.4 elapsed=3793.7 done=20/64
Q8_SHARD leaf=83 status=OPEN_MAX_DEPTH qOp=[0.610678879927858106599 leaf_seconds=1714.2 elapsed=3794.0 done=21/64
Q8_SHARD leaf=86 status=OPEN_MAX_DEPTH qOp=[0.599612130826271859938 leaf_seconds=1713.8 elapsed=3794.6 done=22/64
Q8_SHARD leaf=87 status=OPEN_MAX_DEPTH qOp=[0.595945818862036066717 leaf_seconds=1715.7 elapsed=3796.6 done=23/64
Q8_SHARD leaf=85 status=OPEN_MAX_DEPTH qOp=[0.603274684347585339165 leaf_seconds=1718.0 elapsed=3797.9 done=24/64
Q8_SHARD leaf=88 status=OPEN_MAX_DEPTH qOp=[0.592247403884257401127 leaf_seconds=1882.9 elapsed=5669.0 done=25/64
Q8_SHARD leaf=89 status=OPEN_MAX_DEPTH qOp=[0.588382438786850401569 leaf_seconds=1887.5 elapsed=5674.9 done=26/64
Q8_SHARD leaf=90 status=OPEN_MAX_DEPTH qOp=[0.584360712489441085320 leaf_seconds=1886.4 elapsed=5677.1 done=27/64
Q8_SHARD leaf=92 status=OPEN_MAX_DEPTH qOp=[0.576154897209944511546 leaf_seconds=1885.3 elapsed=5677.2 done=28/64
Q8_SHARD leaf=91 status=OPEN_MAX_DEPTH qOp=[0.580255794269540373649 leaf_seconds=1888.0 elapsed=5679.6 done=29/64
Q8_SHARD leaf=93 status=OPEN_MAX_DEPTH qOp=[0.572002797327940032056 leaf_seconds=1887.4 elapsed=5680.7 done=30/64
Q8_SHARD leaf=95 status=OPEN_MAX_DEPTH qOp=[0.563365337827800180724 leaf_seconds=1887.0 elapsed=5680.8 done=31/64
Q8_SHARD leaf=96 status=OPEN_MAX_DEPTH qOp=[0.558906503124581664494 leaf_seconds=1886.7 elapsed=5680.8 done=32/64
Q8_SHARD leaf=97 status=OPEN_MAX_DEPTH qOp=[0.554397376263489998586 leaf_seconds=1886.5 elapsed=5681.1 done=33/64
Q8_SHARD leaf=94 status=OPEN_MAX_DEPTH qOp=[0.567729484394123275074 leaf_seconds=1890.0 elapsed=5683.4 done=34/64
Q8_SHARD leaf=98 status=OPEN_MAX_DEPTH qOp=[0.550130872035981255914 leaf_seconds=1889.1 elapsed=5685.8 done=35/64
Q8_SHARD leaf=99 status=OPEN_MAX_DEPTH qOp=[0.545972301476647736604 leaf_seconds=1889.3 elapsed=5687.3 done=36/64
Q8_SHARD leaf=100 status=OPEN_MAX_DEPTH qOp=[0.541973361612674570855 leaf_seconds=2042.3 elapsed=7711.3 done=37/64
Q8_SHARD leaf=101 status=OPEN_MAX_DEPTH qOp=[0.537982373164043868636 leaf_seconds=2042.8 elapsed=7717.8 done=38/64
Q8_SHARD leaf=102 status=OPEN_MAX_DEPTH qOp=[0.534093017636089936740 leaf_seconds=2044.3 elapsed=7721.4 done=39/64
Q8_SHARD leaf=103 status=OPEN_MAX_DEPTH qOp=[0.530235959249371024571 leaf_seconds=2044.5 elapsed=7721.7 done=40/64
Q8_SHARD leaf=107 status=OPEN_MAX_DEPTH qOp=[0.514140529936912351777 leaf_seconds=2043.1 elapsed=7723.9 done=41/64
Q8_SHARD leaf=108 status=OPEN_MAX_DEPTH qOp=[0.509983716212519160875 leaf_seconds=2043.4 elapsed=7724.5 done=42/64
Q8_SHARD leaf=106 status=OPEN_MAX_DEPTH qOp=[0.518247936233958429599 leaf_seconds=2045.0 elapsed=7725.8 done=43/64
Q8_SHARD leaf=104 status=OPEN_MAX_DEPTH qOp=[0.526302773060346246848 leaf_seconds=2046.6 elapsed=7726.2 done=44/64
Q8_SHARD leaf=109 status=OPEN_MAX_DEPTH qOp=[0.505792674196220125930 leaf_seconds=2043.2 elapsed=7726.7 done=45/64
Q8_SHARD leaf=105 status=OPEN_MAX_DEPTH qOp=[0.522300756501232589590 leaf_seconds=2046.0 elapsed=7726.8 done=46/64
Q8_SHARD leaf=111 status=OPEN_MAX_DEPTH qOp=[0.497333335578106064335 leaf_seconds=2042.5 elapsed=7729.7 done=47/64
Q8_SHARD leaf=110 status=OPEN_MAX_DEPTH qOp=[0.501579103232092986013 leaf_seconds=2045.3 elapsed=7731.0 done=48/64
Q8_SHARD leaf=112 status=OPEN_MAX_DEPTH qOp=[0.493065805028812950765 leaf_seconds=1774.1 elapsed=9485.5 done=49/64
Q8_SHARD leaf=113 status=OPEN_MAX_DEPTH qOp=[0.489116679513262195163 leaf_seconds=1775.3 elapsed=9493.1 done=50/64
Q8_SHARD leaf=115 status=OPEN_MAX_DEPTH qOp=[0.481428666753915287231 leaf_seconds=1774.8 elapsed=9496.6 done=51/64
Q8_SHARD leaf=114 status=OPEN_MAX_DEPTH qOp=[0.485257117479899175639 leaf_seconds=1778.0 elapsed=9499.4 done=52/64
Q8_SHARD leaf=117 status=OPEN_MAX_DEPTH qOp=[0.473857496746792165992 leaf_seconds=1776.4 elapsed=9500.9 done=53/64
Q8_SHARD leaf=116 status=OPEN_MAX_DEPTH qOp=[0.477623147368443041894 leaf_seconds=1777.9 elapsed=9501.8 done=54/64
Q8_SHARD leaf=118 status=OPEN_MAX_DEPTH qOp=[0.470076793523223388156 leaf_seconds=1776.9 elapsed=9502.6 done=55/64
Q8_SHARD leaf=121 status=PASS qOp=[0.459207101109337567030 leaf_seconds=1776.9 elapsed=9503.7 done=56/64
Q8_SHARD leaf=119 status=OPEN_MAX_DEPTH qOp=[0.466291526579597417141 leaf_seconds=1777.6 elapsed=9503.8 done=57/64
Q8_SHARD leaf=120 status=PASS qOp=[0.462653537194432993374 leaf_seconds=1777.5 elapsed=9504.2 done=58/64
Q8_SHARD leaf=122 status=PASS qOp=[0.455767614315626956298 leaf_seconds=1776.4 elapsed=9506.1 done=59/64
Q8_SHARD leaf=123 status=PASS qOp=[0.452319627238665757194 leaf_seconds=1777.9 elapsed=9509.0 done=60/64
Q8_SHARD leaf=124 status=PASS qOp=[0.448866132909742979013 leaf_seconds=1613.1 elapsed=11098.6 done=61/64
Q8_SHARD leaf=125 status=PASS qOp=[0.445412286359559242141 leaf_seconds=1611.5 elapsed=11104.6 done=62/64
Q8_SHARD leaf=126 status=PASS qOp=[0.441958174932773079169 leaf_seconds=1612.4 elapsed=11109.0 done=63/64
Q8_SHARD leaf=127 status=PASS qOp=[0.438506250223120712948 leaf_seconds=1613.7 elapsed=11113.2 done=64/64
{
  "arc": 2,
  "leaf_range": [
    64,
    128
  ],
  "leaves_complete": true,
  "status_counts": {
    "PASS": 8,
    "OPEN_MAX_DEPTH": 56
  },
  "qOp_lt_1_all": true,
  "payload_sha256": "cf1dc78928f382659ea4828918ae125b989d7fd25eca51a5fb49a3ac3ff7cc04",
  "wall_seconds": 11113.22739315033
}
=== QUEUE EXIT a2_l64-128 rc=0 2026-08-21T02:59:36Z ===
=== QUEUE START a3_l0-64 2026-08-21T02:59:36Z ===
Q8_SHARD arc=3 leaves=[0,64) depth=7 N=262 workers=12 resumed=0 pending=64
Q8_SHARD leaf=4 status=PASS qOp=[0.452003100583439750297 leaf_seconds=1839.3 elapsed=1839.5 done=1/64
Q8_SHARD leaf=10 status=PASS qOp=[0.472773281645722798165 leaf_seconds=1840.0 elapsed=1840.1 done=2/64
Q8_SHARD leaf=9 status=PASS qOp=[0.469037757987889952644 leaf_seconds=1841.0 elapsed=1841.2 done=3/64
Q8_SHARD leaf=3 status=PASS qOp=[0.448622741699873415736 leaf_seconds=1841.1 elapsed=1843.6 done=4/64
Q8_SHARD leaf=1 status=PASS qOp=[0.441856995096763717065 leaf_seconds=1841.2 elapsed=1843.6 done=5/64
Q8_SHARD leaf=2 status=PASS qOp=[0.445240898244338171422 leaf_seconds=1841.3 elapsed=1843.6 done=6/64
Q8_SHARD leaf=6 status=PASS qOp=[0.458746300834411491139 leaf_seconds=1841.7 elapsed=1843.6 done=7/64
Q8_SHARD leaf=7 status=PASS qOp=[0.462106972865708437456 leaf_seconds=1842.3 elapsed=1843.6 done=8/64
Q8_SHARD leaf=8 status=PASS qOp=[0.465463323584437240349 leaf_seconds=1842.4 elapsed=1843.6 done=9/64
Q8_SHARD leaf=11 status=PASS qOp=[0.476491272350910131775 leaf_seconds=1842.9 elapsed=1843.6 done=10/64
Q8_SHARD leaf=0 status=PASS qOp=[0.438473150612978789173 leaf_seconds=1843.3 elapsed=1843.6 done=11/64
Q8_SHARD leaf=5 status=PASS qOp=[0.455377473362871636325 leaf_seconds=1857.0 elapsed=1857.2 done=12/64
Process SpawnPoolWorker-2:
Traceback (most recent call last):
  File "/Users/za/.local/share/uv/python/cpython-3.13.13-macos-aarch64-none/lib/python3.13/multiprocessing/pool.py", line 131, in worker
    put((job, i, result))
    ~~~^^^^^^^^^^^^^^^^^^
  File "/Users/za/.local/share/uv/python/cpython-3.13.13-macos-aarch64-none/lib/python3.13/multiprocessing/queues.py", line 397, in put
    self._writer.send_bytes(obj)
    ~~~~~~~~~~~~~~~~~~~~~~~^^^^^
  File "/Users/za/.local/share/uv/python/cpython-3.13.13-macos-aarch64-none/lib/python3.13/multiprocessing/connection.py", line 201, in send_bytes
    self._send_bytes(m[offset:offset + size])
    ~~~~~~~~~~~~~~~~^^^^^^^^^^^^^^^^^^^^^^^^^
  File "/Users/za/.local/share/uv/python/cpython-3.13.13-macos-aarch64-none/lib/python3.13/multiprocessing/connection.py", line 428, in _send_bytes
    self._send(header + buf)
    ~~~~~~~~~~^^^^^^^^^^^^^^
  File "/Users/za/.local/share/uv/python/cpython-3.13.13-macos-aarch64-none/lib/python3.13/multiprocessing/connection.py", line 385, in _send
    n = write(self._handle, buf)
BrokenPipeError: [Errno 32] Broken pipe

During handling of the above exception, another exception occurred:

Traceback (most recent call last):
  File "/Users/za/.local/share/uv/python/cpython-3.13.13-macos-aarch64-none/lib/python3.13/multiprocessing/process.py", line 313, in _bootstrap
    self.run()
    ~~~~~~~~^^
  File "/Users/za/.local/share/uv/python/cpython-3.13.13-macos-aarch64-none/lib/python3.13/multiprocessing/process.py", line 108, in run
    self._target(*self._args, **self._kwargs)
    ~~~~~~~~~~~~^^^^^^^^^^^^^^^^^^^^^^^^^^^^^
  File "/Users/za/.local/share/uv/python/cpython-3.13.13-macos-aarch64-none/lib/python3.13/multiprocessing/pool.py", line 136, in worker
    put((job, i, (False, wrapped)))
    ~~~^^^^^^^^^^^^^^^^^^^^^^^^^^^^
  File "/Users/za/.local/share/uv/python/cpython-3.13.13-macos-aarch64-none/lib/python3.13/multiprocessing/queues.py", line 397, in put
    self._writer.send_bytes(obj)
    ~~~~~~~~~~~~~~~~~~~~~~~^^^^^
  File "/Users/za/.local/share/uv/python/cpython-3.13.13-macos-aarch64-none/lib/python3.13/multiprocessing/connection.py", line 201, in send_bytes
    self._send_bytes(m[offset:offset + size])
    ~~~~~~~~~~~~~~~~^^^^^^^^^^^^^^^^^^^^^^^^^
  File "/Users/za/.local/share/uv/python/cpython-3.13.13-macos-aarch64-none/lib/python3.13/multiprocessing/connection.py", line 428, in _send_bytes
    self._send(header + buf)
    ~~~~~~~~~~^^^^^^^^^^^^^^
  File "/Users/za/.local/share/uv/python/cpython-3.13.13-macos-aarch64-none/lib/python3.13/multiprocessing/connection.py", line 385, in _send
    n = write(self._handle, buf)
BrokenPipeError: [Errno 32] Broken pipe
Process SpawnPoolWorker-3:
Traceback (most recent call last):
  File "/Users/za/.local/share/uv/python/cpython-3.13.13-macos-aarch64-none/lib/python3.13/multiprocessing/pool.py", line 131, in worker
    put((job, i, result))
    ~~~^^^^^^^^^^^^^^^^^^
  File "/Users/za/.local/share/uv/python/cpython-3.13.13-macos-aarch64-none/lib/python3.13/multiprocessing/queues.py", line 397, in put
    self._writer.send_bytes(obj)
    ~~~~~~~~~~~~~~~~~~~~~~~^^^^^
  File "/Users/za/.local/share/uv/python/cpython-3.13.13-macos-aarch64-none/lib/python3.13/multiprocessing/connection.py", line 201, in send_bytes
    self._send_bytes(m[offset:offset + size])
    ~~~~~~~~~~~~~~~~^^^^^^^^^^^^^^^^^^^^^^^^^
  File "/Users/za/.local/share/uv/python/cpython-3.13.13-macos-aarch64-none/lib/python3.13/multiprocessing/connection.py", line 428, in _send_bytes
    self._send(header + buf)
    ~~~~~~~~~~^^^^^^^^^^^^^^
  File "/Users/za/.local/share/uv/python/cpython-3.13.13-macos-aarch64-none/lib/python3.13/multiprocessing/connection.py", line 385, in _send
    n = write(self._handle, buf)
BrokenPipeError: [Errno 32] Broken pipe

During handling of the above exception, another exception occurred:

Traceback (most recent call last):
  File "/Users/za/.local/share/uv/python/cpython-3.13.13-macos-aarch64-none/lib/python3.13/multiprocessing/process.py", line 313, in _bootstrap
    self.run()
    ~~~~~~~~^^
  File "/Users/za/.local/share/uv/python/cpython-3.13.13-macos-aarch64-none/lib/python3.13/multiprocessing/process.py", line 108, in run
    self._target(*self._args, **self._kwargs)
    ~~~~~~~~~~~~^^^^^^^^^^^^^^^^^^^^^^^^^^^^^
  File "/Users/za/.local/share/uv/python/cpython-3.13.13-macos-aarch64-none/lib/python3.13/multiprocessing/pool.py", line 136, in worker
    put((job, i, (False, wrapped)))
    ~~~^^^^^^^^^^^^^^^^^^^^^^^^^^^^
  File "/Users/za/.local/share/uv/python/cpython-3.13.13-macos-aarch64-none/lib/python3.13/multiprocessing/queues.py", line 397, in put
    self._writer.send_bytes(obj)
    ~~~~~~~~~~~~~~~~~~~~~~~^^^^^
  File "/Users/za/.local/share/uv/python/cpython-3.13.13-macos-aarch64-none/lib/python3.13/multiprocessing/connection.py", line 201, in send_bytes
    self._send_bytes(m[offset:offset + size])
    ~~~~~~~~~~~~~~~~^^^^^^^^^^^^^^^^^^^^^^^^^
  File "/Users/za/.local/share/uv/python/cpython-3.13.13-macos-aarch64-none/lib/python3.13/multiprocessing/connection.py", line 428, in _send_bytes
    self._send(header + buf)
    ~~~~~~~~~~^^^^^^^^^^^^^^
  File "/Users/za/.local/share/uv/python/cpython-3.13.13-macos-aarch64-none/lib/python3.13/multiprocessing/connection.py", line 385, in _send
    n = write(self._handle, buf)
BrokenPipeError: [Errno 32] Broken pipe
Process SpawnPoolWorker-11:
Traceback (most recent call last):
  File "/Users/za/.local/share/uv/python/cpython-3.13.13-macos-aarch64-none/lib/python3.13/multiprocessing/pool.py", line 131, in worker
    put((job, i, result))
    ~~~^^^^^^^^^^^^^^^^^^
  File "/Users/za/.local/share/uv/python/cpython-3.13.13-macos-aarch64-none/lib/python3.13/multiprocessing/queues.py", line 397, in put
    self._writer.send_bytes(obj)
    ~~~~~~~~~~~~~~~~~~~~~~~^^^^^
  File "/Users/za/.local/share/uv/python/cpython-3.13.13-macos-aarch64-none/lib/python3.13/multiprocessing/connection.py", line 201, in send_bytes
    self._send_bytes(m[offset:offset + size])
    ~~~~~~~~~~~~~~~~^^^^^^^^^^^^^^^^^^^^^^^^^
  File "/Users/za/.local/share/uv/python/cpython-3.13.13-macos-aarch64-none/lib/python3.13/multiprocessing/connection.py", line 428, in _send_bytes
    self._send(header + buf)
    ~~~~~~~~~~^^^^^^^^^^^^^^
  File "/Users/za/.local/share/uv/python/cpython-3.13.13-macos-aarch64-none/lib/python3.13/multiprocessing/connection.py", line 385, in _send
    n = write(self._handle, buf)
BrokenPipeError: [Errno 32] Broken pipe

During handling of the above exception, another exception occurred:

Traceback (most recent call last):
  File "/Users/za/.local/share/uv/python/cpython-3.13.13-macos-aarch64-none/lib/python3.13/multiprocessing/process.py", line 313, in _bootstrap
    self.run()
    ~~~~~~~~^^
  File "/Users/za/.local/share/uv/python/cpython-3.13.13-macos-aarch64-none/lib/python3.13/multiprocessing/process.py", line 108, in run
    self._target(*self._args, **self._kwargs)
    ~~~~~~~~~~~~^^^^^^^^^^^^^^^^^^^^^^^^^^^^^
  File "/Users/za/.local/share/uv/python/cpython-3.13.13-macos-aarch64-none/lib/python3.13/multiprocessing/pool.py", line 136, in worker
    put((job, i, (False, wrapped)))
    ~~~^^^^^^^^^^^^^^^^^^^^^^^^^^^^
  File "/Users/za/.local/share/uv/python/cpython-3.13.13-macos-aarch64-none/lib/python3.13/multiprocessing/queues.py", line 397, in put
    self._writer.send_bytes(obj)
    ~~~~~~~~~~~~~~~~~~~~~~~^^^^^
  File "/Users/za/.local/share/uv/python/cpython-3.13.13-macos-aarch64-none/lib/python3.13/multiprocessing/connection.py", line 201, in send_bytes
    self._send_bytes(m[offset:offset + size])
    ~~~~~~~~~~~~~~~~^^^^^^^^^^^^^^^^^^^^^^^^^
  File "/Users/za/.local/share/uv/python/cpython-3.13.13-macos-aarch64-none/lib/python3.13/multiprocessing/connection.py", line 428, in _send_bytes
    self._send(header + buf)
    ~~~~~~~~~~^^^^^^^^^^^^^^
  File "/Users/za/.local/share/uv/python/cpython-3.13.13-macos-aarch64-none/lib/python3.13/multiprocessing/connection.py", line 385, in _send
    n = write(self._handle, buf)
BrokenPipeError: [Errno 32] Broken pipe
Process SpawnPoolWorker-9:
Traceback (most recent call last):
  File "/Users/za/.local/share/uv/python/cpython-3.13.13-macos-aarch64-none/lib/python3.13/multiprocessing/pool.py", line 131, in worker
    put((job, i, result))
    ~~~^^^^^^^^^^^^^^^^^^
  File "/Users/za/.local/share/uv/python/cpython-3.13.13-macos-aarch64-none/lib/python3.13/multiprocessing/queues.py", line 397, in put
    self._writer.send_bytes(obj)
    ~~~~~~~~~~~~~~~~~~~~~~~^^^^^
  File "/Users/za/.local/share/uv/python/cpython-3.13.13-macos-aarch64-none/lib/python3.13/multiprocessing/connection.py", line 201, in send_bytes
    self._send_bytes(m[offset:offset + size])
    ~~~~~~~~~~~~~~~~^^^^^^^^^^^^^^^^^^^^^^^^^
  File "/Users/za/.local/share/uv/python/cpython-3.13.13-macos-aarch64-none/lib/python3.13/multiprocessing/connection.py", line 428, in _send_bytes
    self._send(header + buf)
    ~~~~~~~~~~^^^^^^^^^^^^^^
  File "/Users/za/.local/share/uv/python/cpython-3.13.13-macos-aarch64-none/lib/python3.13/multiprocessing/connection.py", line 385, in _send
    n = write(self._handle, buf)
BrokenPipeError: [Errno 32] Broken pipe

During handling of the above exception, another exception occurred:

Traceback (most recent call last):
  File "/Users/za/.local/share/uv/python/cpython-3.13.13-macos-aarch64-none/lib/python3.13/multiprocessing/process.py", line 313, in _bootstrap
    self.run()
    ~~~~~~~~^^
  File "/Users/za/.local/share/uv/python/cpython-3.13.13-macos-aarch64-none/lib/python3.13/multiprocessing/process.py", line 108, in run
    self._target(*self._args, **self._kwargs)
    ~~~~~~~~~~~~^^^^^^^^^^^^^^^^^^^^^^^^^^^^^
  File "/Users/za/.local/share/uv/python/cpython-3.13.13-macos-aarch64-none/lib/python3.13/multiprocessing/pool.py", line 136, in worker
    put((job, i, (False, wrapped)))
    ~~~^^^^^^^^^^^^^^^^^^^^^^^^^^^^
  File "/Users/za/.local/share/uv/python/cpython-3.13.13-macos-aarch64-none/lib/python3.13/multiprocessing/queues.py", line 397, in put
    self._writer.send_bytes(obj)
    ~~~~~~~~~~~~~~~~~~~~~~~^^^^^
  File "/Users/za/.local/share/uv/python/cpython-3.13.13-macos-aarch64-none/lib/python3.13/multiprocessing/connection.py", line 201, in send_bytes
    self._send_bytes(m[offset:offset + size])
    ~~~~~~~~~~~~~~~~^^^^^^^^^^^^^^^^^^^^^^^^^
  File "/Users/za/.local/share/uv/python/cpython-3.13.13-macos-aarch64-none/lib/python3.13/multiprocessing/connection.py", line 428, in _send_bytes
    self._send(header + buf)
    ~~~~~~~~~~^^^^^^^^^^^^^^
  File "/Users/za/.local/share/uv/python/cpython-3.13.13-macos-aarch64-none/lib/python3.13/multiprocessing/connection.py", line 385, in _send
    n = write(self._handle, buf)
BrokenPipeError: [Errno 32] Broken pipe
Process SpawnPoolWorker-5:
Traceback (most recent call last):
  File "/Users/za/.local/share/uv/python/cpython-3.13.13-macos-aarch64-none/lib/python3.13/multiprocessing/pool.py", line 131, in worker
    put((job, i, result))
    ~~~^^^^^^^^^^^^^^^^^^
  File "/Users/za/.local/share/uv/python/cpython-3.13.13-macos-aarch64-none/lib/python3.13/multiprocessing/queues.py", line 397, in put
    self._writer.send_bytes(obj)
    ~~~~~~~~~~~~~~~~~~~~~~~^^^^^
  File "/Users/za/.local/share/uv/python/cpython-3.13.13-macos-aarch64-none/lib/python3.13/multiprocessing/connection.py", line 201, in send_bytes
    self._send_bytes(m[offset:offset + size])
    ~~~~~~~~~~~~~~~~^^^^^^^^^^^^^^^^^^^^^^^^^
  File "/Users/za/.local/share/uv/python/cpython-3.13.13-macos-aarch64-none/lib/python3.13/multiprocessing/connection.py", line 428, in _send_bytes
    self._send(header + buf)
    ~~~~~~~~~~^^^^^^^^^^^^^^
  File "/Users/za/.local/share/uv/python/cpython-3.13.13-macos-aarch64-none/lib/python3.13/multiprocessing/connection.py", line 385, in _send
    n = write(self._handle, buf)
BrokenPipeError: [Errno 32] Broken pipe

During handling of the above exception, another exception occurred:

Traceback (most recent call last):
  File "/Users/za/.local/share/uv/python/cpython-3.13.13-macos-aarch64-none/lib/python3.13/multiprocessing/process.py", line 313, in _bootstrap
    self.run()
    ~~~~~~~~^^
  File "/Users/za/.local/share/uv/python/cpython-3.13.13-macos-aarch64-none/lib/python3.13/multiprocessing/process.py", line 108, in run
    self._target(*self._args, **self._kwargs)
    ~~~~~~~~~~~~^^^^^^^^^^^^^^^^^^^^^^^^^^^^^
  File "/Users/za/.local/share/uv/python/cpython-3.13.13-macos-aarch64-none/lib/python3.13/multiprocessing/pool.py", line 136, in worker
    put((job, i, (False, wrapped)))
    ~~~^^^^^^^^^^^^^^^^^^^^^^^^^^^^
  File "/Users/za/.local/share/uv/python/cpython-3.13.13-macos-aarch64-none/lib/python3.13/multiprocessing/queues.py", line 397, in put
    self._writer.send_bytes(obj)
    ~~~~~~~~~~~~~~~~~~~~~~~^^^^^
  File "/Users/za/.local/share/uv/python/cpython-3.13.13-macos-aarch64-none/lib/python3.13/multiprocessing/connection.py", line 201, in send_bytes
    self._send_bytes(m[offset:offset + size])
    ~~~~~~~~~~~~~~~~^^^^^^^^^^^^^^^^^^^^^^^^^
  File "/Users/za/.local/share/uv/python/cpython-3.13.13-macos-aarch64-none/lib/python3.13/multiprocessing/connection.py", line 428, in _send_bytes
    self._send(header + buf)
    ~~~~~~~~~~^^^^^^^^^^^^^^
  File "/Users/za/.local/share/uv/python/cpython-3.13.13-macos-aarch64-none/lib/python3.13/multiprocessing/connection.py", line 385, in _send
    n = write(self._handle, buf)
BrokenPipeError: [Errno 32] Broken pipe
Process SpawnPoolWorker-8:
Traceback (most recent call last):
  File "/Users/za/.local/share/uv/python/cpython-3.13.13-macos-aarch64-none/lib/python3.13/multiprocessing/pool.py", line 131, in worker
    put((job, i, result))
    ~~~^^^^^^^^^^^^^^^^^^
  File "/Users/za/.local/share/uv/python/cpython-3.13.13-macos-aarch64-none/lib/python3.13/multiprocessing/queues.py", line 397, in put
    self._writer.send_bytes(obj)
    ~~~~~~~~~~~~~~~~~~~~~~~^^^^^
  File "/Users/za/.local/share/uv/python/cpython-3.13.13-macos-aarch64-none/lib/python3.13/multiprocessing/connection.py", line 201, in send_bytes
    self._send_bytes(m[offset:offset + size])
    ~~~~~~~~~~~~~~~~^^^^^^^^^^^^^^^^^^^^^^^^^
  File "/Users/za/.local/share/uv/python/cpython-3.13.13-macos-aarch64-none/lib/python3.13/multiprocessing/connection.py", line 428, in _send_bytes
    self._send(header + buf)
    ~~~~~~~~~~^^^^^^^^^^^^^^
  File "/Users/za/.local/share/uv/python/cpython-3.13.13-macos-aarch64-none/lib/python3.13/multiprocessing/connection.py", line 385, in _send
    n = write(self._handle, buf)
BrokenPipeError: [Errno 32] Broken pipe

During handling of the above exception, another exception occurred:

Traceback (most recent call last):
  File "/Users/za/.local/share/uv/python/cpython-3.13.13-macos-aarch64-none/lib/python3.13/multiprocessing/process.py", line 313, in _bootstrap
    self.run()
    ~~~~~~~~^^
  File "/Users/za/.local/share/uv/python/cpython-3.13.13-macos-aarch64-none/lib/python3.13/multiprocessing/process.py", line 108, in run
    self._target(*self._args, **self._kwargs)
    ~~~~~~~~~~~~^^^^^^^^^^^^^^^^^^^^^^^^^^^^^
  File "/Users/za/.local/share/uv/python/cpython-3.13.13-macos-aarch64-none/lib/python3.13/multiprocessing/pool.py", line 136, in worker
    put((job, i, (False, wrapped)))
    ~~~^^^^^^^^^^^^^^^^^^^^^^^^^^^^
  File "/Users/za/.local/share/uv/python/cpython-3.13.13-macos-aarch64-none/lib/python3.13/multiprocessing/queues.py", line 397, in put
    self._writer.send_bytes(obj)
    ~~~~~~~~~~~~~~~~~~~~~~~^^^^^
  File "/Users/za/.local/share/uv/python/cpython-3.13.13-macos-aarch64-none/lib/python3.13/multiprocessing/connection.py", line 201, in send_bytes
    self._send_bytes(m[offset:offset + size])
    ~~~~~~~~~~~~~~~~^^^^^^^^^^^^^^^^^^^^^^^^^
  File "/Users/za/.local/share/uv/python/cpython-3.13.13-macos-aarch64-none/lib/python3.13/multiprocessing/connection.py", line 428, in _send_bytes
    self._send(header + buf)
    ~~~~~~~~~~^^^^^^^^^^^^^^
  File "/Users/za/.local/share/uv/python/cpython-3.13.13-macos-aarch64-none/lib/python3.13/multiprocessing/connection.py", line 385, in _send
    n = write(self._handle, buf)
BrokenPipeError: [Errno 32] Broken pipe
Process SpawnPoolWorker-6:
Traceback (most recent call last):
  File "/Users/za/.local/share/uv/python/cpython-3.13.13-macos-aarch64-none/lib/python3.13/multiprocessing/pool.py", line 131, in worker
    put((job, i, result))
    ~~~^^^^^^^^^^^^^^^^^^
  File "/Users/za/.local/share/uv/python/cpython-3.13.13-macos-aarch64-none/lib/python3.13/multiprocessing/queues.py", line 397, in put
    self._writer.send_bytes(obj)
    ~~~~~~~~~~~~~~~~~~~~~~~^^^^^
  File "/Users/za/.local/share/uv/python/cpython-3.13.13-macos-aarch64-none/lib/python3.13/multiprocessing/connection.py", line 201, in send_bytes
    self._send_bytes(m[offset:offset + size])
    ~~~~~~~~~~~~~~~~^^^^^^^^^^^^^^^^^^^^^^^^^
  File "/Users/za/.local/share/uv/python/cpython-3.13.13-macos-aarch64-none/lib/python3.13/multiprocessing/connection.py", line 428, in _send_bytes
    self._send(header + buf)
    ~~~~~~~~~~^^^^^^^^^^^^^^
  File "/Users/za/.local/share/uv/python/cpython-3.13.13-macos-aarch64-none/lib/python3.13/multiprocessing/connection.py", line 385, in _send
    n = write(self._handle, buf)
BrokenPipeError: [Errno 32] Broken pipe

During handling of the above exception, another exception occurred:

Traceback (most recent call last):
  File "/Users/za/.local/share/uv/python/cpython-3.13.13-macos-aarch64-none/lib/python3.13/multiprocessing/process.py", line 313, in _bootstrap
    self.run()
    ~~~~~~~~^^
  File "/Users/za/.local/share/uv/python/cpython-3.13.13-macos-aarch64-none/lib/python3.13/multiprocessing/process.py", line 108, in run
    self._target(*self._args, **self._kwargs)
    ~~~~~~~~~~~~^^^^^^^^^^^^^^^^^^^^^^^^^^^^^
  File "/Users/za/.local/share/uv/python/cpython-3.13.13-macos-aarch64-none/lib/python3.13/multiprocessing/pool.py", line 136, in worker
    put((job, i, (False, wrapped)))
    ~~~^^^^^^^^^^^^^^^^^^^^^^^^^^^^
  File "/Users/za/.local/share/uv/python/cpython-3.13.13-macos-aarch64-none/lib/python3.13/multiprocessing/queues.py", line 397, in put
    self._writer.send_bytes(obj)
    ~~~~~~~~~~~~~~~~~~~~~~~^^^^^
  File "/Users/za/.local/share/uv/python/cpython-3.13.13-macos-aarch64-none/lib/python3.13/multiprocessing/connection.py", line 201, in send_bytes
    self._send_bytes(m[offset:offset + size])
    ~~~~~~~~~~~~~~~~^^^^^^^^^^^^^^^^^^^^^^^^^
  File "/Users/za/.local/share/uv/python/cpython-3.13.13-macos-aarch64-none/lib/python3.13/multiprocessing/connection.py", line 428, in _send_bytes
    self._send(header + buf)
    ~~~~~~~~~~^^^^^^^^^^^^^^
  File "/Users/za/.local/share/uv/python/cpython-3.13.13-macos-aarch64-none/lib/python3.13/multiprocessing/connection.py", line 385, in _send
    n = write(self._handle, buf)
BrokenPipeError: [Errno 32] Broken pipe
Process SpawnPoolWorker-10:
Traceback (most recent call last):
  File "/Users/za/.local/share/uv/python/cpython-3.13.13-macos-aarch64-none/lib/python3.13/multiprocessing/pool.py", line 131, in worker
    put((job, i, result))
    ~~~^^^^^^^^^^^^^^^^^^
  File "/Users/za/.local/share/uv/python/cpython-3.13.13-macos-aarch64-none/lib/python3.13/multiprocessing/queues.py", line 397, in put
    self._writer.send_bytes(obj)
    ~~~~~~~~~~~~~~~~~~~~~~~^^^^^
  File "/Users/za/.local/share/uv/python/cpython-3.13.13-macos-aarch64-none/lib/python3.13/multiprocessing/connection.py", line 201, in send_bytes
    self._send_bytes(m[offset:offset + size])
    ~~~~~~~~~~~~~~~~^^^^^^^^^^^^^^^^^^^^^^^^^
  File "/Users/za/.local/share/uv/python/cpython-3.13.13-macos-aarch64-none/lib/python3.13/multiprocessing/connection.py", line 428, in _send_bytes
    self._send(header + buf)
    ~~~~~~~~~~^^^^^^^^^^^^^^
  File "/Users/za/.local/share/uv/python/cpython-3.13.13-macos-aarch64-none/lib/python3.13/multiprocessing/connection.py", line 385, in _send
    n = write(self._handle, buf)
BrokenPipeError: [Errno 32] Broken pipe

During handling of the above exception, another exception occurred:

Traceback (most recent call last):
  File "/Users/za/.local/share/uv/python/cpython-3.13.13-macos-aarch64-none/lib/python3.13/multiprocessing/process.py", line 313, in _bootstrap
    self.run()
    ~~~~~~~~^^
  File "/Users/za/.local/share/uv/python/cpython-3.13.13-macos-aarch64-none/lib/python3.13/multiprocessing/process.py", line 108, in run
    self._target(*self._args, **self._kwargs)
    ~~~~~~~~~~~~^^^^^^^^^^^^^^^^^^^^^^^^^^^^^
  File "/Users/za/.local/share/uv/python/cpython-3.13.13-macos-aarch64-none/lib/python3.13/multiprocessing/pool.py", line 136, in worker
    put((job, i, (False, wrapped)))
    ~~~^^^^^^^^^^^^^^^^^^^^^^^^^^^^
  File "/Users/za/.local/share/uv/python/cpython-3.13.13-macos-aarch64-none/lib/python3.13/multiprocessing/queues.py", line 397, in put
    self._writer.send_bytes(obj)
    ~~~~~~~~~~~~~~~~~~~~~~~^^^^^
  File "/Users/za/.local/share/uv/python/cpython-3.13.13-macos-aarch64-none/lib/python3.13/multiprocessing/connection.py", line 201, in send_bytes
    self._send_bytes(m[offset:offset + size])
    ~~~~~~~~~~~~~~~~^^^^^^^^^^^^^^^^^^^^^^^^^
  File "/Users/za/.local/share/uv/python/cpython-3.13.13-macos-aarch64-none/lib/python3.13/multiprocessing/connection.py", line 428, in _send_bytes
    self._send(header + buf)
    ~~~~~~~~~~^^^^^^^^^^^^^^
  File "/Users/za/.local/share/uv/python/cpython-3.13.13-macos-aarch64-none/lib/python3.13/multiprocessing/connection.py", line 385, in _send
    n = write(self._handle, buf)
BrokenPipeError: [Errno 32] Broken pipe
Process SpawnPoolWorker-7:
Traceback (most recent call last):
  File "/Users/za/.local/share/uv/python/cpython-3.13.13-macos-aarch64-none/lib/python3.13/multiprocessing/pool.py", line 131, in worker
    put((job, i, result))
    ~~~^^^^^^^^^^^^^^^^^^
  File "/Users/za/.local/share/uv/python/cpython-3.13.13-macos-aarch64-none/lib/python3.13/multiprocessing/queues.py", line 397, in put
    self._writer.send_bytes(obj)
    ~~~~~~~~~~~~~~~~~~~~~~~^^^^^
  File "/Users/za/.local/share/uv/python/cpython-3.13.13-macos-aarch64-none/lib/python3.13/multiprocessing/connection.py", line 201, in send_bytes
    self._send_bytes(m[offset:offset + size])
    ~~~~~~~~~~~~~~~~^^^^^^^^^^^^^^^^^^^^^^^^^
  File "/Users/za/.local/share/uv/python/cpython-3.13.13-macos-aarch64-none/lib/python3.13/multiprocessing/connection.py", line 428, in _send_bytes
    self._send(header + buf)
    ~~~~~~~~~~^^^^^^^^^^^^^^
  File "/Users/za/.local/share/uv/python/cpython-3.13.13-macos-aarch64-none/lib/python3.13/multiprocessing/connection.py", line 385, in _send
    n = write(self._handle, buf)
BrokenPipeError: [Errno 32] Broken pipe

During handling of the above exception, another exception occurred:

Traceback (most recent call last):
  File "/Users/za/.local/share/uv/python/cpython-3.13.13-macos-aarch64-none/lib/python3.13/multiprocessing/process.py", line 313, in _bootstrap
    self.run()
    ~~~~~~~~^^
  File "/Users/za/.local/share/uv/python/cpython-3.13.13-macos-aarch64-none/lib/python3.13/multiprocessing/process.py", line 108, in run
    self._target(*self._args, **self._kwargs)
    ~~~~~~~~~~~~^^^^^^^^^^^^^^^^^^^^^^^^^^^^^
  File "/Users/za/.local/share/uv/python/cpython-3.13.13-macos-aarch64-none/lib/python3.13/multiprocessing/pool.py", line 136, in worker
    put((job, i, (False, wrapped)))
    ~~~^^^^^^^^^^^^^^^^^^^^^^^^^^^^
  File "/Users/za/.local/share/uv/python/cpython-3.13.13-macos-aarch64-none/lib/python3.13/multiprocessing/queues.py", line 397, in put
    self._writer.send_bytes(obj)
    ~~~~~~~~~~~~~~~~~~~~~~~^^^^^
  File "/Users/za/.local/share/uv/python/cpython-3.13.13-macos-aarch64-none/lib/python3.13/multiprocessing/connection.py", line 201, in send_bytes
    self._send_bytes(m[offset:offset + size])
    ~~~~~~~~~~~~~~~~^^^^^^^^^^^^^^^^^^^^^^^^^
  File "/Users/za/.local/share/uv/python/cpython-3.13.13-macos-aarch64-none/lib/python3.13/multiprocessing/connection.py", line 428, in _send_bytes
    self._send(header + buf)
    ~~~~~~~~~~^^^^^^^^^^^^^^
  File "/Users/za/.local/share/uv/python/cpython-3.13.13-macos-aarch64-none/lib/python3.13/multiprocessing/connection.py", line 385, in _send
    n = write(self._handle, buf)
BrokenPipeError: [Errno 32] Broken pipe
Process SpawnPoolWorker-1:
Traceback (most recent call last):
  File "/Users/za/.local/share/uv/python/cpython-3.13.13-macos-aarch64-none/lib/python3.13/multiprocessing/pool.py", line 131, in worker
    put((job, i, result))
    ~~~^^^^^^^^^^^^^^^^^^
  File "/Users/za/.local/share/uv/python/cpython-3.13.13-macos-aarch64-none/lib/python3.13/multiprocessing/queues.py", line 397, in put
    self._writer.send_bytes(obj)
    ~~~~~~~~~~~~~~~~~~~~~~~^^^^^
  File "/Users/za/.local/share/uv/python/cpython-3.13.13-macos-aarch64-none/lib/python3.13/multiprocessing/connection.py", line 201, in send_bytes
    self._send_bytes(m[offset:offset + size])
    ~~~~~~~~~~~~~~~~^^^^^^^^^^^^^^^^^^^^^^^^^
  File "/Users/za/.local/share/uv/python/cpython-3.13.13-macos-aarch64-none/lib/python3.13/multiprocessing/connection.py", line 428, in _send_bytes
    self._send(header + buf)
    ~~~~~~~~~~^^^^^^^^^^^^^^
  File "/Users/za/.local/share/uv/python/cpython-3.13.13-macos-aarch64-none/lib/python3.13/multiprocessing/connection.py", line 385, in _send
    n = write(self._handle, buf)
BrokenPipeError: [Errno 32] Broken pipe

During handling of the above exception, another exception occurred:

Traceback (most recent call last):
  File "/Users/za/.local/share/uv/python/cpython-3.13.13-macos-aarch64-none/lib/python3.13/multiprocessing/process.py", line 313, in _bootstrap
    self.run()
    ~~~~~~~~^^
  File "/Users/za/.local/share/uv/python/cpython-3.13.13-macos-aarch64-none/lib/python3.13/multiprocessing/process.py", line 108, in run
    self._target(*self._args, **self._kwargs)
    ~~~~~~~~~~~~^^^^^^^^^^^^^^^^^^^^^^^^^^^^^
  File "/Users/za/.local/share/uv/python/cpython-3.13.13-macos-aarch64-none/lib/python3.13/multiprocessing/pool.py", line 136, in worker
    put((job, i, (False, wrapped)))
    ~~~^^^^^^^^^^^^^^^^^^^^^^^^^^^^
  File "/Users/za/.local/share/uv/python/cpython-3.13.13-macos-aarch64-none/lib/python3.13/multiprocessing/queues.py", line 397, in put
    self._writer.send_bytes(obj)
    ~~~~~~~~~~~~~~~~~~~~~~~^^^^^
  File "/Users/za/.local/share/uv/python/cpython-3.13.13-macos-aarch64-none/lib/python3.13/multiprocessing/connection.py", line 201, in send_bytes
    self._send_bytes(m[offset:offset + size])
    ~~~~~~~~~~~~~~~~^^^^^^^^^^^^^^^^^^^^^^^^^
  File "/Users/za/.local/share/uv/python/cpython-3.13.13-macos-aarch64-none/lib/python3.13/multiprocessing/connection.py", line 428, in _send_bytes
    self._send(header + buf)
    ~~~~~~~~~~^^^^^^^^^^^^^^
  File "/Users/za/.local/share/uv/python/cpython-3.13.13-macos-aarch64-none/lib/python3.13/multiprocessing/connection.py", line 385, in _send
    n = write(self._handle, buf)
BrokenPipeError: [Errno 32] Broken pipe
Process SpawnPoolWorker-4:
Traceback (most recent call last):
  File "/Users/za/.local/share/uv/python/cpython-3.13.13-macos-aarch64-none/lib/python3.13/multiprocessing/pool.py", line 131, in worker
    put((job, i, result))
    ~~~^^^^^^^^^^^^^^^^^^
  File "/Users/za/.local/share/uv/python/cpython-3.13.13-macos-aarch64-none/lib/python3.13/multiprocessing/queues.py", line 397, in put
    self._writer.send_bytes(obj)
    ~~~~~~~~~~~~~~~~~~~~~~~^^^^^
  File "/Users/za/.local/share/uv/python/cpython-3.13.13-macos-aarch64-none/lib/python3.13/multiprocessing/connection.py", line 201, in send_bytes
    self._send_bytes(m[offset:offset + size])
    ~~~~~~~~~~~~~~~~^^^^^^^^^^^^^^^^^^^^^^^^^
  File "/Users/za/.local/share/uv/python/cpython-3.13.13-macos-aarch64-none/lib/python3.13/multiprocessing/connection.py", line 428, in _send_bytes
    self._send(header + buf)
    ~~~~~~~~~~^^^^^^^^^^^^^^
  File "/Users/za/.local/share/uv/python/cpython-3.13.13-macos-aarch64-none/lib/python3.13/multiprocessing/connection.py", line 385, in _send
    n = write(self._handle, buf)
BrokenPipeError: [Errno 32] Broken pipe

During handling of the above exception, another exception occurred:

Traceback (most recent call last):
  File "/Users/za/.local/share/uv/python/cpython-3.13.13-macos-aarch64-none/lib/python3.13/multiprocessing/process.py", line 313, in _bootstrap
    self.run()
    ~~~~~~~~^^
  File "/Users/za/.local/share/uv/python/cpython-3.13.13-macos-aarch64-none/lib/python3.13/multiprocessing/process.py", line 108, in run
    self._target(*self._args, **self._kwargs)
    ~~~~~~~~~~~~^^^^^^^^^^^^^^^^^^^^^^^^^^^^^
  File "/Users/za/.local/share/uv/python/cpython-3.13.13-macos-aarch64-none/lib/python3.13/multiprocessing/pool.py", line 136, in worker
    put((job, i, (False, wrapped)))
    ~~~^^^^^^^^^^^^^^^^^^^^^^^^^^^^
  File "/Users/za/.local/share/uv/python/cpython-3.13.13-macos-aarch64-none/lib/python3.13/multiprocessing/queues.py", line 397, in put
    self._writer.send_bytes(obj)
    ~~~~~~~~~~~~~~~~~~~~~~~^^^^^
  File "/Users/za/.local/share/uv/python/cpython-3.13.13-macos-aarch64-none/lib/python3.13/multiprocessing/connection.py", line 201, in send_bytes
    self._send_bytes(m[offset:offset + size])
    ~~~~~~~~~~~~~~~~^^^^^^^^^^^^^^^^^^^^^^^^^
  File "/Users/za/.local/share/uv/python/cpython-3.13.13-macos-aarch64-none/lib/python3.13/multiprocessing/connection.py", line 428, in _send_bytes
    self._send(header + buf)
    ~~~~~~~~~~^^^^^^^^^^^^^^
  File "/Users/za/.local/share/uv/python/cpython-3.13.13-macos-aarch64-none/lib/python3.13/multiprocessing/connection.py", line 385, in _send
    n = write(self._handle, buf)
BrokenPipeError: [Errno 32] Broken pipe
Process SpawnPoolWorker-12:
Traceback (most recent call last):
  File "/Users/za/.local/share/uv/python/cpython-3.13.13-macos-aarch64-none/lib/python3.13/multiprocessing/pool.py", line 131, in worker
    put((job, i, result))
    ~~~^^^^^^^^^^^^^^^^^^
  File "/Users/za/.local/share/uv/python/cpython-3.13.13-macos-aarch64-none/lib/python3.13/multiprocessing/queues.py", line 397, in put
    self._writer.send_bytes(obj)
    ~~~~~~~~~~~~~~~~~~~~~~~^^^^^
  File "/Users/za/.local/share/uv/python/cpython-3.13.13-macos-aarch64-none/lib/python3.13/multiprocessing/connection.py", line 201, in send_bytes
    self._send_bytes(m[offset:offset + size])
    ~~~~~~~~~~~~~~~~^^^^^^^^^^^^^^^^^^^^^^^^^
  File "/Users/za/.local/share/uv/python/cpython-3.13.13-macos-aarch64-none/lib/python3.13/multiprocessing/connection.py", line 428, in _send_bytes
    self._send(header + buf)
    ~~~~~~~~~~^^^^^^^^^^^^^^
  File "/Users/za/.local/share/uv/python/cpython-3.13.13-macos-aarch64-none/lib/python3.13/multiprocessing/connection.py", line 385, in _send
    n = write(self._handle, buf)
BrokenPipeError: [Errno 32] Broken pipe

During handling of the above exception, another exception occurred:

Traceback (most recent call last):
  File "/Users/za/.local/share/uv/python/cpython-3.13.13-macos-aarch64-none/lib/python3.13/multiprocessing/process.py", line 313, in _bootstrap
    self.run()
    ~~~~~~~~^^
  File "/Users/za/.local/share/uv/python/cpython-3.13.13-macos-aarch64-none/lib/python3.13/multiprocessing/process.py", line 108, in run
    self._target(*self._args, **self._kwargs)
    ~~~~~~~~~~~~^^^^^^^^^^^^^^^^^^^^^^^^^^^^^
  File "/Users/za/.local/share/uv/python/cpython-3.13.13-macos-aarch64-none/lib/python3.13/multiprocessing/pool.py", line 136, in worker
    put((job, i, (False, wrapped)))
    ~~~^^^^^^^^^^^^^^^^^^^^^^^^^^^^
  File "/Users/za/.local/share/uv/python/cpython-3.13.13-macos-aarch64-none/lib/python3.13/multiprocessing/queues.py", line 397, in put
    self._writer.send_bytes(obj)
    ~~~~~~~~~~~~~~~~~~~~~~~^^^^^
  File "/Users/za/.local/share/uv/python/cpython-3.13.13-macos-aarch64-none/lib/python3.13/multiprocessing/connection.py", line 201, in send_bytes
    self._send_bytes(m[offset:offset + size])
    ~~~~~~~~~~~~~~~~^^^^^^^^^^^^^^^^^^^^^^^^^
  File "/Users/za/.local/share/uv/python/cpython-3.13.13-macos-aarch64-none/lib/python3.13/multiprocessing/connection.py", line 428, in _send_bytes
    self._send(header + buf)
    ~~~~~~~~~~^^^^^^^^^^^^^^
  File "/Users/za/.local/share/uv/python/cpython-3.13.13-macos-aarch64-none/lib/python3.13/multiprocessing/connection.py", line 385, in _send
    n = write(self._handle, buf)
BrokenPipeError: [Errno 32] Broken pipe
/Users/za/.local/share/uv/python/cpython-3.13.13-macos-aarch64-none/lib/python3.13/multiprocessing/resource_tracker.py:400: UserWarning: resource_tracker: There appear to be 6 leaked semaphore objects to clean up at shutdown: {'/mp-xbce4ned', '/mp-izaxn4mp', '/mp-b37t83o4', '/mp-9v0b79u5', '/mp-7a6l3jj7', '/mp-t753_ghk'}
  warnings.warn(
