eps=+1 s=0.2+5.76353724i |ref|=1.738938e+00 relerr=6.926e-27
eps=+1 s=0.2+7.81976824701551188i |ref|=1.618323e+00 relerr=1.867e-24
eps=+1 s=0.2+10.56029678i |ref|=5.694409e-01 relerr=1.003e-20
eps=+1 s=0.35+5.76353724i |ref|=5.071017e-01 relerr=1.467e-26
eps=+1 s=0.35+7.81976824701551188i |ref|=3.000825e-01 relerr=5.122e-24
eps=+1 s=0.35+10.56029678i |ref|=8.212948e-01 relerr=2.185e-21
eps=+1 s=0.45+5.76353724i |ref|=1.546207e-02 relerr=3.610e-25
eps=+1 s=0.45+7.81976824701551188i |ref|=1.525240e-01 relerr=6.911e-24
eps=+1 s=0.45+10.56029678i |ref|=1.162704e+00 relerr=6.541e-22
eps=-1 s=0.2+5.76353724i |ref|=6.016114e-01 relerr=1.718e-26
eps=-1 s=0.2+7.81976824701551188i |ref|=5.474452e+00 relerr=6.720e-25
eps=-1 s=0.2+10.56029678i |ref|=6.361571e+00 relerr=3.516e-22
eps=-1 s=0.35+5.76353724i |ref|=7.291202e-01 relerr=9.729e-27
eps=-1 s=0.35+7.81976824701551188i |ref|=3.592080e+00 relerr=6.480e-25
eps=-1 s=0.35+10.56029678i |ref|=2.755905e+00 relerr=2.619e-22
eps=-1 s=0.45+5.76353724i |ref|=7.603425e-01 relerr=7.460e-27
eps=-1 s=0.45+7.81976824701551188i |ref|=2.838465e+00 relerr=6.024e-25
eps=-1 s=0.45+10.56029678i |ref|=1.771047e+00 relerr=2.015e-22
WORST 1.0026428205518036e-20 at eps=+1 s=0.2+10.56029678i
dps-doubling at worst point: relerr(dps=60) = 1.003e-20
receipt: /Users/za/Documents/farey-hecke/research_notes/rh_goals_2026-08-14/lane_g/second_pin/CROSSVAL_SECONDPIN_RECEIPT.json
