# repin_fallback_winding  N=16 prec=400 sign=+1 n_head=4 K=28 hx=hy=0.012
center = (0.41054373549576567, 7.819768247017059)
winding = 1
info = {
 "winding": 1,
 "winding_ball": [
  0.9994712136685848,
  1.0005288161337376
 ],
 "K_per_edge": 28,
 "box_hx": 0.012,
 "box_hy": 0.012,
 "re0_center": 0.41054373549576567,
 "im0_center": 7.819768247017059,
 "tail_fix": 6.338807692277085e-07
}
winding_ball outward-rounded (1 ulp): [0.9994712136685847, 1.0005288161337378]
receipt: /Users/za/Documents/farey-hecke/research_notes/rh_goals_2026-08-14/lane_g/second_pin/REPIN_FALLBACK_WINDING_N16_RECEIPT.json
# repin_fallback_winding  N=22 prec=400 sign=+1 n_head=4 K=28 hx=hy=0.012
center = (0.41054373549576567, 7.819768247017059)
winding = 1
info = {
 "winding": 1,
 "winding_ball": [
  0.9999999492931789,
  1.000000050706821
 ],
 "K_per_edge": 28,
 "box_hx": 0.012,
 "box_hy": 0.012,
 "re0_center": 0.41054373549576567,
 "im0_center": 7.819768247017059,
 "tail_fix": 6.078278392898414e-11
}
winding_ball outward-rounded (1 ulp): [0.9999999492931788, 1.0000000507068212]
receipt: /Users/za/Documents/farey-hecke/research_notes/rh_goals_2026-08-14/lane_g/second_pin/REPIN_FALLBACK_WINDING_N22_RECEIPT.json
