[{"stream_name":"stdout","time":1.543012773,"data":"======================================================================\n"}
,{"stream_name":"stdout","time":1.5430900159999998,"data":"RAW-Pgen realization constants (sealed Pgen l (a,b)=a(a+lb)/l)\n"}
,{"stream_name":"stdout","time":1.543096334,"data":"======================================================================\n"}
,{"stream_name":"stdout","time":1.646344136,"data":"q=   3 l=1.0 alpha=1.0 rho=1.154700538 Efloor=0.6339746 1/l^3=1.0 orbit_err=1.011e-60\n"}
,{"stream_name":"stdout","time":1.766708428,"data":"q=   4 l=1.414213562 alpha=1.414213562 rho=1.58113883 Efloor=0.13962039 1/l^3=0.35355339 orbit_err=1.011e-60\n"}
,{"stream_name":"stdout","time":1.8953025719999999,"data":"q=   5 l=1.618033989 alpha=2.065247584 rho=2.233574351 Efloor=0.060964077 1/l^3=0.23606798 orbit_err=1.711e-60\n"}
,{"stream_name":"stdout","time":2.024940668,"data":"q=   6 l=1.732050808 alpha=2.886751346 rho=3.055050463 Efloor=0.034785359 1/l^3=0.19245009 orbit_err=4.667e-60\n"}
,{"stream_name":"stdout","time":2.1698531819999998,"data":"q=   7 l=1.801937736 alpha=3.866899243 rho=4.034959111 Efloor=0.022781791 1/l^3=0.17091519 orbit_err=6.223e-60\n"}
,{"stream_name":"stdout","time":2.321689609,"data":"q=   8 l=1.847759065 alpha=5.002081095 rho=5.169905421 Efloor=0.016210407 1/l^3=0.15851267 orbit_err=1.431e-59\n"}
,{"stream_name":"stdout","time":2.505387677,"data":"q=  10 l=1.902113033 alpha=7.732560411 rho=7.900033196 Efloor=0.009530965 1/l^3=0.14530851 orbit_err=2.551e-59\n"}
,{"stream_name":"stdout","time":2.730431737,"data":"q=  13 l=1.941883635 alpha=12.97236054 rho=13.13953096 Efloor=0.0053074908 1/l^3=0.13656217 orbit_err=6.721e-59\n"}
,{"stream_name":"stdout","time":3.027440142,"data":"q=  18 l=1.969615506 alpha=24.74856441 rho=24.9155032 Efloor=0.0026554374 1/l^3=0.13087468 orbit_err=3.634e-58\n"}
,{"stream_name":"stdout","time":3.3847095,"data":"q=  22 l=1.979642884 alpha=36.90626512 rho=37.07311617 Efloor=0.001751256 1/l^3=0.128896 orbit_err=5.675e-58\n"}
,{"stream_name":"stdout","time":3.989636471,"data":"q=  40 l=1.993834667 alpha=121.7109233 rho=121.8776466 Efloor=0.00051873558 1/l^3=0.12616316 orbit_err=8.374e-57\n"}
,{"stream_name":"stdout","time":5.444540113,"data":"q= 100 l=1.999013121 alpha=760.0339576 rho=760.2006333 Efloor=8.2366314e-5 1/l^3=0.12518522 orbit_err=1.536e-55\n"}
,{"stream_name":"stdout","time":5.444623597,"data":"\n"}
,{"stream_name":"stdout","time":5.444635427,"data":"ASYMPTOTICS alpha*(4-l^2), rho*(4-l^2) -\u003e 3 :\n"}
,{"stream_name":"stdout","time":5.4446415120000005,"data":"  q=10: alpha*(4-l^2)=2.95357525683 rho*(4-l^2)=3.01754416853\n"}
,{"stream_name":"stdout","time":5.44481535,"data":"  q=40: alpha*(4-l^2)=2.99692686595 rho*(4-l^2)=3.00103214889\n"}
,{"stream_name":"stdout","time":5.445184346,"data":"  q=100: alpha*(4-l^2)=2.99950680397 rho*(4-l^2)=3.00016459718\n"}
,{"stream_name":"stdout","time":5.445324129,"data":"  q=1000: alpha*(4-l^2)=2.99999506523 rho*(4-l^2)=3.00000164494\n"}
,{"stream_name":"stdout","time":5.445336769,"data":"\n"}
,{"stream_name":"stdout","time":5.445342278,"data":"GATE at E=Efloor:  (1/l^3 - C0)/R  vs  cos(theta)  [equality by construction]:\n"}
,{"stream_name":"stdout","time":5.445641247,"data":"  q=5: lhs=0.809016994374947424102293417183 cos(th)=0.809016994374947424102293417183 diff=-2.3336307e-61\n"}
,{"stream_name":"stdout","time":5.4459079280000005,"data":"  q=7: lhs=0.900968867902419126236102319507 cos(th)=0.900968867902419126236102319507 diff=7.7787691e-62\n"}
,{"stream_name":"stdout","time":5.4461996,"data":"  q=13: lhs=0.970941817426052027156982276294 cos(th)=0.970941817426052027156982276294 diff=-1.5557538e-61\n"}
,{"stream_name":"stdout","time":5.446511092,"data":"  q=22: lhs=0.989821441880932732376092037777 cos(th)=0.989821441880932732376092037777 diff=0.0\n"}
,{"stream_name":"stdout","time":5.447082021,"data":"\n"}
,{"stream_name":"stdout","time":5.447098337,"data":"WROTE /kaggle/working/hsa_constants.json\n"}
,{"stream_name":"stderr","time":8.330951848,"data":"/usr/local/lib/python3.12/dist-packages/mistune.py:435: SyntaxWarning: invalid escape sequence '\\|'\n"}
,{"stream_name":"stderr","time":8.331034682,"data":"  cells[i][c] = re.sub('\\\\\\\\\\|', '|', cell)\n"}
,{"stream_name":"stderr","time":8.789576557,"data":"/usr/local/lib/python3.12/dist-packages/nbconvert/filters/filter_links.py:36: SyntaxWarning: invalid escape sequence '\\_'\n"}
,{"stream_name":"stderr","time":8.789645204,"data":"  text = re.sub(r'_', '\\_', text) # Escape underscores in display text\n"}
,{"stream_name":"stderr","time":10.573800782,"data":"[NbConvertApp] Converting notebook __script__.ipynb to html\n"}
,{"stream_name":"stderr","time":12.292561139,"data":"[NbConvertApp] Writing 301939 bytes to __results__.html\n"}
]