[{"stream_name":"stdout","time":4.82678485,"data":"   ━━━━━━━━━━━━━━━━━━━━━━━━━━━━━━━━━━━━━━━━ 10.1/10.1 MB 22.1 MB/s eta 0:00:00\n"}
,{"stream_name":"stdout","time":7.010474955,"data":"RUNNING: /usr/bin/python3 /Users/za/Documents/farey-hecke/research_notes/rh_goals_2026-08-14/lane_f/f7_certify_r3b_flagship.py --arcs 96:108 --workers 4 --receipt /kaggle/working/F7_R3B_CHUNK_08_RECEIPT.json --checkpoint /kaggle/working/F7_R3B_CHUNK_08_CHECKPOINT.json --report /kaggle/working/F7_R3B_CHUNK_08_CERT.md\n"}
,{"stream_name":"stdout","time":5448.865004129,"data":"N=256 event=ACCEPTED_ARC eval=1 accepted=1 pending=11\n"}
,{"stream_name":"stdout","time":5453.496894787,"data":"N=256 event=ACCEPTED_ARC eval=2 accepted=2 pending=10\n"}
,{"stream_name":"stdout","time":5465.342433986,"data":"N=256 event=ACCEPTED_ARC eval=3 accepted=3 pending=9\n"}
,{"stream_name":"stdout","time":5466.26589648,"data":"N=256 event=ACCEPTED_ARC eval=4 accepted=4 pending=8\n"}
,{"stream_name":"stdout","time":10454.080951326,"data":"N=256 event=ACCEPTED_ARC eval=5 accepted=5 pending=7\n"}
,{"stream_name":"stdout","time":10460.61022762,"data":"N=256 event=ACCEPTED_ARC eval=6 accepted=6 pending=6\n"}
,{"stream_name":"stdout","time":10462.532132397,"data":"N=256 event=ACCEPTED_ARC eval=7 accepted=7 pending=5\n"}
,{"stream_name":"stdout","time":10463.753683066,"data":"N=256 event=ACCEPTED_ARC eval=8 accepted=8 pending=4\n"}
,{"stream_name":"stdout","time":15427.566803943,"data":"N=256 event=ACCEPTED_ARC eval=9 accepted=9 pending=3\n"}
,{"stream_name":"stdout","time":15437.701522679,"data":"N=256 event=ACCEPTED_ARC eval=10 accepted=10 pending=2\n"}
,{"stream_name":"stdout","time":15438.190305733,"data":"N=256 event=ACCEPTED_ARC eval=11 accepted=11 pending=1\n"}
,{"stream_name":"stdout","time":15438.369158328,"data":"N=256 event=ACCEPTED_ARC eval=12 accepted=12 pending=0\n"}
,{"stream_name":"stdout","time":17341.345036389,"data":"N=224 event=FAILURE eval=1 accepted=0 pending=191\n"}
,{"stream_name":"stdout","time":17341.502258695,"data":"{\n"}
,{"stream_name":"stdout","time":17341.502285124,"data":"  \"verdict\": \"THEOREM-GRADE closed-contour NO at N=256\",\n"}
,{"stream_name":"stdout","time":17341.502291664,"data":"  \"receipt\": \"/kaggle/working/F7_R3B_CHUNK_08_RECEIPT.json\",\n"}
,{"stream_name":"stdout","time":17341.502296984,"data":"  \"checkpoint\": \"/kaggle/working/F7_R3B_CHUNK_08_CHECKPOINT.json\",\n"}
,{"stream_name":"stdout","time":17341.502302864,"data":"  \"report\": \"/kaggle/working/F7_R3B_CHUNK_08_CERT.md\"\n"}
,{"stream_name":"stdout","time":17341.502307534,"data":"}\n"}
,{"stream_name":"stdout","time":17341.607849721,"data":"EXIT CODE: 0   wall_seconds: 17334.59737443924\n"}
,{"stream_name":"stderr","time":17343.417098823,"data":"/usr/local/lib/python3.12/dist-packages/mistune.py:435: SyntaxWarning: invalid escape sequence '\\|'\n"}
,{"stream_name":"stderr","time":17343.417242063,"data":"  cells[i][c] = re.sub('\\\\\\\\\\|', '|', cell)\n"}
,{"stream_name":"stderr","time":17343.645388076,"data":"/usr/local/lib/python3.12/dist-packages/nbconvert/filters/filter_links.py:36: SyntaxWarning: invalid escape sequence '\\_'\n"}
,{"stream_name":"stderr","time":17343.645449196,"data":"  text = re.sub(r'_', '\\_', text) # Escape underscores in display text\n"}
,{"stream_name":"stderr","time":17344.330480164,"data":"[NbConvertApp] Converting notebook __script__.ipynb to html\n"}
,{"stream_name":"stderr","time":17345.3928938,"data":"[NbConvertApp] Writing 565688 bytes to __results__.html\n"}
]