=== A1: MUSIC sample-optimality test ===
True L-zero phases: trivial=0.0°, Weil-RH=135.0°

  N  M(subarr)     θ_triv     θ_weil   err_triv   err_weil
  6          3    136.600     -4.100    136.600    130.900
  7          3    134.800     -3.200    134.800    131.800
  8          4    132.900     -2.800    132.900    132.200
  9          4    133.700     -2.200    133.700    132.800
 10          5    135.600     -1.700    135.600    133.300
 11          5    135.400     -1.400    135.400    133.600
 12          6    133.900     -1.100    133.900    133.900
 13          6    133.900     -1.000    133.900    134.000
 14          7    135.500     -0.800    135.500    134.200
 15          7    135.600     -0.700    135.600    134.300
 16          8    135.200     -0.500    135.200    134.500
 17          8    135.100     -0.500    135.100    134.500
 18          9    134.800     -0.400    134.800    134.600
 19          9    134.900     -0.400    134.900    134.600
 20         10    135.400     -0.300    135.400    134.700
 21         10    135.400     -0.300    135.400    134.700
 22         11    135.000     -0.200    135.000    134.800

=== Verdict ===
At minimum N=6: err_weil = 130.90°
At maximum N=22: err_weil = 134.8000°
Decay factor: 1.0× over N factor 3.7
Roughly monotone decay (3-step): False
