=== A1b: MUSIC/Prony/Matrix-Pencil at minimum N=2d=4 ===
True Weil zero phase: 135°
True trivial zero phase: 0°

--- N=4 ---
  Prony poles:
    +1.1355-0.1062i  |p|=1.1404  arg=-5.34°
    -0.6069+0.4800i  |p|=0.7737  arg=+141.66°
  Matrix Pencil poles:

--- N=5 ---
  Prony poles:
    +1.0694-0.0817i  |p|=1.0726  arg=-4.37°
    -0.5575+0.5318i  |p|=0.7704  arg=+136.35°
  Matrix Pencil poles:
  MUSIC peaks:

--- N=6 ---
  Prony poles:
    +1.0366-0.0764i  |p|=1.0394  arg=-4.21°
    -0.5647+0.5059i  |p|=0.7582  arg=+138.14°
  Matrix Pencil poles:
    +1.0000+0.0000i  |p|=1.0000  arg=+0.00°
    +0.5000-0.5000i  |p|=0.7071  arg=-45.00°
  MUSIC peaks:
    arg=-4.10°  P=4.216e+02
    arg=+136.60°  P=1.040e+01

--- N=8 ---
  Prony poles:
    +1.0216-0.0535i  |p|=1.0230  arg=-3.00°
    -0.5557+0.5244i  |p|=0.7640  arg=+136.66°
  Matrix Pencil poles:
    +0.9940-0.0235i  |p|=0.9943  arg=-1.35°
    -0.5022+0.4930i  |p|=0.7037  arg=+135.53°
  MUSIC peaks:
    arg=-2.80°  P=7.357e+02
    arg=+132.90°  P=2.463e+00

--- N=10 ---
  Prony poles:
    +1.0158-0.0347i  |p|=1.0164  arg=-1.96°
    -0.5529+0.5375i  |p|=0.7710  arg=+135.81°
  Matrix Pencil poles:
    -0.3097+1.4558i  |p|=1.4884  arg=+102.01°
    -1.3024-0.7183i  |p|=1.4874  arg=-151.12°
  MUSIC peaks:
    arg=-1.70°  P=4.341e+02
    arg=+135.60°  P=1.610e+00

--- N=14 ---
  Prony poles:
    +1.0127-0.0234i  |p|=1.0130  arg=-1.32°
    -0.5562+0.5414i  |p|=0.7762  arg=+135.77°
  Matrix Pencil poles:
    +1.0044-0.0008i  |p|=1.0044  arg=-0.04°
    -0.6405+0.6424i  |p|=0.9071  arg=+134.91°
  MUSIC peaks:
    arg=-0.80°  P=4.378e+02
    arg=+135.50°  P=7.244e-01

--- N=22 ---
  Prony poles:
    +1.0070-0.0137i  |p|=1.0071  arg=-0.78°
    -0.5567+0.5488i  |p|=0.7817  arg=+135.41°
  Matrix Pencil poles:
    -0.7450+0.7290i  |p|=1.0423  arg=+135.62°
    +0.9999-0.0000i  |p|=0.9999  arg=-0.00°
  MUSIC peaks:
    arg=-0.20°  P=4.609e+02
    arg=+135.00°  P=3.769e-01

