=== A4: Cluster size distribution + conditional persistence ===

N=5000, q=0.999: θ_runs=0.5033, mean_cluster=1.987, P(next>u | current>u)=0.4968
  Cluster size distribution:
    size= 1: count=    50 frac=0.0131  geometric_pred=0.5033
    size= 2: count=  3775 frac=0.9869  geometric_pred=0.2500

N=5000, q=0.9999: θ_runs=0.5066, mean_cluster=1.974, P(next>u | current>u)=0.4941
  Cluster size distribution:
    size= 1: count=    10 frac=0.0260  geometric_pred=0.5066
    size= 2: count=   375 frac=0.9740  geometric_pred=0.2500

N=10000, q=0.999: θ_runs=0.5042, mean_cluster=1.983, P(next>u | current>u)=0.4958
  Cluster size distribution:
    size= 1: count=   258 frac=0.0168  geometric_pred=0.5042
    size= 2: count= 15069 frac=0.9832  geometric_pred=0.2500

N=10000, q=0.9999: θ_runs=0.5020, mean_cluster=1.992, P(next>u | current>u)=0.4982
  Cluster size distribution:
    size= 1: count=    12 frac=0.0079  geometric_pred=0.5020
    size= 2: count=  1513 frac=0.9921  geometric_pred=0.2500

N=30000, q=0.999: θ_runs=0.5040, mean_cluster=1.984, P(next>u | current>u)=0.4960
  Cluster size distribution:
    size= 1: count=  2195 frac=0.0159  geometric_pred=0.5040
    size= 2: count=135688 frac=0.9841  geometric_pred=0.2500

N=30000, q=0.9999: θ_runs=0.5018, mean_cluster=1.993, P(next>u | current>u)=0.4982
  Cluster size distribution:
    size= 1: count=    97 frac=0.0071  geometric_pred=0.5018
    size= 2: count= 13630 frac=0.9929  geometric_pred=0.2500

