Bias signal: 500 log-samples to X=1e+07
  Sieve+counting wallclock: 1.8s
  Δn = 0.02303
  Nyquist γ_max = π/Δn = 136.44

--- n_sources = 3 ---
  γ ≈  6.0445  P = 1.839e+00
  γ ≈ 13.0165  P = 7.132e-01
  γ ≈ 10.2963  P = 3.509e-01
  γ ≈  8.7341  P = 4.266e-03
  γ ≈  7.6129  P = 4.242e-03
  γ ≈ 11.6625  P = 4.239e-03
  γ ≈  4.4761  P = 4.222e-03
  γ ≈ 14.5849  P = 4.201e-03
--- n_sources = 5 ---
  γ ≈  6.0445  P = 2.578e+00
  γ ≈ 10.2963  P = 1.711e+00
  γ ≈ 13.0165  P = 1.251e+00
  γ ≈ 16.4167  P = 9.439e-02
  γ ≈ 23.2601  P = 1.146e-02
  γ ≈ 21.6794  P = 6.916e-03
  γ ≈ 18.1383  P = 5.159e-03
  γ ≈ 14.7074  P = 4.371e-03
--- n_sources = 7 ---
  γ ≈ 10.2963  P = 4.728e+00
  γ ≈  6.0445  P = 2.905e+00
  γ ≈ 13.0165  P = 1.331e+00
  γ ≈ 16.3983  P = 6.203e-01
  γ ≈ 18.3343  P = 1.012e-01
  γ ≈ 23.2601  P = 1.206e-02
  γ ≈ 21.6059  P = 9.333e-03
  γ ≈ 14.7013  P = 4.451e-03

Truth (first 8 L(s, χ_4) zeros γ_n): [6.02, 10.24, 12.99, 16.34, 17.94, 21.16, 22.92, 25.41]
