=== Phase D-robust: precision vs X, multiple characters ===

--- L(s, χ_4) — Chebyshev 1853 ---
  X=1e+07, sieve+sum 1.4s, Δn=0.0230
    γ_MUSIC=  6.045, γ_truth= 6.020, err= 0.41%, P=2.58e+00
    γ_MUSIC= 10.296, γ_truth=10.240, err= 0.55%, P=1.71e+00
    γ_MUSIC= 13.017, γ_truth=12.990, err= 0.20%, P=1.25e+00
    γ_MUSIC= 16.417, γ_truth=16.340, err= 0.47%, P=9.44e-02
    γ_MUSIC= 23.260, γ_truth=21.160, err= 9.92%, P=1.15e-02
    γ_MUSIC= 21.679, γ_truth=17.940, err=20.84%, P=6.92e-03
    γ_MUSIC= 18.138, (no truth match), P=5.16e-03
    γ_MUSIC= 14.707, (no truth match), P=4.37e-03
  X=1e+08, sieve+sum 15.5s, Δn=0.0276
    γ_MUSIC=  6.051, γ_truth= 6.020, err= 0.51%, P=7.92e+00
    γ_MUSIC= 10.272, γ_truth=10.240, err= 0.31%, P=1.98e+00
    γ_MUSIC= 12.998, γ_truth=12.990, err= 0.06%, P=8.04e-01
    γ_MUSIC= 16.392, γ_truth=16.340, err= 0.32%, P=4.32e-01
    γ_MUSIC= 18.328, γ_truth=17.940, err= 2.16%, P=3.80e-02
    γ_MUSIC= 21.496, γ_truth=21.160, err= 1.59%, P=4.65e-03
    γ_MUSIC= 11.644, (no truth match), P=4.47e-03
    γ_MUSIC= 14.272, (no truth match), P=4.29e-03

--- L(s, χ_3) ---
  X=1e+07, sieve+sum 1.4s, Δn=0.0230
    γ_MUSIC=  8.048, γ_truth= 8.040, err= 0.10%, P=1.00e+01
    γ_MUSIC= 11.252, γ_truth=11.250, err= 0.02%, P=4.11e+00
    γ_MUSIC= 15.694, γ_truth=15.710, err= 0.10%, P=6.03e-01
    γ_MUSIC= 18.291, γ_truth=18.270, err= 0.12%, P=3.38e-01
    γ_MUSIC= 20.485, (no truth match), P=3.86e-02
    γ_MUSIC= 24.179, (no truth match), P=4.63e-03
    γ_MUSIC=  9.647, (no truth match), P=4.40e-03
    γ_MUSIC= 14.089, (no truth match), P=4.28e-03
  X=1e+08, sieve+sum 15.4s, Δn=0.0276
    γ_MUSIC=  8.048, γ_truth= 8.040, err= 0.10%, P=2.18e+00
    γ_MUSIC= 15.749, γ_truth=15.710, err= 0.25%, P=1.42e+00
    γ_MUSIC= 11.270, γ_truth=11.250, err= 0.18%, P=1.25e+00
    γ_MUSIC= 18.316, γ_truth=18.270, err= 0.25%, P=4.27e-01
    γ_MUSIC= 20.509, (no truth match), P=1.14e-01
    γ_MUSIC= 17.048, (no truth match), P=4.36e-03
    γ_MUSIC= 12.563, (no truth match), P=4.29e-03
    γ_MUSIC= 14.432, (no truth match), P=4.25e-03

