=== Phase D-modular EXACT: MUSIC on Ramanujan Δ L-function ===
Target: γ_1≈9.22, γ_2≈13.91, γ_3≈17.44, γ_4≈19.66, γ_5≈22.34, γ_6≈25.98

Computing τ(1..5000) via E_4, E_6 exact (big-int)...
  Done in 3.6s
  τ(1..8) = [1, -24, 252, -1472, 4830, -6048, -16744, 84480]
  expected = [1, -24, 252, -1472, 4830, -6048, -16744, 84480]
  ✓ EXACT match
  primes ≤ 5000: 669
  |λ(p)| range: [0.0010, 1.9514]  (Deligne ≤ 2)
  Signal: range [-26.1413, 57.5043], Δn=0.0196, Nyquist γ=160.6

--- n_sources=3 (top 8 peaks) ---
  γ_MUSIC=  9.254  γ_truth= 9.220  err= 0.37%  P=3.51e-02  ← MATCH
  γ_MUSIC= 21.298  γ_truth=22.340  err= 4.66%  P=2.13e-02  ← MATCH
  γ_MUSIC= 14.147  γ_truth=13.910  err= 1.70%  P=1.53e-02  ← MATCH
  γ_MUSIC= 25.677  γ_truth=25.980  err= 1.17%  P=1.07e-02  ← MATCH

--- n_sources=5 (top 8 peaks) ---
  γ_MUSIC=  9.096  γ_truth= 9.220  err= 1.35%  P=8.46e-02  ← MATCH
  γ_MUSIC= 21.205  P=4.48e-02  (no close truth)
  γ_MUSIC= 14.838  P=3.31e-02  (no close truth)
  γ_MUSIC= 25.733  γ_truth=25.980  err= 0.95%  P=1.08e-02  ← MATCH

--- n_sources=7 (top 8 peaks) ---
  γ_MUSIC=  9.012  γ_truth= 9.220  err= 2.26%  P=1.77e-01  ← MATCH
  γ_MUSIC= 21.233  γ_truth=22.340  err= 4.95%  P=6.63e-02  ← MATCH
  γ_MUSIC= 14.847  P=4.73e-02  (no close truth)
  γ_MUSIC= 28.768  P=1.22e-02  (no close truth)
