=== Phase D-modular FAST: MUSIC on Ramanujan Δ L-function ===
Target: γ_1≈9.22, γ_2≈13.91, γ_3≈17.44, γ_4≈19.66, γ_5≈22.34, γ_6≈25.98

Computing τ(1..500000) via E_4, E_6 + FFT...
  Done in 2.3s
  τ(1..6) = [3599624403055742132228665489151788338666633428992, -23762934029195051536148568838226055655183223881728, -6549692522853306199313415767757267549527138631680, -13153514735978126263833163494446547176903392886784, -6035460465273914095259545088247895748967881768960, -13397098342199942551484301210761322925096660107264]  (expected: 1, -24, 252, -1472, 4830, -6048)
  τ(N) = -8085622484307541655731468019285247525693666885632
  primes ≤ 500000: 41538
  Signal: range [-2677278067682020495961037169754112.0000, 76992026855461740929303765881716736.0000], Δn=0.0124
  Nyquist γ = 252.76

--- n_sources=3 ---
  γ_MUSIC=  3.765  γ_truth= 9.220  err=59.17%  P=5.49e-03
  γ_MUSIC=  6.117  γ_truth=13.910  err=56.02%  P=5.17e-03
  γ_MUSIC= 22.083  γ_truth=22.340  err= 1.15%  P=4.27e-03

--- n_sources=5 ---
  γ_MUSIC=  3.811  γ_truth= 9.220  err=58.66%  P=5.54e-03
  γ_MUSIC=  6.295  γ_truth=13.910  err=54.75%  P=5.28e-03
  γ_MUSIC= 20.804  γ_truth=19.660  err= 5.82%  P=4.70e-03

--- n_sources=7 ---
  γ_MUSIC=  3.821  γ_truth= 9.220  err=58.56%  P=5.56e-03
  γ_MUSIC=  6.341  γ_truth=13.910  err=54.41%  P=5.31e-03
  γ_MUSIC= 20.738  γ_truth=19.660  err= 5.48%  P=4.88e-03

