τ done at N=15000 in 32.6s
primes ≤ 15000: 1754

--- n_sources=5 (top 10) ---
  γ=  9.226 truth= 9.220 err= 0.06% P=3.72e-02 ← MATCH
  γ= 13.924 truth=13.910 err= 0.10% P=2.16e-02 ← MATCH
  γ= 25.974 truth=25.980 err= 0.02% P=1.17e-02 ← MATCH
  γ= 19.161 truth=19.660 err= 2.54% P=1.11e-02 ← MATCH
  γ= 22.956 truth=22.340 err= 2.76% P=7.59e-03 ← MATCH
  γ= 29.573 P=7.57e-03 (no match)
  γ=  5.102 P=5.96e-03 (no match)

--- n_sources=7 (top 10) ---
  γ=  9.226 truth= 9.220 err= 0.06% P=3.89e-02 ← MATCH
  γ= 13.910 truth=13.910 err= 0.00% P=2.45e-02 ← MATCH
  γ= 25.960 truth=25.980 err= 0.08% P=1.21e-02 ← MATCH
  γ= 19.182 truth=19.660 err= 2.43% P=1.18e-02 ← MATCH
  γ= 22.942 truth=22.340 err= 2.70% P=7.72e-03 ← MATCH
  γ=  4.710 P=6.14e-03 (no match)

--- n_sources=10 (top 10) ---
  γ=  9.212 truth= 9.220 err= 0.09% P=4.00e-02 ← MATCH
  γ= 13.896 truth=13.910 err= 0.10% P=3.05e-02 ← MATCH
  γ= 19.224 truth=19.660 err= 2.22% P=1.28e-02 ← MATCH
  γ= 25.960 truth=25.980 err= 0.08% P=1.23e-02 ← MATCH
  γ= 22.921 truth=22.340 err= 2.60% P=7.77e-03 ← MATCH
