=== MUSIC on Sym² Δ — degree-3 L-function ===

τ done in 32.5s

Signal range: [-205.387, 58.993], Δn=0.0125

--- n_sources=5 (top 10 peaks) ---
  γ_MUSIC =   7.216  P = 6.900e-02
  γ_MUSIC =  10.255  P = 4.806e-02
  γ_MUSIC =  23.586  P = 1.221e-02
  γ_MUSIC =  29.930  P = 5.917e-03
  γ_MUSIC =  17.012  P = 5.812e-03
  γ_MUSIC =  19.868  P = 5.423e-03

--- n_sources=7 (top 10 peaks) ---
  γ_MUSIC =  10.556  P = 1.914e-01
  γ_MUSIC =   7.244  P = 9.040e-02
  γ_MUSIC =  16.144  P = 6.371e-02
  γ_MUSIC =  23.530  P = 1.253e-02
  γ_MUSIC =  29.930  P = 6.059e-03
  γ_MUSIC =  19.791  P = 5.584e-03

--- n_sources=10 (top 10 peaks) ---
  γ_MUSIC =  10.542  P = 2.297e-01
  γ_MUSIC =  16.144  P = 1.322e-01
  γ_MUSIC =   7.251  P = 1.055e-01
  γ_MUSIC =   2.651  P = 1.013e-01
  γ_MUSIC =  23.278  P = 1.744e-02
  γ_MUSIC =  29.881  P = 7.089e-03

--- n_sources=15 (top 10 peaks) ---
  γ_MUSIC =  16.032  P = 7.703e-01
  γ_MUSIC =  12.209  P = 3.358e-01
  γ_MUSIC =  10.381  P = 2.948e-01
  γ_MUSIC =   3.022  P = 2.425e-01
  γ_MUSIC =   7.195  P = 1.691e-01
  γ_MUSIC =  29.594  P = 1.492e-01
  γ_MUSIC =  21.787  P = 1.135e-01

(Comparison with predicted Sym² Δ zeros pending MiMo N13 response)
