=== MUSIC on Sym³ Δ — degree-4 L-function ===

τ done in 32.4s
Signal range: [-256.030, 97.251], Δn=0.0125

--- n_sources=5 (top 10) ---
  γ =   3.442  P = 1.077e-01
  γ =   6.341  P = 4.679e-02
  γ =  28.439  P = 1.011e-02
  γ =  16.795  P = 8.453e-03
  γ =  14.120  P = 7.964e-03
  γ =  20.268  P = 5.560e-03
  γ =  22.844  P = 5.313e-03

--- n_sources=7 (top 10) ---
  γ =   3.414  P = 1.305e-01
  γ =   6.355  P = 4.789e-02
  γ =  28.425  P = 1.019e-02
  γ =  16.809  P = 8.518e-03
  γ =  14.113  P = 7.994e-03
  γ =  20.226  P = 5.601e-03
  γ =  10.619  P = 5.584e-03
  γ =  22.879  P = 5.332e-03

--- n_sources=10 (top 10) ---
  γ =   3.316  P = 8.159e-01
  γ =  19.063  P = 9.563e-02
  γ =   6.138  P = 7.029e-02
  γ =  28.285  P = 1.114e-02
  γ =  12.433  P = 1.111e-02
  γ =  25.106  P = 7.773e-03

--- n_sources=15 (top 10) ---
  γ =   3.358  P = 1.748e+00
  γ =   8.498  P = 6.966e-01
  γ =   6.047  P = 1.649e-01
  γ =  19.056  P = 1.063e-01
  γ =  11.319  P = 9.756e-02
  γ =  24.553  P = 3.898e-02
  γ =  28.285  P = 1.129e-02
