(q=3, M=T²-1) data: N=14, Phi=4, units=[(1,), (2,), (0, 1), (0, 2)], squares={(1,)}

LHS_n(A) at n=1..min(8,N):
n= 1:  A=(1,): +1.7321  A=(2,): +1.7321  A=(0, 1): -0.5774  A=(0, 2): +1.7321
n= 2:  A=(1,): +2.7321  A=(2,): +1.3987  A=(0, 1): -0.9107  A=(0, 2): +1.3987
n= 3:  A=(1,): +2.7321  A=(2,): +1.3987  A=(0, 1): -0.9107  A=(0, 2): +1.3987
n= 4:  A=(1,): +3.3987  A=(2,): +1.1765  A=(0, 1): -1.1329  A=(0, 2): +1.1765
n= 5:  A=(1,): +3.3987  A=(2,): +1.1765  A=(0, 1): -1.1329  A=(0, 2): +1.1765
n= 6:  A=(1,): +3.8432  A=(2,): +1.0283  A=(0, 1): -1.2811  A=(0, 2): +1.0283
n= 7:  A=(1,): +3.8432  A=(2,): +1.0283  A=(0, 1): -1.2811  A=(0, 2): +1.0283
n= 8:  A=(1,): +4.2135  A=(2,): +0.9049  A=(0, 1): -1.4045  A=(0, 2): +0.9049

--- chi_(1, 0): signal (first 8) ---
  n=1: -2.30940 + +0.00000i  (|.|=2.30940)
  n=2: -0.97607 + +0.00000i  (|.|=0.97607)
  n=3: -0.97607 + +0.00000i  (|.|=0.97607)
  n=4: -0.08718 + +0.00000i  (|.|=0.08718)
  n=5: -0.08718 + +0.00000i  (|.|=0.08718)
  n=6: +0.50541 + +0.00000i  (|.|=0.50541)
  n=7: +0.50541 + +0.00000i  (|.|=0.50541)
  n=8: +0.99924 + +0.00000i  (|.|=0.99924)
  MUSIC n_sources=1: peak at θ =   +0.000° (P = 9.39e-01)

--- chi_(0, 1): signal (first 8) ---
  n=1: +2.30940 + +0.00000i  (|.|=2.30940)
  n=2: +3.64273 + +0.00000i  (|.|=3.64273)
  n=3: +3.64273 + +0.00000i  (|.|=3.64273)
  n=4: +4.53162 + +0.00000i  (|.|=4.53162)
  n=5: +4.53162 + +0.00000i  (|.|=4.53162)
  n=6: +5.12422 + +0.00000i  (|.|=5.12422)
  n=7: +5.12422 + +0.00000i  (|.|=5.12422)
  n=8: +5.61804 + +0.00000i  (|.|=5.61804)
  MUSIC n_sources=1: peak at θ =   +0.000° (P = 1.48e+01)

--- chi_(1, 1): signal (first 8) ---
  n=1: +2.30940 + +0.00000i  (|.|=2.30940)
  n=2: +3.64273 + +0.00000i  (|.|=3.64273)
  n=3: +3.64273 + +0.00000i  (|.|=3.64273)
  n=4: +4.53162 + +0.00000i  (|.|=4.53162)
  n=5: +4.53162 + +0.00000i  (|.|=4.53162)
  n=6: +5.12422 + +0.00000i  (|.|=5.12422)
  n=7: +5.12422 + +0.00000i  (|.|=5.12422)
  n=8: +5.61804 + +0.00000i  (|.|=5.61804)
  MUSIC n_sources=1: peak at θ =   +0.000° (P = 1.48e+01)

--- Direct L-values for comparison (from lfunc.py output) ---
  chi[1]: L(1/√3) = 0.42265 + 0i = 1 - 1/√3 (real)
  chi[2]: L(1/√3) = 1.57735 + 0i = 1 + 1/√3 (real)
  chi[3]: L(1/√3) = 0.42265 + 0i

For degree-1 L-poly L(u, chi) = a + b·u, single zero at u = -a/b.
Expected phase of zero (in arg): depends on sign of a/b.
All real → zero is at u = -a/b real → phase 0° or 180°.
