E8 prediction: θ = 1 - ρ² = 1 - (1/2)² = 3/4 = 0.75

     N     |gaps|  u_quantile    #excd   #cluster      θ_hat
  2000    1216588      0.9900    12165       6254     0.5141
  2000    1216588      0.9950     6082       3083     0.5069
  2000    1216588      0.9990     1216        611     0.5025
  2000    1216588      0.9999      120         61     0.5083
  wall 0.5s

  5000    7600458      0.9900    76004      38989     0.5130
  5000    7600458      0.9950    38002      19341     0.5089
  5000    7600458      0.9990     7600       3825     0.5033
  5000    7600458      0.9999      760        385     0.5066
  wall 3.3s

 10000   30397486      0.9900   303974     155819     0.5126
 10000   30397486      0.9950   151987      77354     0.5090
 10000   30397486      0.9990    30396      15327     0.5042
 10000   30397486      0.9999     3038       1525     0.5020
  wall 14.2s

 20000  121590396      0.9900  1215903     623414     0.5127
 20000  121590396      0.9950   607951     309271     0.5087
 20000  121590396      0.9990   121590      61293     0.5041
 20000  121590396      0.9999    12159       6093     0.5011
  wall 61.4s

 30000  273571774      0.9900  2735717    1402639     0.5127
 30000  273571774      0.9950  1367858     695931     0.5088
 30000  273571774      0.9990   273571     137883     0.5040
 30000  273571774      0.9999    27357      13727     0.5018
  wall 153.8s

