[{"stream_name":"stdout","time":5.563511972,"data":"   ━━━━━━━━━━━━━━━━━━━━━━━━━━━━━━━━━━━━━━━━ 10.1/10.1 MB 59.7 MB/s eta 0:00:00\n"}
,{"stream_name":"stdout","time":8.543164493999999,"data":"RUNNING: /usr/bin/python3 /Users/za/Documents/farey-hecke/research_notes/rh_goals_2026-08-14/lane_f/f7_certify_r3b_flagship.py --arcs 144:156 --workers 4 --receipt /kaggle/working/F7_R3B_CHUNK_12_RECEIPT.json --checkpoint /kaggle/working/F7_R3B_CHUNK_12_CHECKPOINT.json --report /kaggle/working/F7_R3B_CHUNK_12_CERT.md\n"}
,{"stream_name":"stdout","time":9140.629623002,"data":"N=256 event=ACCEPTED_ARC eval=1 accepted=1 pending=11\n"}
,{"stream_name":"stdout","time":9152.328839776,"data":"N=256 event=ACCEPTED_ARC eval=2 accepted=2 pending=10\n"}
,{"stream_name":"stdout","time":9175.989314699,"data":"N=256 event=ACCEPTED_ARC eval=3 accepted=3 pending=9\n"}
,{"stream_name":"stdout","time":9177.357577018,"data":"N=256 event=ACCEPTED_ARC eval=4 accepted=4 pending=8\n"}
,{"stream_name":"stdout","time":17963.916015277,"data":"N=256 event=ACCEPTED_ARC eval=5 accepted=5 pending=7\n"}
,{"stream_name":"stdout","time":17975.734447246,"data":"N=256 event=ACCEPTED_ARC eval=6 accepted=6 pending=6\n"}
,{"stream_name":"stdout","time":18002.772572243,"data":"N=256 event=ACCEPTED_ARC eval=7 accepted=7 pending=5\n"}
,{"stream_name":"stdout","time":18015.673306778,"data":"N=256 event=ACCEPTED_ARC eval=8 accepted=8 pending=4\n"}
,{"stream_name":"stdout","time":26815.366877811,"data":"N=256 event=ACCEPTED_ARC eval=9 accepted=9 pending=3\n"}
,{"stream_name":"stdout","time":26837.429835152,"data":"N=256 event=ACCEPTED_ARC eval=10 accepted=10 pending=2\n"}
,{"stream_name":"stdout","time":26838.461656376,"data":"N=256 event=ACCEPTED_ARC eval=11 accepted=11 pending=1\n"}
,{"stream_name":"stdout","time":26854.410999965,"data":"N=256 event=ACCEPTED_ARC eval=12 accepted=12 pending=0\n"}
,{"stream_name":"stdout","time":30122.913068347,"data":"N=224 event=FAILURE eval=1 accepted=0 pending=191\n"}
,{"stream_name":"stdout","time":30123.162719419,"data":"{\n"}
,{"stream_name":"stdout","time":30123.162761005,"data":"  \"verdict\": \"THEOREM-GRADE closed-contour NO at N=256\",\n"}
,{"stream_name":"stdout","time":30123.162766842,"data":"  \"receipt\": \"/kaggle/working/F7_R3B_CHUNK_12_RECEIPT.json\",\n"}
,{"stream_name":"stdout","time":30123.162771053,"data":"  \"checkpoint\": \"/kaggle/working/F7_R3B_CHUNK_12_CHECKPOINT.json\",\n"}
,{"stream_name":"stdout","time":30123.162775004,"data":"  \"report\": \"/kaggle/working/F7_R3B_CHUNK_12_CERT.md\"\n"}
,{"stream_name":"stdout","time":30123.162778962,"data":"}\n"}
,{"stream_name":"stdout","time":30123.284994566,"data":"EXIT CODE: 0   wall_seconds: 30114.74133706093\n"}
,{"stream_name":"stderr","time":30126.135358532,"data":"/usr/local/lib/python3.12/dist-packages/mistune.py:435: SyntaxWarning: invalid escape sequence '\\|'\n"}
,{"stream_name":"stderr","time":30126.135527863,"data":"  cells[i][c] = re.sub('\\\\\\\\\\|', '|', cell)\n"}
,{"stream_name":"stderr","time":30126.539893428,"data":"/usr/local/lib/python3.12/dist-packages/nbconvert/filters/filter_links.py:36: SyntaxWarning: invalid escape sequence '\\_'\n"}
,{"stream_name":"stderr","time":30126.539935069,"data":"  text = re.sub(r'_', '\\_', text) # Escape underscores in display text\n"}
,{"stream_name":"stderr","time":30127.554290476,"data":"[NbConvertApp] Converting notebook __script__.ipynb to html\n"}
,{"stream_name":"stderr","time":30129.259041658,"data":"[NbConvertApp] Writing 565690 bytes to __results__.html\n"}
]